Archive member included to satisfy reference by file (symbol)

/home/wcnes/gcc-arm-none-eabi-9-2020-q2-update/bin/../lib/gcc/arm-none-eabi/9.3.1/../../../../arm-none-eabi/lib/thumb/v7e-m+fp/hard/libc_nano.a(lib_a-exit.o)
                              /home/wcnes/gcc-arm-none-eabi-9-2020-q2-update/bin/../lib/gcc/arm-none-eabi/9.3.1/../../../../arm-none-eabi/lib/thumb/v7e-m+fp/hard/crt0.o (exit)
/home/wcnes/gcc-arm-none-eabi-9-2020-q2-update/bin/../lib/gcc/arm-none-eabi/9.3.1/../../../../arm-none-eabi/lib/thumb/v7e-m+fp/hard/libc_nano.a(lib_a-impure.o)
                              /home/wcnes/gcc-arm-none-eabi-9-2020-q2-update/bin/../lib/gcc/arm-none-eabi/9.3.1/../../../../arm-none-eabi/lib/thumb/v7e-m+fp/hard/libc_nano.a(lib_a-exit.o) (_global_impure_ptr)
/home/wcnes/gcc-arm-none-eabi-9-2020-q2-update/bin/../lib/gcc/arm-none-eabi/9.3.1/../../../../arm-none-eabi/lib/thumb/v7e-m+fp/hard/libc_nano.a(lib_a-init.o)
                              /home/wcnes/gcc-arm-none-eabi-9-2020-q2-update/bin/../lib/gcc/arm-none-eabi/9.3.1/../../../../arm-none-eabi/lib/thumb/v7e-m+fp/hard/crt0.o (__libc_init_array)
/home/wcnes/gcc-arm-none-eabi-9-2020-q2-update/bin/../lib/gcc/arm-none-eabi/9.3.1/../../../../arm-none-eabi/lib/thumb/v7e-m+fp/hard/libc_nano.a(lib_a-memset.o)
                              /home/wcnes/gcc-arm-none-eabi-9-2020-q2-update/bin/../lib/gcc/arm-none-eabi/9.3.1/../../../../arm-none-eabi/lib/thumb/v7e-m+fp/hard/crt0.o (memset)
/home/wcnes/gcc-arm-none-eabi-9-2020-q2-update/bin/../lib/gcc/arm-none-eabi/9.3.1/../../../../arm-none-eabi/lib/thumb/v7e-m+fp/hard/libnosys.a(_exit.o)
                              /home/wcnes/gcc-arm-none-eabi-9-2020-q2-update/bin/../lib/gcc/arm-none-eabi/9.3.1/../../../../arm-none-eabi/lib/thumb/v7e-m+fp/hard/libc_nano.a(lib_a-exit.o) (_exit)
/home/wcnes/gcc-arm-none-eabi-9-2020-q2-update/bin/../lib/gcc/arm-none-eabi/9.3.1/thumb/v7e-m+fp/hard/libgcc.a(_aeabi_ldivmod.o)
                              build/nrf52840/dk/obj/nrfx_wdt.o (__aeabi_ldivmod)
/home/wcnes/gcc-arm-none-eabi-9-2020-q2-update/bin/../lib/gcc/arm-none-eabi/9.3.1/thumb/v7e-m+fp/hard/libgcc.a(_aeabi_uldivmod.o)
                              build/nrf52840/dk/obj/nrfx_wdt.o (__aeabi_uldivmod)
/home/wcnes/gcc-arm-none-eabi-9-2020-q2-update/bin/../lib/gcc/arm-none-eabi/9.3.1/thumb/v7e-m+fp/hard/libgcc.a(_udivmoddi4.o)
                              /home/wcnes/gcc-arm-none-eabi-9-2020-q2-update/bin/../lib/gcc/arm-none-eabi/9.3.1/thumb/v7e-m+fp/hard/libgcc.a(_aeabi_ldivmod.o) (__udivmoddi4)
/home/wcnes/gcc-arm-none-eabi-9-2020-q2-update/bin/../lib/gcc/arm-none-eabi/9.3.1/thumb/v7e-m+fp/hard/libgcc.a(_dvmd_tls.o)
                              /home/wcnes/gcc-arm-none-eabi-9-2020-q2-update/bin/../lib/gcc/arm-none-eabi/9.3.1/thumb/v7e-m+fp/hard/libgcc.a(_aeabi_ldivmod.o) (__aeabi_ldiv0)
/home/wcnes/gcc-arm-none-eabi-9-2020-q2-update/bin/../lib/gcc/arm-none-eabi/9.3.1/../../../../arm-none-eabi/lib/thumb/v7e-m+fp/hard/libc_nano.a(lib_a-memcmp.o)
                              build/nrf52840/dk/obj/linkaddr.o (memcmp)
/home/wcnes/gcc-arm-none-eabi-9-2020-q2-update/bin/../lib/gcc/arm-none-eabi/9.3.1/../../../../arm-none-eabi/lib/thumb/v7e-m+fp/hard/libc_nano.a(lib_a-memcpy-stub.o)
                              build/nrf52840/dk/obj/platform.o (memcpy)
/home/wcnes/gcc-arm-none-eabi-9-2020-q2-update/bin/../lib/gcc/arm-none-eabi/9.3.1/../../../../arm-none-eabi/lib/thumb/v7e-m+fp/hard/libc_nano.a(lib_a-rand.o)
                              build/nrf52840/dk/obj/random.o (srand)
/home/wcnes/gcc-arm-none-eabi-9-2020-q2-update/bin/../lib/gcc/arm-none-eabi/9.3.1/../../../../arm-none-eabi/lib/thumb/v7e-m+fp/hard/libc_nano.a(lib_a-reent.o)
                              build/nrf52840/dk/obj/syscalls.o (errno)
/home/wcnes/gcc-arm-none-eabi-9-2020-q2-update/bin/../lib/gcc/arm-none-eabi/9.3.1/../../../../arm-none-eabi/lib/thumb/v7e-m+fp/hard/libc_nano.a(lib_a-strcmp.o)
                              build/nrf52840/dk/obj/log.o (strcmp)
/home/wcnes/gcc-arm-none-eabi-9-2020-q2-update/bin/../lib/gcc/arm-none-eabi/9.3.1/../../../../arm-none-eabi/lib/thumb/v7e-m+fp/hard/libc_nano.a(lib_a-strlen.o)
                              build/nrf52840/dk/obj/sensors.o (strlen)
/home/wcnes/gcc-arm-none-eabi-9-2020-q2-update/bin/../lib/gcc/arm-none-eabi/9.3.1/../../../../arm-none-eabi/lib/thumb/v7e-m+fp/hard/libc_nano.a(lib_a-strncmp.o)
                              build/nrf52840/dk/obj/sensors.o (strncmp)
/home/wcnes/gcc-arm-none-eabi-9-2020-q2-update/bin/../lib/gcc/arm-none-eabi/9.3.1/../../../../arm-none-eabi/lib/thumb/v7e-m+fp/hard/libc_nano.a(lib_a-assert.o)
                              /home/wcnes/gcc-arm-none-eabi-9-2020-q2-update/bin/../lib/gcc/arm-none-eabi/9.3.1/../../../../arm-none-eabi/lib/thumb/v7e-m+fp/hard/libc_nano.a(lib_a-rand.o) (__assert_func)
/home/wcnes/gcc-arm-none-eabi-9-2020-q2-update/bin/../lib/gcc/arm-none-eabi/9.3.1/../../../../arm-none-eabi/lib/thumb/v7e-m+fp/hard/libc_nano.a(lib_a-fprintf.o)
[...]
Memory Configuration

Name             Origin             Length             Attributes
FLASH            0x0000000000000000 0x0000000000100000 xr
RAM              0x0000000020000000 0x0000000000040000 xrw
*default*        0x0000000000000000 0xffffffffffffffff

Linker script and memory map

LOAD /home/wcnes/gcc-arm-none-eabi-9-2020-q2-update/bin/../lib/gcc/arm-none-eabi/9.3.1/thumb/v7e-m+fp/hard/crti.o
LOAD /home/wcnes/gcc-arm-none-eabi-9-2020-q2-update/bin/../lib/gcc/arm-none-eabi/9.3.1/thumb/v7e-m+fp/hard/crtbegin.o
LOAD /home/wcnes/gcc-arm-none-eabi-9-2020-q2-update/bin/../lib/gcc/arm-none-eabi/9.3.1/../../../../arm-none-eabi/lib/thumb/v7e-m+fp/hard/crt0.o
LOAD /home/wcnes/gcc-arm-none-eabi-9-2020-q2-update/bin/../lib/gcc/arm-none-eabi/9.3.1/../../../../arm-none-eabi/lib/thumb/v7e-m+fp/hard/libc_nano.a
LOAD /home/wcnes/gcc-arm-none-eabi-9-2020-q2-update/bin/../lib/gcc/arm-none-eabi/9.3.1/../../../../arm-none-eabi/lib/thumb/v7e-m+fp/hard/libnosys.a
LOAD build/nrf52840/dk/obj/board-leds.o
LOAD build/nrf52840/dk/obj/board-buttons.o
LOAD build/nrf52840/dk/obj/nrf52840dk-sensors.o
LOAD build/nrf52840/dk/obj/platform.o
LOAD build/nrf52840/dk/obj/temperature-sensor.o
LOAD build/nrf52840/dk/obj/dbg.o
LOAD build/nrf52840/dk/obj/clock.o
LOAD build/nrf52840/dk/obj/rtimer-arch.o
LOAD build/nrf52840/dk/obj/uart0.o
LOAD build/nrf52840/dk/obj/watchdog.o
LOAD build/nrf52840/dk/obj/int-master.o
LOAD build/nrf52840/dk/obj/slip-arch.o
LOAD build/nrf52840/dk/obj/gpio-hal-arch.o
LOAD build/nrf52840/dk/obj/nrf52840-ieee.o
LOAD build/nrf52840/dk/obj/boards.o
LOAD build/nrf52840/dk/obj/app_error.o
LOAD build/nrf52840/dk/obj/app_error_handler_gcc.o
LOAD build/nrf52840/dk/obj/app_error_weak.o
LOAD build/nrf52840/dk/obj/nrf_assert.o
LOAD build/nrf52840/dk/obj/app_util_platform.o
LOAD build/nrf52840/dk/obj/nrf_queue.o
LOAD build/nrf52840/dk/obj/nrf_strerror.o
LOAD build/nrf52840/dk/obj/nrfx_clock.o
LOAD build/nrf52840/dk/obj/nrfx_rtc.o
LOAD build/nrf52840/dk/obj/nrfx_gpiote.o
LOAD build/nrf52840/dk/obj/nrfx_rng.o
LOAD build/nrf52840/dk/obj/nrfx_wdt.o
LOAD build/nrf52840/dk/obj/system_nrf52840.o
LOAD build/nrf52840/dk/obj/nrf_drv_clock.o
LOAD build/nrf52840/dk/obj/nrf_drv_rng.o
LOAD build/nrf52840/dk/obj/app_fifo.o
LOAD build/nrf52840/dk/obj/gcc_startup_nrf52840.o
LOAD build/nrf52840/dk/obj/contiki-main.o
LOAD build/nrf52840/dk/obj/autostart.o
LOAD build/nrf52840/dk/obj/ctimer.o
LOAD build/nrf52840/dk/obj/energest.o
LOAD build/nrf52840/dk/obj/etimer.o
LOAD build/nrf52840/dk/obj/log.o
LOAD build/nrf52840/dk/obj/mutex.o
LOAD build/nrf52840/dk/obj/stimer.o
LOAD build/nrf52840/dk/obj/compower.o
LOAD build/nrf52840/dk/obj/atomic.o
LOAD build/nrf52840/dk/obj/rtimer.o
LOAD build/nrf52840/dk/obj/node-id.o
LOAD build/nrf52840/dk/obj/process.o
LOAD build/nrf52840/dk/obj/timer.o
LOAD build/nrf52840/dk/obj/stack-check.o
LOAD build/nrf52840/dk/obj/dbl-list.o
LOAD build/nrf52840/dk/obj/dbl-circ-list.o
LOAD build/nrf52840/dk/obj/crc16.o
LOAD build/nrf52840/dk/obj/ifft.o
LOAD build/nrf52840/dk/obj/sensors.o
LOAD build/nrf52840/dk/obj/ccm-star.o
LOAD build/nrf52840/dk/obj/ringbufindex.o
LOAD build/nrf52840/dk/obj/list.o
LOAD build/nrf52840/dk/obj/circular-list.o
LOAD build/nrf52840/dk/obj/aes-128.o
LOAD build/nrf52840/dk/obj/trickle-timer.o
LOAD build/nrf52840/dk/obj/memb.o
LOAD build/nrf52840/dk/obj/heapmem.o
LOAD build/nrf52840/dk/obj/random.o
LOAD build/nrf52840/dk/obj/hexconv.o
LOAD build/nrf52840/dk/obj/assert.o
LOAD build/nrf52840/dk/obj/ringbuf.o
LOAD build/nrf52840/dk/obj/button-hal.o
LOAD build/nrf52840/dk/obj/serial-line.o
LOAD build/nrf52840/dk/obj/spi.o
LOAD build/nrf52840/dk/obj/leds.o
LOAD build/nrf52840/dk/obj/slip.o
LOAD build/nrf52840/dk/obj/nullradio.o
LOAD build/nrf52840/dk/obj/gpio-hal.o
LOAD build/nrf52840/dk/obj/queuebuf.o
LOAD build/nrf52840/dk/obj/nbr-table.o
LOAD build/nrf52840/dk/obj/packetbuf.o
LOAD build/nrf52840/dk/obj/netstack.o
LOAD build/nrf52840/dk/obj/linkaddr.o
LOAD build/nrf52840/dk/obj/net-debug.o
LOAD build/nrf52840/dk/obj/link-stats.o
LOAD build/nrf52840/dk/obj/mac-sequence.o
LOAD build/nrf52840/dk/obj/mac.o
LOAD build/nrf52840/dk/obj/frame802154e-ie.o
LOAD build/nrf52840/dk/obj/framer-802154.o
LOAD build/nrf52840/dk/obj/nullframer.o
LOAD build/nrf52840/dk/obj/frame802154.o
LOAD build/nrf52840/dk/obj/syscalls.o
LOAD build/nrf52840/dk/obj/strformat.o
LOAD build/nrf52840/dk/obj/printf.o
LOAD build/nrf52840/dk/obj/sprintf.o
LOAD build/nrf52840/dk/obj/snprintf.o
LOAD build/nrf52840/dk/obj/puts.o
LOAD build/nrf52840/dk/obj/putchar.o
LOAD build/nrf52840/dk/obj/csma-security.o
LOAD build/nrf52840/dk/obj/anti-replay.o
LOAD build/nrf52840/dk/obj/csma.o
LOAD build/nrf52840/dk/obj/csma-output.o
LOAD build/nrf52840/dk/obj/ccm-star-packetbuf.o
LOAD build/nrf52840/dk/obj/nullnet.o
LOAD build/nrf52840/dk/obj/nullrouting.o
LOAD basestation2.o
START GROUP
END GROUP
START GROUP
LOAD /home/wcnes/gcc-arm-none-eabi-9-2020-q2-update/bin/../lib/gcc/arm-none-eabi/9.3.1/thumb/v7e-m+fp/hard/libgcc.a
LOAD /home/wcnes/gcc-arm-none-eabi-9-2020-q2-update/bin/../lib/gcc/arm-none-eabi/9.3.1/../../../../arm-none-eabi/lib/thumb/v7e-m+fp/hard/libc_nano.a
END GROUP
START GROUP
LOAD /home/wcnes/gcc-arm-none-eabi-9-2020-q2-update/bin/../lib/gcc/arm-none-eabi/9.3.1/thumb/v7e-m+fp/hard/libgcc.a
LOAD /home/wcnes/gcc-arm-none-eabi-9-2020-q2-update/bin/../lib/gcc/arm-none-eabi/9.3.1/../../../../arm-none-eabi/lib/thumb/v7e-m+fp/hard/libc_nano.a
END GROUP
LOAD /home/wcnes/gcc-arm-none-eabi-9-2020-q2-update/bin/../lib/gcc/arm-none-eabi/9.3.1/thumb/v7e-m+fp/hard/crtend.o
LOAD /home/wcnes/gcc-arm-none-eabi-9-2020-q2-update/bin/../lib/gcc/arm-none-eabi/9.3.1/thumb/v7e-m+fp/hard/crtn.o
START GROUP
LOAD /home/wcnes/gcc-arm-none-eabi-9-2020-q2-update/bin/../lib/gcc/arm-none-eabi/9.3.1/thumb/v7e-m+fp/hard/libgcc.a
LOAD /home/wcnes/gcc-arm-none-eabi-9-2020-q2-update/bin/../lib/gcc/arm-none-eabi/9.3.1/../../../../arm-none-eabi/lib/thumb/v7e-m+fp/hard/libc.a
LOAD /home/wcnes/gcc-arm-none-eabi-9-2020-q2-update/bin/../lib/gcc/arm-none-eabi/9.3.1/../../../../arm-none-eabi/lib/thumb/v7e-m+fp/hard/libnosys.a
END GROUP

.text           0x0000000000000000     0x6690
 *(SORT_BY_ALIGNMENT(.isr_vector))
 .isr_vector    0x0000000000000000      0x200 build/nrf52840/dk/obj/gcc_startup_nrf52840.o
                0x0000000000000000                __isr_vector
 *(SORT_BY_ALIGNMENT(.text*))
 .text          0x0000000000000200       0xa0 /home/wcnes/gcc-arm-none-eabi-9-2020-q2-update/bin/../lib/gcc/arm-none-eabi/9.3.1/../../../../arm-none-eabi/lib/thumb/v7e-m+fp/hard/libc_nano.a(lib_a-memchr.o)
                0x0000000000000200                memchr
 .text          0x00000000000002a0       0x40 /home/wcnes/gcc-arm-none-eabi-9-2020-q2-update/bin/../lib/gcc/arm-none-eabi/9.3.1/thumb/v7e-m+fp/hard/crtbegin.o
 .text          0x00000000000002e0       0x7c /home/wcnes/gcc-arm-none-eabi-9-2020-q2-update/bin/../lib/gcc/arm-none-eabi/9.3.1/../../../../arm-none-eabi/lib/thumb/v7e-m+fp/hard/crt0.o
                0x00000000000002e0                _stack_init
                0x00000000000002e8                _mainCRTStartup
                0x00000000000002e8                _start
 .text.exit     0x000000000000035c       0x28 /home/wcnes/gcc-arm-none-eabi-9-2020-q2-update/bin/../lib/gcc/arm-none-eabi/9.3.1/../../../../arm-none-eabi/lib/thumb/v7e-m+fp/hard/libc_nano.a(lib_a-exit.o)
                0x000000000000035c                exit
 .text.__libc_init_array
                0x0000000000000384       0x48 /home/wcnes/gcc-arm-none-eabi-9-2020-q2-update/bin/../lib/gcc/arm-none-eabi/9.3.1/../../../../arm-none-eabi/lib/thumb/v7e-m+fp/hard/libc_nano.a(lib_a-init.o)
                0x0000000000000384                __libc_init_array
 .text._exit    0x00000000000003cc        0x4 /home/wcnes/gcc-arm-none-eabi-9-2020-q2-update/bin/../lib/gcc/arm-none-eabi/9.3.1/../../../../arm-none-eabi/lib/thumb/v7e-m+fp/hard/libnosys.a(_exit.o)
                0x00000000000003cc                _exit
 .text.platform_init_stage_one
                0x00000000000003d0       0x10 build/nrf52840/dk/obj/platform.o
                0x00000000000003d0                platform_init_stage_one
 .text.platform_init_stage_two
                0x00000000000003e0       0x58 build/nrf52840/dk/obj/platform.o
                0x00000000000003e0                platform_init_stage_two
 .text.platform_init_stage_three
                0x0000000000000438        0xc build/nrf52840/dk/obj/platform.o
                0x0000000000000438                platform_init_stage_three
 .text.platform_idle
                0x0000000000000444       0x24 build/nrf52840/dk/obj/platform.o
                0x0000000000000444                platform_idle
 .text.configure
                0x0000000000000468       0x14 build/nrf52840/dk/obj/temperature-sensor.o
 .text.status   0x000000000000047c        0x4 build/nrf52840/dk/obj/temperature-sensor.o
 .text.value    0x0000000000000480       0x54 build/nrf52840/dk/obj/temperature-sensor.o
 .text.dbg_send_bytes
                0x00000000000004d4       0x28 build/nrf52840/dk/obj/dbg.o
                0x00000000000004d4                dbg_send_bytes
 .text.clock_init
                0x00000000000004fc       0x70 build/nrf52840/dk/obj/clock.o
                0x00000000000004fc                clock_init
 .text.clock_time
                0x000000000000056c        0xc build/nrf52840/dk/obj/clock.o
                0x000000000000056c                clock_time
 .text.clock_update
                0x0000000000000578       0x20 build/nrf52840/dk/obj/clock.o
                0x0000000000000578                clock_update
 .text.rtc_handler
                0x0000000000000598        0xc build/nrf52840/dk/obj/clock.o
 .text.rtimer_arch_init
                0x00000000000005a4       0x64 build/nrf52840/dk/obj/rtimer-arch.o
                0x00000000000005a4                rtimer_arch_init
 .text.rtimer_arch_schedule
                0x0000000000000608        0xc build/nrf52840/dk/obj/rtimer-arch.o
                0x0000000000000608                rtimer_arch_schedule
 .text.rtimer_arch_now
                0x0000000000000614       0x18 build/nrf52840/dk/obj/rtimer-arch.o
                0x0000000000000614                rtimer_arch_now
 .text.TIMER0_IRQHandler
                0x000000000000062c       0x20 build/nrf52840/dk/obj/rtimer-arch.o
                0x000000000000062c                TIMER0_IRQHandler
 .text.uart0_writeb
                0x000000000000064c       0x28 build/nrf52840/dk/obj/uart0.o
                0x000000000000064c                uart0_writeb
 .text.uart0_init
                0x0000000000000674       0x64 build/nrf52840/dk/obj/uart0.o
                0x0000000000000674                uart0_init
 .text.UARTE0_UART0_IRQHandler
                0x00000000000006d8       0x2c build/nrf52840/dk/obj/uart0.o
                0x00000000000006d8                UARTE0_UART0_IRQHandler
 .text.wdt_event_handler
                0x0000000000000704       0x14 build/nrf52840/dk/obj/watchdog.o
 .text.watchdog_init
                0x0000000000000718       0x54 build/nrf52840/dk/obj/watchdog.o
                0x0000000000000718                watchdog_init
 .text.watchdog_start
                0x000000000000076c       0x10 build/nrf52840/dk/obj/watchdog.o
                0x000000000000076c                watchdog_start
 .text.watchdog_periodic
                0x000000000000077c       0x18 build/nrf52840/dk/obj/watchdog.o
                0x000000000000077c                watchdog_periodic
 .text.int_master_read_and_disable
                0x0000000000000794        0x8 build/nrf52840/dk/obj/int-master.o
                0x0000000000000794                int_master_read_and_disable
 .text.int_master_status_set
                0x000000000000079c        0x8 build/nrf52840/dk/obj/int-master.o
                0x000000000000079c                int_master_status_set
 .text.pin_event_handler
                0x00000000000007a4       0x10 build/nrf52840/dk/obj/gpio-hal-arch.o
 .text.gpio_hal_arch_init
                0x00000000000007b4       0x14 build/nrf52840/dk/obj/gpio-hal-arch.o
                0x00000000000007b4                gpio_hal_arch_init
 .text.gpio_hal_arch_port_pin_cfg_set
                0x00000000000007c8       0x84 build/nrf52840/dk/obj/gpio-hal-arch.o
                0x00000000000007c8                gpio_hal_arch_port_pin_cfg_set
 .text.gpio_hal_arch_port_read_pin
                0x000000000000084c       0x28 build/nrf52840/dk/obj/gpio-hal-arch.o
                0x000000000000084c                gpio_hal_arch_port_read_pin
 .text.off      0x0000000000000874       0x10 build/nrf52840/dk/obj/nrf52840-ieee.o
 .text.get_value
                0x0000000000000884      0x12c build/nrf52840/dk/obj/nrf52840-ieee.o
 .text.set_object
                0x00000000000009b0        0x4 build/nrf52840/dk/obj/nrf52840-ieee.o
 .text.setup_interrupts
                0x00000000000009b4       0x8c build/nrf52840/dk/obj/nrf52840-ieee.o
 .text.receiving_packet
                0x0000000000000a40       0x68 build/nrf52840/dk/obj/nrf52840-ieee.o
 .text.get_object
                0x0000000000000aa8       0x20 build/nrf52840/dk/obj/nrf52840-ieee.o
 .text.enter_rx
                0x0000000000000ac8       0x90 build/nrf52840/dk/obj/nrf52840-ieee.o
 .text.read_frame
                0x0000000000000b58       0xe8 build/nrf52840/dk/obj/nrf52840-ieee.o
 .text.process_thread_nrf52840_ieee_rf_process
                0x0000000000000c40       0x70 build/nrf52840/dk/obj/nrf52840-ieee.o
 .text.prepare  0x0000000000000cb0       0x48 build/nrf52840/dk/obj/nrf52840-ieee.o
 .text.configure
                0x0000000000000cf8       0xa8 build/nrf52840/dk/obj/nrf52840-ieee.o
 .text.on       0x0000000000000da0       0x28 build/nrf52840/dk/obj/nrf52840-ieee.o
 .text.channel_clear
                0x0000000000000dc8       0x5c build/nrf52840/dk/obj/nrf52840-ieee.o
 .text.set_value
                0x0000000000000e24       0xc8 build/nrf52840/dk/obj/nrf52840-ieee.o
 .text.transmit
                0x0000000000000eec       0xd4 build/nrf52840/dk/obj/nrf52840-ieee.o
 .text.send     0x0000000000000fc0       0x14 build/nrf52840/dk/obj/nrf52840-ieee.o
 .text.init     0x0000000000000fd4       0x8c build/nrf52840/dk/obj/nrf52840-ieee.o
 .text.pending_packet
                0x0000000000001060       0x28 build/nrf52840/dk/obj/nrf52840-ieee.o
 .text.RADIO_IRQHandler
                0x0000000000001088       0x6c build/nrf52840/dk/obj/nrf52840-ieee.o
                0x0000000000001088                RADIO_IRQHandler
 .text.app_error_handler_bare
                0x00000000000010f4       0x20 build/nrf52840/dk/obj/app_error.o
                0x00000000000010f4                app_error_handler_bare
 .text.app_error_fault_handler
                0x0000000000001114       0x34 build/nrf52840/dk/obj/app_error_weak.o
                0x0000000000001114                app_error_fault_handler
 .text.app_util_critical_region_enter
                0x0000000000001148       0x10 build/nrf52840/dk/obj/app_util_platform.o
                0x0000000000001148                app_util_critical_region_enter
 .text.app_util_critical_region_exit
                0x0000000000001158       0x14 build/nrf52840/dk/obj/app_util_platform.o
                0x0000000000001158                app_util_critical_region_exit
 .text.nrfx_clock_init
                0x000000000000116c       0x18 build/nrf52840/dk/obj/nrfx_clock.o
                0x000000000000116c                nrfx_clock_init
 .text.nrfx_clock_enable
                0x0000000000001184       0x24 build/nrf52840/dk/obj/nrfx_clock.o
                0x0000000000001184                nrfx_clock_enable
 .text.nrfx_clock_lfclk_start
                0x00000000000011a8       0x30 build/nrf52840/dk/obj/nrfx_clock.o
                0x00000000000011a8                nrfx_clock_lfclk_start
 .text.POWER_CLOCK_IRQHandler
                0x00000000000011d8       0x6c build/nrf52840/dk/obj/nrfx_clock.o
                0x00000000000011d8                POWER_CLOCK_IRQHandler
 .text.nrfx_rtc_init
                0x0000000000001244       0x8c build/nrf52840/dk/obj/nrfx_rtc.o
                0x0000000000001244                nrfx_rtc_init
 .text.nrfx_rtc_enable
                0x00000000000012d0       0x18 build/nrf52840/dk/obj/nrfx_rtc.o
                0x00000000000012d0                nrfx_rtc_enable
 .text.nrfx_rtc_tick_enable
                0x00000000000012e8       0x2c build/nrf52840/dk/obj/nrfx_rtc.o
                0x00000000000012e8                nrfx_rtc_tick_enable
 .text.RTC0_IRQHandler
                0x0000000000001314       0xb0 build/nrf52840/dk/obj/nrfx_rtc.o
                0x0000000000001314                RTC0_IRQHandler
 .text.nrfx_gpiote_init
                0x00000000000013c4       0x94 build/nrf52840/dk/obj/nrfx_gpiote.o
                0x00000000000013c4                nrfx_gpiote_init
 .text.nrfx_gpiote_is_init
                0x0000000000001458       0x14 build/nrf52840/dk/obj/nrfx_gpiote.o
                0x0000000000001458                nrfx_gpiote_is_init
 .text.nrfx_gpiote_in_init
                0x000000000000146c      0x124 build/nrf52840/dk/obj/nrfx_gpiote.o
                0x000000000000146c                nrfx_gpiote_in_init
 .text.nrfx_gpiote_in_event_enable
                0x0000000000001590       0xd8 build/nrf52840/dk/obj/nrfx_gpiote.o
                0x0000000000001590                nrfx_gpiote_in_event_enable
 .text.nrfx_gpiote_in_event_disable
                0x0000000000001668       0x74 build/nrf52840/dk/obj/nrfx_gpiote.o
                0x0000000000001668                nrfx_gpiote_in_event_disable
 .text.GPIOTE_IRQHandler
                0x00000000000016dc      0x1f4 build/nrf52840/dk/obj/nrfx_gpiote.o
                0x00000000000016dc                GPIOTE_IRQHandler
 .text.RNG_IRQHandler
                0x00000000000018d0       0x2c build/nrf52840/dk/obj/nrfx_rng.o
                0x00000000000018d0                RNG_IRQHandler
 .text.WDT_IRQHandler
                0x00000000000018fc       0x28 build/nrf52840/dk/obj/nrfx_wdt.o
                0x00000000000018fc                WDT_IRQHandler
 .text.nrfx_wdt_init
                0x0000000000001924       0x58 build/nrf52840/dk/obj/nrfx_wdt.o
                0x0000000000001924                nrfx_wdt_init
 .text.nrfx_wdt_enable
                0x000000000000197c       0x1c build/nrf52840/dk/obj/nrfx_wdt.o
                0x000000000000197c                nrfx_wdt_enable
 .text.nrfx_wdt_channel_alloc
                0x0000000000001998       0x4c build/nrf52840/dk/obj/nrfx_wdt.o
                0x0000000000001998                nrfx_wdt_channel_alloc
 .text.nrfx_wdt_channel_feed
                0x00000000000019e4       0x18 build/nrf52840/dk/obj/nrfx_wdt.o
                0x00000000000019e4                nrfx_wdt_channel_feed
 .text.SystemInit
                0x00000000000019fc      0x1c4 build/nrf52840/dk/obj/system_nrf52840.o
                0x00000000000019fc                SystemInit
 .text.clock_irq_handler
                0x0000000000001bc0       0x44 build/nrf52840/dk/obj/nrf_drv_clock.o
 .text.nrf_drv_clock_init
                0x0000000000001c04       0x38 build/nrf52840/dk/obj/nrf_drv_clock.o
                0x0000000000001c04                nrf_drv_clock_init
 .text.nrf_drv_clock_lfclk_request
                0x0000000000001c3c       0x5c build/nrf52840/dk/obj/nrf_drv_clock.o
                0x0000000000001c3c                nrf_drv_clock_lfclk_request
 .text          0x0000000000001c98       0x3c build/nrf52840/dk/obj/gcc_startup_nrf52840.o
                0x0000000000001c98                Reset_Handler
                0x0000000000001cc0                NMI_Handler
                0x0000000000001cc2                HardFault_Handler
                0x0000000000001cc4                MemoryManagement_Handler
                0x0000000000001cc6                BusFault_Handler
                0x0000000000001cc8                UsageFault_Handler
                0x0000000000001cca                SVC_Handler
                0x0000000000001ccc                DebugMon_Handler
                0x0000000000001cce                PendSV_Handler
                0x0000000000001cd0                SysTick_Handler
                0x0000000000001cd2                TIMER2_IRQHandler
                0x0000000000001cd2                SWI0_EGU0_IRQHandler
                0x0000000000001cd2                SWI2_EGU2_IRQHandler
                0x0000000000001cd2                PWM1_IRQHandler
                0x0000000000001cd2                PDM_IRQHandler
                0x0000000000001cd2                TEMP_IRQHandler
                0x0000000000001cd2                QDEC_IRQHandler
                0x0000000000001cd2                TIMER3_IRQHandler
                0x0000000000001cd2                PWM3_IRQHandler
                0x0000000000001cd2                FPU_IRQHandler
                0x0000000000001cd2                USBD_IRQHandler
                0x0000000000001cd2                SPIM0_SPIS0_TWIM0_TWIS0_SPI0_TWI0_IRQHandler
                0x0000000000001cd2                TIMER4_IRQHandler
                0x0000000000001cd2                CRYPTOCELL_IRQHandler
                0x0000000000001cd2                I2S_IRQHandler
                0x0000000000001cd2                SWI4_EGU4_IRQHandler
                0x0000000000001cd2                UARTE1_IRQHandler
                0x0000000000001cd2                TIMER1_IRQHandler
                0x0000000000001cd2                SPIM3_IRQHandler
                0x0000000000001cd2                PWM2_IRQHandler
                0x0000000000001cd2                ECB_IRQHandler
                0x0000000000001cd2                SPIM1_SPIS1_TWIM1_TWIS1_SPI1_TWI1_IRQHandler
                0x0000000000001cd2                Default_Handler
                0x0000000000001cd2                SAADC_IRQHandler
                0x0000000000001cd2                CCM_AAR_IRQHandler
                0x0000000000001cd2                SWI5_EGU5_IRQHandler
                0x0000000000001cd2                RTC2_IRQHandler
                0x0000000000001cd2                PWM0_IRQHandler
                0x0000000000001cd2                SWI3_EGU3_IRQHandler
                0x0000000000001cd2                RTC1_IRQHandler
                0x0000000000001cd2                SWI1_EGU1_IRQHandler
                0x0000000000001cd2                SPIM2_SPIS2_SPI2_IRQHandler
                0x0000000000001cd2                NFCT_IRQHandler
                0x0000000000001cd2                MWU_IRQHandler
                0x0000000000001cd2                QSPI_IRQHandler
                0x0000000000001cd2                COMP_LPCOMP_IRQHandler
 .text.startup.main
                0x0000000000001cd4      0x190 build/nrf52840/dk/obj/contiki-main.o
                0x0000000000001cd4                main
 .text.autostart_start
                0x0000000000001e64       0x18 build/nrf52840/dk/obj/autostart.o
                0x0000000000001e64                autostart_start
 .text.process_thread_ctimer_process
                0x0000000000001e7c       0x94 build/nrf52840/dk/obj/ctimer.o
 .text.ctimer_init
                0x0000000000001f10       0x28 build/nrf52840/dk/obj/ctimer.o
                0x0000000000001f10                ctimer_init
 .text.ctimer_set_with_process
                0x0000000000001f38       0x4c build/nrf52840/dk/obj/ctimer.o
                0x0000000000001f38                ctimer_set_with_process
 .text.ctimer_set
                0x0000000000001f84       0x18 build/nrf52840/dk/obj/ctimer.o
                0x0000000000001f84                ctimer_set
 .text.ctimer_stop
                0x0000000000001f9c       0x34 build/nrf52840/dk/obj/ctimer.o
                0x0000000000001f9c                ctimer_stop
 .text.ctimer_expired
                0x0000000000001fd0       0x3c build/nrf52840/dk/obj/ctimer.o
                0x0000000000001fd0                ctimer_expired
 .text.energest_init
                0x000000000000200c        0x4 build/nrf52840/dk/obj/energest.o
                0x000000000000200c                energest_init
 .text.update_time.part.0
                0x0000000000002010       0x3c build/nrf52840/dk/obj/etimer.o
 .text.process_thread_etimer_process
                0x000000000000204c       0xd4 build/nrf52840/dk/obj/etimer.o
 .text.add_timer
                0x0000000000002120       0x54 build/nrf52840/dk/obj/etimer.o
 .text.etimer_request_poll
                0x0000000000002174        0xc build/nrf52840/dk/obj/etimer.o
                0x0000000000002174                etimer_request_poll
 .text.etimer_set
                0x0000000000002180       0x14 build/nrf52840/dk/obj/etimer.o
                0x0000000000002180                etimer_set
 .text.etimer_reset
                0x0000000000002194       0x14 build/nrf52840/dk/obj/etimer.o
                0x0000000000002194                etimer_reset
 .text.etimer_restart
                0x00000000000021a8       0x14 build/nrf52840/dk/obj/etimer.o
                0x00000000000021a8                etimer_restart
 .text.etimer_expired
                0x00000000000021bc        0xc build/nrf52840/dk/obj/etimer.o
                0x00000000000021bc                etimer_expired
 .text.etimer_pending
                0x00000000000021c8       0x10 build/nrf52840/dk/obj/etimer.o
                0x00000000000021c8                etimer_pending
 .text.etimer_stop
                0x00000000000021d8       0x54 build/nrf52840/dk/obj/etimer.o
                0x00000000000021d8                etimer_stop
 .text.log_lladdr
                0x000000000000222c       0x54 build/nrf52840/dk/obj/log.o
                0x000000000000222c                log_lladdr
 .text.rtimer_init
                0x0000000000002280        0x4 build/nrf52840/dk/obj/rtimer.o
                0x0000000000002280                rtimer_init
 .text.rtimer_run_next
                0x0000000000002284       0x28 build/nrf52840/dk/obj/rtimer.o
                0x0000000000002284                rtimer_run_next
 .text.node_id_init
                0x00000000000022ac       0x18 build/nrf52840/dk/obj/node-id.o
                0x00000000000022ac                node_id_init
 .text.exit_process
                0x00000000000022c4       0xb4 build/nrf52840/dk/obj/process.o
 .text.call_process.part.0
                0x0000000000002378       0x3c build/nrf52840/dk/obj/process.o
 .text.do_poll  0x00000000000023b4       0x38 build/nrf52840/dk/obj/process.o
 .text.process_alloc_event
                0x00000000000023ec       0x10 build/nrf52840/dk/obj/process.o
                0x00000000000023ec                process_alloc_event
 .text.process_start
                0x00000000000023fc       0x44 build/nrf52840/dk/obj/process.o
                0x00000000000023fc                process_start
 .text.process_init
                0x0000000000002440       0x34 build/nrf52840/dk/obj/process.o
                0x0000000000002440                process_init
 .text.process_run
                0x0000000000002474       0xa4 build/nrf52840/dk/obj/process.o
                0x0000000000002474                process_run
 .text.process_nevents
                0x0000000000002518       0x14 build/nrf52840/dk/obj/process.o
                0x0000000000002518                process_nevents
 .text.process_post
                0x000000000000252c       0x44 build/nrf52840/dk/obj/process.o
                0x000000000000252c                process_post
 .text.process_poll
                0x0000000000002570       0x1c build/nrf52840/dk/obj/process.o
                0x0000000000002570                process_poll
 .text.timer_set
                0x000000000000258c       0x10 build/nrf52840/dk/obj/timer.o
                0x000000000000258c                timer_set
 .text.timer_reset
                0x000000000000259c       0x1c build/nrf52840/dk/obj/timer.o
                0x000000000000259c                timer_reset
 .text.timer_restart
                0x00000000000025b8        0xc build/nrf52840/dk/obj/timer.o
                0x00000000000025b8                timer_restart
 .text.timer_expired
                0x00000000000025c4       0x1c build/nrf52840/dk/obj/timer.o
                0x00000000000025c4                timer_expired
 .text.stack_check_init
                0x00000000000025e0       0x28 build/nrf52840/dk/obj/stack-check.o
                0x00000000000025e0                stack_check_init
 .text.stack_check_get_usage
                0x0000000000002608       0x54 build/nrf52840/dk/obj/stack-check.o
                0x0000000000002608                stack_check_get_usage
 .text.process_thread_stack_check_process
                0x000000000000265c       0xb0 build/nrf52840/dk/obj/stack-check.o
 .text.process_thread_sensors_process
                0x000000000000270c       0xf4 build/nrf52840/dk/obj/sensors.o
 .text.list_init
                0x0000000000002800        0x8 build/nrf52840/dk/obj/list.o
                0x0000000000002800                list_init
 .text.list_head
                0x0000000000002808        0x4 build/nrf52840/dk/obj/list.o
                0x0000000000002808                list_head
 .text.list_add
                0x000000000000280c       0x5c build/nrf52840/dk/obj/list.o
                0x000000000000280c                list_add
 .text.list_remove
                0x0000000000002868       0x34 build/nrf52840/dk/obj/list.o
                0x0000000000002868                list_remove
 .text.list_length
                0x000000000000289c       0x14 build/nrf52840/dk/obj/list.o
                0x000000000000289c                list_length
 .text.list_item_next
                0x00000000000028b0        0x8 build/nrf52840/dk/obj/list.o
                0x00000000000028b0                list_item_next
 .text.memb_init
                0x00000000000028b8       0x24 build/nrf52840/dk/obj/memb.o
                0x00000000000028b8                memb_init
 .text.memb_alloc
                0x00000000000028dc       0x38 build/nrf52840/dk/obj/memb.o
                0x00000000000028dc                memb_alloc
 .text.memb_free
                0x0000000000002914       0x38 build/nrf52840/dk/obj/memb.o
                0x0000000000002914                memb_free
 .text.memb_inmemb
                0x000000000000294c       0x1c build/nrf52840/dk/obj/memb.o
                0x000000000000294c                memb_inmemb
 .text.random_rand
                0x0000000000002968        0xc build/nrf52840/dk/obj/random.o
                0x0000000000002968                random_rand
 .text.random_init
                0x0000000000002974       0x44 build/nrf52840/dk/obj/random.o
                0x0000000000002974                random_init
 .text.ringbuf_init
                0x00000000000029b8       0x10 build/nrf52840/dk/obj/ringbuf.o
                0x00000000000029b8                ringbuf_init
 .text.ringbuf_get
                0x00000000000029c8       0x28 build/nrf52840/dk/obj/ringbuf.o
                0x00000000000029c8                ringbuf_get
 .text.duration_exceeded_callback
                0x00000000000029f0       0x34 build/nrf52840/dk/obj/button-hal.o
 .text.process_thread_button_hal_process
                0x0000000000002a24       0xa4 build/nrf52840/dk/obj/button-hal.o
 .text.press_release_handler
                0x0000000000002ac8       0x34 build/nrf52840/dk/obj/button-hal.o
 .text.button_hal_get_state
                0x0000000000002afc       0x28 build/nrf52840/dk/obj/button-hal.o
                0x0000000000002afc                button_hal_get_state
 .text.debounce_handler
                0x0000000000002b24       0x74 build/nrf52840/dk/obj/button-hal.o
 .text.button_hal_init
                0x0000000000002b98       0xe8 build/nrf52840/dk/obj/button-hal.o
                0x0000000000002b98                button_hal_init
 .text.process_thread_serial_line_process
                0x0000000000002c80       0xa8 build/nrf52840/dk/obj/serial-line.o
 .text.serial_line_init
                0x0000000000002d28       0x24 build/nrf52840/dk/obj/serial-line.o
                0x0000000000002d28                serial_line_init
 .text.leds_on  0x0000000000002d4c       0x74 build/nrf52840/dk/obj/leds.o
                0x0000000000002d4c                leds_on
 .text.leds_off
                0x0000000000002dc0       0x74 build/nrf52840/dk/obj/leds.o
                0x0000000000002dc0                leds_off
 .text.leds_init
                0x0000000000002e34       0x44 build/nrf52840/dk/obj/leds.o
                0x0000000000002e34                leds_init
 .text.gpio_hal_register_handler
                0x0000000000002e78        0xc build/nrf52840/dk/obj/gpio-hal.o
                0x0000000000002e78                gpio_hal_register_handler
 .text.gpio_hal_event_handler
                0x0000000000002e84       0x3c build/nrf52840/dk/obj/gpio-hal.o
                0x0000000000002e84                gpio_hal_event_handler
 .text.gpio_hal_init
                0x0000000000002ec0       0x14 build/nrf52840/dk/obj/gpio-hal.o
                0x0000000000002ec0                gpio_hal_init
 .text.queuebuf_init
                0x0000000000002ed4       0x1c build/nrf52840/dk/obj/queuebuf.o
                0x0000000000002ed4                queuebuf_init
 .text.queuebuf_new_from_packetbuf
                0x0000000000002ef0       0x44 build/nrf52840/dk/obj/queuebuf.o
                0x0000000000002ef0                queuebuf_new_from_packetbuf
 .text.queuebuf_update_attr_from_packetbuf
                0x0000000000002f34        0xc build/nrf52840/dk/obj/queuebuf.o
                0x0000000000002f34                queuebuf_update_attr_from_packetbuf
 .text.queuebuf_free
                0x0000000000002f40       0x2c build/nrf52840/dk/obj/queuebuf.o
                0x0000000000002f40                queuebuf_free
 .text.queuebuf_to_packetbuf
                0x0000000000002f6c       0x30 build/nrf52840/dk/obj/queuebuf.o
                0x0000000000002f6c                queuebuf_to_packetbuf
 .text.packetbuf_copyto
                0x0000000000002f9c       0x4c build/nrf52840/dk/obj/packetbuf.o
                0x0000000000002f9c                packetbuf_copyto
 .text.packetbuf_hdralloc
                0x0000000000002fe8       0x60 build/nrf52840/dk/obj/packetbuf.o
                0x0000000000002fe8                packetbuf_hdralloc
 .text.packetbuf_hdrreduce
                0x0000000000003048       0x2c build/nrf52840/dk/obj/packetbuf.o
                0x0000000000003048                packetbuf_hdrreduce
 .text.packetbuf_set_datalen
                0x0000000000003074        0xc build/nrf52840/dk/obj/packetbuf.o
                0x0000000000003074                packetbuf_set_datalen
 .text.packetbuf_dataptr
                0x0000000000003080       0x20 build/nrf52840/dk/obj/packetbuf.o
                0x0000000000003080                packetbuf_dataptr
 .text.packetbuf_hdrptr
                0x00000000000030a0        0x8 build/nrf52840/dk/obj/packetbuf.o
                0x00000000000030a0                packetbuf_hdrptr
 .text.packetbuf_datalen
                0x00000000000030a8        0xc build/nrf52840/dk/obj/packetbuf.o
                0x00000000000030a8                packetbuf_datalen
 .text.packetbuf_totlen
                0x00000000000030b4       0x24 build/nrf52840/dk/obj/packetbuf.o
                0x00000000000030b4                packetbuf_totlen
 .text.packetbuf_attr_clear
                0x00000000000030d8       0x34 build/nrf52840/dk/obj/packetbuf.o
                0x00000000000030d8                packetbuf_attr_clear
 .text.packetbuf_clear
                0x000000000000310c       0x20 build/nrf52840/dk/obj/packetbuf.o
                0x000000000000310c                packetbuf_clear
 .text.packetbuf_copyfrom
                0x000000000000312c       0x44 build/nrf52840/dk/obj/packetbuf.o
                0x000000000000312c                packetbuf_copyfrom
 .text.packetbuf_attr_copyto
                0x0000000000003170       0x24 build/nrf52840/dk/obj/packetbuf.o
                0x0000000000003170                packetbuf_attr_copyto
 .text.packetbuf_attr_copyfrom
                0x0000000000003194       0x24 build/nrf52840/dk/obj/packetbuf.o
                0x0000000000003194                packetbuf_attr_copyfrom
 .text.packetbuf_set_attr
                0x00000000000031b8       0x10 build/nrf52840/dk/obj/packetbuf.o
                0x00000000000031b8                packetbuf_set_attr
 .text.packetbuf_attr
                0x00000000000031c8        0xc build/nrf52840/dk/obj/packetbuf.o
                0x00000000000031c8                packetbuf_attr
 .text.packetbuf_set_addr
                0x00000000000031d4       0x18 build/nrf52840/dk/obj/packetbuf.o
                0x00000000000031d4                packetbuf_set_addr
 .text.packetbuf_addr
                0x00000000000031ec       0x10 build/nrf52840/dk/obj/packetbuf.o
                0x00000000000031ec                packetbuf_addr
 .text.packetbuf_holds_broadcast
                0x00000000000031fc       0x10 build/nrf52840/dk/obj/packetbuf.o
                0x00000000000031fc                packetbuf_holds_broadcast
 .text.netstack_init
                0x000000000000320c       0x24 build/nrf52840/dk/obj/netstack.o
                0x000000000000320c                netstack_init
 .text.linkaddr_copy
                0x0000000000003230        0x8 build/nrf52840/dk/obj/linkaddr.o
                0x0000000000003230                linkaddr_copy
 .text.linkaddr_cmp
                0x0000000000003238       0x10 build/nrf52840/dk/obj/linkaddr.o
                0x0000000000003238                linkaddr_cmp
 .text.mac_sequence_is_duplicate
                0x0000000000003248       0x4c build/nrf52840/dk/obj/mac-sequence.o
                0x0000000000003248                mac_sequence_is_duplicate
 .text.mac_sequence_register_seqno
                0x0000000000003294       0x64 build/nrf52840/dk/obj/mac-sequence.o
                0x0000000000003294                mac_sequence_register_seqno
 .text.mac_call_sent_callback
                0x00000000000032f8       0x18 build/nrf52840/dk/obj/mac.o
                0x00000000000032f8                mac_call_sent_callback
 .text.parse    0x0000000000003310       0xa0 build/nrf52840/dk/obj/framer-802154.o
 .text.framer_802154_setup_params.part.0
                0x00000000000033b0       0x88 build/nrf52840/dk/obj/framer-802154.o
 .text.create_frame
                0x0000000000003438       0xe0 build/nrf52840/dk/obj/framer-802154.o
 .text.create   0x0000000000003518        0x8 build/nrf52840/dk/obj/framer-802154.o
 .text.hdr_length
                0x0000000000003520        0x8 build/nrf52840/dk/obj/framer-802154.o
 .text.frame802154_get_pan_id
                0x0000000000003528        0xc build/nrf52840/dk/obj/frame802154.o
                0x0000000000003528                frame802154_get_pan_id
 .text.frame802154_has_panid
                0x0000000000003534       0xdc build/nrf52840/dk/obj/frame802154.o
                0x0000000000003534                frame802154_has_panid
 .text.field_len
                0x0000000000003610       0x8c build/nrf52840/dk/obj/frame802154.o
 .text.frame802154_is_broadcast_addr
                0x000000000000369c       0x24 build/nrf52840/dk/obj/frame802154.o
                0x000000000000369c                frame802154_is_broadcast_addr
 .text.frame802154_hdrlen
                0x00000000000036c0       0x34 build/nrf52840/dk/obj/frame802154.o
                0x00000000000036c0                frame802154_hdrlen
 .text.frame802154_create_fcf
                0x00000000000036f4       0x64 build/nrf52840/dk/obj/frame802154.o
                0x00000000000036f4                frame802154_create_fcf
 .text.frame802154_create
                0x0000000000003758       0xa8 build/nrf52840/dk/obj/frame802154.o
                0x0000000000003758                frame802154_create
 .text.frame802154_parse_fcf
                0x0000000000003800       0x64 build/nrf52840/dk/obj/frame802154.o
                0x0000000000003800                frame802154_parse_fcf
 .text.frame802154_parse
                0x0000000000003864      0x134 build/nrf52840/dk/obj/frame802154.o
                0x0000000000003864                frame802154_parse
 .text._sbrk    0x0000000000003998       0x2c build/nrf52840/dk/obj/syscalls.o
                0x0000000000003998                _sbrk
 .text.fill_space.isra.0
                0x00000000000039c4       0x44 build/nrf52840/dk/obj/strformat.o
 .text.format_str_v
                0x0000000000003a08      0xa30 build/nrf52840/dk/obj/strformat.o
                0x0000000000003a08                format_str_v
 .text.write_str
                0x0000000000004438       0x14 build/nrf52840/dk/obj/printf.o
 .text.printf   0x000000000000444c       0x24 build/nrf52840/dk/obj/printf.o
                0x000000000000444c                printf
 .text.csma_security_create_frame
                0x0000000000004470       0x18 build/nrf52840/dk/obj/csma-security.o
                0x0000000000004470                csma_security_create_frame
 .text.csma_security_parse_frame
                0x0000000000004488        0xc build/nrf52840/dk/obj/csma-security.o
                0x0000000000004488                csma_security_parse_frame
 .text.on       0x0000000000004494        0xc build/nrf52840/dk/obj/csma.o
 .text.off      0x00000000000044a0        0xc build/nrf52840/dk/obj/csma.o
 .text.max_payload
                0x00000000000044ac       0x40 build/nrf52840/dk/obj/csma.o
 .text.send_packet
                0x00000000000044ec        0x4 build/nrf52840/dk/obj/csma.o
 .text.input_packet
                0x00000000000044f0       0xac build/nrf52840/dk/obj/csma.o
 .text.init     0x000000000000459c       0x20 build/nrf52840/dk/obj/csma.o
 .text.schedule_transmission
                0x00000000000045bc       0x3c build/nrf52840/dk/obj/csma-output.o
 .text.tx_done  0x00000000000045f8       0x8c build/nrf52840/dk/obj/csma-output.o
 .text.transmit_from_queue
                0x0000000000004684      0x1b0 build/nrf52840/dk/obj/csma-output.o
 .text.csma_output_packet
                0x0000000000004834      0x154 build/nrf52840/dk/obj/csma-output.o
                0x0000000000004834                csma_output_packet
 .text.csma_output_init
                0x0000000000004988       0x24 build/nrf52840/dk/obj/csma-output.o
                0x0000000000004988                csma_output_init
 .text.init     0x00000000000049ac        0xc build/nrf52840/dk/obj/nullnet.o
 .text.output   0x00000000000049b8       0x54 build/nrf52840/dk/obj/nullnet.o
 .text.input    0x0000000000004a0c       0x40 build/nrf52840/dk/obj/nullnet.o
 .text.nullnet_set_input_callback
                0x0000000000004a4c        0xc build/nrf52840/dk/obj/nullnet.o
                0x0000000000004a4c                nullnet_set_input_callback
 .text.init     0x0000000000004a58        0x4 build/nrf52840/dk/obj/nullrouting.o
 .text.root_set_prefix
                0x0000000000004a5c        0x4 build/nrf52840/dk/obj/nullrouting.o
 .text.root_start
                0x0000000000004a60        0x4 build/nrf52840/dk/obj/nullrouting.o
 .text.get_root_ipaddr
                0x0000000000004a64        0x4 build/nrf52840/dk/obj/nullrouting.o
 .text.get_sr_node_ipaddr
                0x0000000000004a68        0x4 build/nrf52840/dk/obj/nullrouting.o
 .text.node_has_joined
                0x0000000000004a6c        0x4 build/nrf52840/dk/obj/nullrouting.o
 .text.global_repair
                0x0000000000004a70        0x4 build/nrf52840/dk/obj/nullrouting.o
 .text.ext_header_remove
                0x0000000000004a74        0x4 build/nrf52840/dk/obj/nullrouting.o
 .text.ext_header_hbh_update
                0x0000000000004a78        0x4 build/nrf52840/dk/obj/nullrouting.o
 .text.link_callback
                0x0000000000004a7c        0x4 build/nrf52840/dk/obj/nullrouting.o
 .text.is_in_leaf_mode
                0x0000000000004a80        0x4 build/nrf52840/dk/obj/nullrouting.o
 .text.local_repair
                0x0000000000004a84        0x4 build/nrf52840/dk/obj/nullrouting.o
 .text.ext_header_srh_get_next_hop
                0x0000000000004a88        0x4 build/nrf52840/dk/obj/nullrouting.o
 .text.neighbor_state_changed
                0x0000000000004a8c        0x4 build/nrf52840/dk/obj/nullrouting.o
 .text.drop_route
                0x0000000000004a90        0x4 build/nrf52840/dk/obj/nullrouting.o
 .text.node_is_root
                0x0000000000004a94        0x4 build/nrf52840/dk/obj/nullrouting.o
 .text.node_is_reachable
                0x0000000000004a98        0x4 build/nrf52840/dk/obj/nullrouting.o
 .text.ext_header_update
                0x0000000000004a9c        0x4 build/nrf52840/dk/obj/nullrouting.o
 .text.ext_header_srh_update
                0x0000000000004aa0        0x4 build/nrf52840/dk/obj/nullrouting.o
 .text.leave_network
                0x0000000000004aa4        0x4 build/nrf52840/dk/obj/nullrouting.o
 .text.process_thread_basestation_process
                0x0000000000004aa8       0x28 basestation2.o
 .text.recv     0x0000000000004ad0       0xf4 basestation2.o
 .text.process_thread_led_btn_process
                0x0000000000004bc4       0x54 basestation2.o
 .text.process_thread_led_shk_process
                0x0000000000004c18       0x54 basestation2.o
 .text          0x0000000000004c6c       0x30 /home/wcnes/gcc-arm-none-eabi-9-2020-q2-update/bin/../lib/gcc/arm-none-eabi/9.3.1/thumb/v7e-m+fp/hard/libgcc.a(_aeabi_uldivmod.o)
                0x0000000000004c6c                __aeabi_uldivmod
 .text          0x0000000000004c9c      0x2c4 /home/wcnes/gcc-arm-none-eabi-9-2020-q2-update/bin/../lib/gcc/arm-none-eabi/9.3.1/thumb/v7e-m+fp/hard/libgcc.a(_udivmoddi4.o)
                0x0000000000004c9c                __udivmoddi4
 .text          0x0000000000004f60        0x4 /home/wcnes/gcc-arm-none-eabi-9-2020-q2-update/bin/../lib/gcc/arm-none-eabi/9.3.1/thumb/v7e-m+fp/hard/libgcc.a(_dvmd_tls.o)
                0x0000000000004f60                __aeabi_ldiv0
                0x0000000000004f60                __aeabi_idiv0
 .text.srand    0x0000000000004f64       0x5c /home/wcnes/gcc-arm-none-eabi-9-2020-q2-update/bin/../lib/gcc/arm-none-eabi/9.3.1/../../../../arm-none-eabi/lib/thumb/v7e-m+fp/hard/libc_nano.a(lib_a-rand.o)
                0x0000000000004f64                srand
 .text.rand     0x0000000000004fc0       0x80 /home/wcnes/gcc-arm-none-eabi-9-2020-q2-update/bin/../lib/gcc/arm-none-eabi/9.3.1/../../../../arm-none-eabi/lib/thumb/v7e-m+fp/hard/libc_nano.a(lib_a-rand.o)
                0x0000000000004fc0                rand
 .text.__assert_func
                0x0000000000005040       0x3c /home/wcnes/gcc-arm-none-eabi-9-2020-q2-update/bin/../lib/gcc/arm-none-eabi/9.3.1/../../../../arm-none-eabi/lib/thumb/v7e-m+fp/hard/libc_nano.a(lib_a-assert.o)
                0x0000000000005040                __assert_func
 .text.fprintf  0x000000000000507c       0x24 /home/wcnes/gcc-arm-none-eabi-9-2020-q2-update/bin/../lib/gcc/arm-none-eabi/9.3.1/../../../../arm-none-eabi/lib/thumb/v7e-m+fp/hard/libc_nano.a(lib_a-fprintf.o)
                0x000000000000507c                fprintf
                0x000000000000507c                fiprintf
 .text.malloc   0x00000000000050a0       0x10 /home/wcnes/gcc-arm-none-eabi-9-2020-q2-update/bin/../lib/gcc/arm-none-eabi/9.3.1/../../../../arm-none-eabi/lib/thumb/v7e-m+fp/hard/libc_nano.a(lib_a-malloc.o)
                0x00000000000050a0                malloc
 .text._free_r  0x00000000000050b0       0xa0 /home/wcnes/gcc-arm-none-eabi-9-2020-q2-update/bin/../lib/gcc/arm-none-eabi/9.3.1/../../../../arm-none-eabi/lib/thumb/v7e-m+fp/hard/libc_nano.a(lib_a-nano-freer.o)
                0x00000000000050b0                _free_r
 .text._malloc_r
                0x0000000000005150       0xb4 /home/wcnes/gcc-arm-none-eabi-9-2020-q2-update/bin/../lib/gcc/arm-none-eabi/9.3.1/../../../../arm-none-eabi/lib/thumb/v7e-m+fp/hard/libc_nano.a(lib_a-nano-mallocr.o)
                0x0000000000005150                _malloc_r
 .text._vfprintf_r
                0x0000000000005204      0x260 /home/wcnes/gcc-arm-none-eabi-9-2020-q2-update/bin/../lib/gcc/arm-none-eabi/9.3.1/../../../../arm-none-eabi/lib/thumb/v7e-m+fp/hard/libc_nano.a(lib_a-nano-vfprintf.o)
                0x0000000000005204                _vfiprintf_r
                0x0000000000005204                _vfprintf_r
 .text._printf_i
                0x0000000000005464      0x24c /home/wcnes/gcc-arm-none-eabi-9-2020-q2-update/bin/../lib/gcc/arm-none-eabi/9.3.1/../../../../arm-none-eabi/lib/thumb/v7e-m+fp/hard/libc_nano.a(lib_a-nano-vfprintf_i.o)
                0x0000000000005464                _printf_i
 .text._sbrk_r  0x00000000000056b0       0x20 /home/wcnes/gcc-arm-none-eabi-9-2020-q2-update/bin/../lib/gcc/arm-none-eabi/9.3.1/../../../../arm-none-eabi/lib/thumb/v7e-m+fp/hard/libc_nano.a(lib_a-sbrkr.o)
                0x00000000000056b0                _sbrk_r
 .text.__swbuf_r
                0x00000000000056d0       0xa4 /home/wcnes/gcc-arm-none-eabi-9-2020-q2-update/bin/../lib/gcc/arm-none-eabi/9.3.1/../../../../arm-none-eabi/lib/thumb/v7e-m+fp/hard/libc_nano.a(lib_a-wbuf.o)
                0x00000000000056d0                __swbuf_r
 .text.__swsetup_r
                0x0000000000005774       0xdc /home/wcnes/gcc-arm-none-eabi-9-2020-q2-update/bin/../lib/gcc/arm-none-eabi/9.3.1/../../../../arm-none-eabi/lib/thumb/v7e-m+fp/hard/libc_nano.a(lib_a-wsetup.o)
                0x0000000000005774                __swsetup_r
 .text.__sflush_r
                0x0000000000005850      0x10c /home/wcnes/gcc-arm-none-eabi-9-2020-q2-update/bin/../lib/gcc/arm-none-eabi/9.3.1/../../../../arm-none-eabi/lib/thumb/v7e-m+fp/hard/libc_nano.a(lib_a-fflush.o)
                0x0000000000005850                __sflush_r
 .text._fflush_r
                0x000000000000595c       0x78 /home/wcnes/gcc-arm-none-eabi-9-2020-q2-update/bin/../lib/gcc/arm-none-eabi/9.3.1/../../../../arm-none-eabi/lib/thumb/v7e-m+fp/hard/libc_nano.a(lib_a-fflush.o)
                0x000000000000595c                _fflush_r
 .text.std      0x00000000000059d4       0x48 /home/wcnes/gcc-arm-none-eabi-9-2020-q2-update/bin/../lib/gcc/arm-none-eabi/9.3.1/../../../../arm-none-eabi/lib/thumb/v7e-m+fp/hard/libc_nano.a(lib_a-findfp.o)
 .text._cleanup_r
                0x0000000000005a1c        0xc /home/wcnes/gcc-arm-none-eabi-9-2020-q2-update/bin/../lib/gcc/arm-none-eabi/9.3.1/../../../../arm-none-eabi/lib/thumb/v7e-m+fp/hard/libc_nano.a(lib_a-findfp.o)
                0x0000000000005a1c                _cleanup_r
 .text.__sfp_lock_acquire
                0x0000000000005a28        0xc /home/wcnes/gcc-arm-none-eabi-9-2020-q2-update/bin/../lib/gcc/arm-none-eabi/9.3.1/../../../../arm-none-eabi/lib/thumb/v7e-m+fp/hard/libc_nano.a(lib_a-findfp.o)
                0x0000000000005a28                __sfp_lock_acquire
 .text.__sfp_lock_release
                0x0000000000005a34        0xc /home/wcnes/gcc-arm-none-eabi-9-2020-q2-update/bin/../lib/gcc/arm-none-eabi/9.3.1/../../../../arm-none-eabi/lib/thumb/v7e-m+fp/hard/libc_nano.a(lib_a-findfp.o)
                0x0000000000005a34                __sfp_lock_release
 .text.__sinit_lock_acquire
                0x0000000000005a40        0xc /home/wcnes/gcc-arm-none-eabi-9-2020-q2-update/bin/../lib/gcc/arm-none-eabi/9.3.1/../../../../arm-none-eabi/lib/thumb/v7e-m+fp/hard/libc_nano.a(lib_a-findfp.o)
                0x0000000000005a40                __sinit_lock_acquire
 .text.__sinit_lock_release
                0x0000000000005a4c        0xc /home/wcnes/gcc-arm-none-eabi-9-2020-q2-update/bin/../lib/gcc/arm-none-eabi/9.3.1/../../../../arm-none-eabi/lib/thumb/v7e-m+fp/hard/libc_nano.a(lib_a-findfp.o)
                0x0000000000005a4c                __sinit_lock_release
 .text.__sinit  0x0000000000005a58       0x70 /home/wcnes/gcc-arm-none-eabi-9-2020-q2-update/bin/../lib/gcc/arm-none-eabi/9.3.1/../../../../arm-none-eabi/lib/thumb/v7e-m+fp/hard/libc_nano.a(lib_a-findfp.o)
                0x0000000000005a58                __sinit
 .text.__sfp    0x0000000000005ac8       0x8c /home/wcnes/gcc-arm-none-eabi-9-2020-q2-update/bin/../lib/gcc/arm-none-eabi/9.3.1/../../../../arm-none-eabi/lib/thumb/v7e-m+fp/hard/libc_nano.a(lib_a-findfp.o)
                0x0000000000005ac8                __sfp
 .text.__smakebuf_r
                0x0000000000005b54       0x80 /home/wcnes/gcc-arm-none-eabi-9-2020-q2-update/bin/../lib/gcc/arm-none-eabi/9.3.1/../../../../arm-none-eabi/lib/thumb/v7e-m+fp/hard/libc_nano.a(lib_a-makebuf.o)
                0x0000000000005b54                __smakebuf_r
 .text.__malloc_lock
                0x0000000000005bd4        0xc /home/wcnes/gcc-arm-none-eabi-9-2020-q2-update/bin/../lib/gcc/arm-none-eabi/9.3.1/../../../../arm-none-eabi/lib/thumb/v7e-m+fp/hard/libc_nano.a(lib_a-mlock.o)
                0x0000000000005bd4                __malloc_lock
 .text.__malloc_unlock
                0x0000000000005be0        0xc /home/wcnes/gcc-arm-none-eabi-9-2020-q2-update/bin/../lib/gcc/arm-none-eabi/9.3.1/../../../../arm-none-eabi/lib/thumb/v7e-m+fp/hard/libc_nano.a(lib_a-mlock.o)
                0x0000000000005be0                __malloc_unlock
 .text.raise    0x0000000000005bec       0x10 /home/wcnes/gcc-arm-none-eabi-9-2020-q2-update/bin/../lib/gcc/arm-none-eabi/9.3.1/../../../../arm-none-eabi/lib/thumb/v7e-m+fp/hard/libc_nano.a(lib_a-signal.o)
                0x0000000000005bec                raise
 .text._kill_r  0x0000000000005bfc       0x24 /home/wcnes/gcc-arm-none-eabi-9-2020-q2-update/bin/../lib/gcc/arm-none-eabi/9.3.1/../../../../arm-none-eabi/lib/thumb/v7e-m+fp/hard/libc_nano.a(lib_a-signalr.o)
                0x0000000000005bfc                _kill_r
 .text._write_r
                0x0000000000005c20       0x24 /home/wcnes/gcc-arm-none-eabi-9-2020-q2-update/bin/../lib/gcc/arm-none-eabi/9.3.1/../../../../arm-none-eabi/lib/thumb/v7e-m+fp/hard/libc_nano.a(lib_a-writer.o)
                0x0000000000005c20                _write_r
 .text._close_r
                0x0000000000005c44       0x20 /home/wcnes/gcc-arm-none-eabi-9-2020-q2-update/bin/../lib/gcc/arm-none-eabi/9.3.1/../../../../arm-none-eabi/lib/thumb/v7e-m+fp/hard/libc_nano.a(lib_a-closer.o)
                0x0000000000005c44                _close_r
 .text._fstat_r
                0x0000000000005c64       0x24 /home/wcnes/gcc-arm-none-eabi-9-2020-q2-update/bin/../lib/gcc/arm-none-eabi/9.3.1/../../../../arm-none-eabi/lib/thumb/v7e-m+fp/hard/libc_nano.a(lib_a-fstatr.o)
                0x0000000000005c64                _fstat_r
 .text._isatty_r
                0x0000000000005c88       0x20 /home/wcnes/gcc-arm-none-eabi-9-2020-q2-update/bin/../lib/gcc/arm-none-eabi/9.3.1/../../../../arm-none-eabi/lib/thumb/v7e-m+fp/hard/libc_nano.a(lib_a-isattyr.o)
                0x0000000000005c88                _isatty_r
 .text._lseek_r
                0x0000000000005ca8       0x24 /home/wcnes/gcc-arm-none-eabi-9-2020-q2-update/bin/../lib/gcc/arm-none-eabi/9.3.1/../../../../arm-none-eabi/lib/thumb/v7e-m+fp/hard/libc_nano.a(lib_a-lseekr.o)
                0x0000000000005ca8                _lseek_r
 .text._read_r  0x0000000000005ccc       0x24 /home/wcnes/gcc-arm-none-eabi-9-2020-q2-update/bin/../lib/gcc/arm-none-eabi/9.3.1/../../../../arm-none-eabi/lib/thumb/v7e-m+fp/hard/libc_nano.a(lib_a-readr.o)
                0x0000000000005ccc                _read_r
 .text._close   0x0000000000005cf0       0x10 /home/wcnes/gcc-arm-none-eabi-9-2020-q2-update/bin/../lib/gcc/arm-none-eabi/9.3.1/../../../../arm-none-eabi/lib/thumb/v7e-m+fp/hard/libnosys.a(close.o)
                0x0000000000005cf0                _close
 .text._fstat   0x0000000000005d00       0x10 /home/wcnes/gcc-arm-none-eabi-9-2020-q2-update/bin/../lib/gcc/arm-none-eabi/9.3.1/../../../../arm-none-eabi/lib/thumb/v7e-m+fp/hard/libnosys.a(fstat.o)
                0x0000000000005d00                _fstat
 .text._getpid  0x0000000000005d10       0x10 /home/wcnes/gcc-arm-none-eabi-9-2020-q2-update/bin/../lib/gcc/arm-none-eabi/9.3.1/../../../../arm-none-eabi/lib/thumb/v7e-m+fp/hard/libnosys.a(getpid.o)
                0x0000000000005d10                _getpid
 .text._isatty  0x0000000000005d20       0x10 /home/wcnes/gcc-arm-none-eabi-9-2020-q2-update/bin/../lib/gcc/arm-none-eabi/9.3.1/../../../../arm-none-eabi/lib/thumb/v7e-m+fp/hard/libnosys.a(isatty.o)
                0x0000000000005d20                _isatty
 .text._kill    0x0000000000005d30       0x10 /home/wcnes/gcc-arm-none-eabi-9-2020-q2-update/bin/../lib/gcc/arm-none-eabi/9.3.1/../../../../arm-none-eabi/lib/thumb/v7e-m+fp/hard/libnosys.a(kill.o)
                0x0000000000005d30                _kill
 .text._lseek   0x0000000000005d40       0x10 /home/wcnes/gcc-arm-none-eabi-9-2020-q2-update/bin/../lib/gcc/arm-none-eabi/9.3.1/../../../../arm-none-eabi/lib/thumb/v7e-m+fp/hard/libnosys.a(lseek.o)
                0x0000000000005d40                _lseek
 .text._read    0x0000000000005d50       0x10 /home/wcnes/gcc-arm-none-eabi-9-2020-q2-update/bin/../lib/gcc/arm-none-eabi/9.3.1/../../../../arm-none-eabi/lib/thumb/v7e-m+fp/hard/libnosys.a(read.o)
                0x0000000000005d50                _read
 .text._write   0x0000000000005d60       0x10 /home/wcnes/gcc-arm-none-eabi-9-2020-q2-update/bin/../lib/gcc/arm-none-eabi/9.3.1/../../../../arm-none-eabi/lib/thumb/v7e-m+fp/hard/libnosys.a(write.o)
                0x0000000000005d60                _write
 .text.memset   0x0000000000005d70       0x10 /home/wcnes/gcc-arm-none-eabi-9-2020-q2-update/bin/../lib/gcc/arm-none-eabi/9.3.1/../../../../arm-none-eabi/lib/thumb/v7e-m+fp/hard/libc_nano.a(lib_a-memset.o)
                0x0000000000005d70                memset
 .text.memcmp   0x0000000000005d80       0x1c /home/wcnes/gcc-arm-none-eabi-9-2020-q2-update/bin/../lib/gcc/arm-none-eabi/9.3.1/../../../../arm-none-eabi/lib/thumb/v7e-m+fp/hard/libc_nano.a(lib_a-memcmp.o)
                0x0000000000005d80                memcmp
 .text.memcpy   0x0000000000005d9c       0x1c /home/wcnes/gcc-arm-none-eabi-9-2020-q2-update/bin/../lib/gcc/arm-none-eabi/9.3.1/../../../../arm-none-eabi/lib/thumb/v7e-m+fp/hard/libc_nano.a(lib_a-memcpy-stub.o)
                0x0000000000005d9c                memcpy
 .text          0x0000000000005db8       0x14 /home/wcnes/gcc-arm-none-eabi-9-2020-q2-update/bin/../lib/gcc/arm-none-eabi/9.3.1/../../../../arm-none-eabi/lib/thumb/v7e-m+fp/hard/libc_nano.a(lib_a-strcmp.o)
                0x0000000000005db8                strcmp
 .text.__sfputc_r
                0x0000000000005dcc       0x2e /home/wcnes/gcc-arm-none-eabi-9-2020-q2-update/bin/../lib/gcc/arm-none-eabi/9.3.1/../../../../arm-none-eabi/lib/thumb/v7e-m+fp/hard/libc_nano.a(lib_a-nano-vfprintf.o)
 .text.__sfputs_r
                0x0000000000005dfa       0x24 /home/wcnes/gcc-arm-none-eabi-9-2020-q2-update/bin/../lib/gcc/arm-none-eabi/9.3.1/../../../../arm-none-eabi/lib/thumb/v7e-m+fp/hard/libc_nano.a(lib_a-nano-vfprintf.o)
                0x0000000000005dfa                __sfputs_r
 .text._printf_common
                0x0000000000005e1e       0xda /home/wcnes/gcc-arm-none-eabi-9-2020-q2-update/bin/../lib/gcc/arm-none-eabi/9.3.1/../../../../arm-none-eabi/lib/thumb/v7e-m+fp/hard/libc_nano.a(lib_a-nano-vfprintf_i.o)
                0x0000000000005e1e                _printf_common
 .text.abort    0x0000000000005ef8        0xe /home/wcnes/gcc-arm-none-eabi-9-2020-q2-update/bin/../lib/gcc/arm-none-eabi/9.3.1/../../../../arm-none-eabi/lib/thumb/v7e-m+fp/hard/libc_nano.a(lib_a-abort.o)
                0x0000000000005ef8                abort
 .text.__sfmoreglue
                0x0000000000005f06       0x2c /home/wcnes/gcc-arm-none-eabi-9-2020-q2-update/bin/../lib/gcc/arm-none-eabi/9.3.1/../../../../arm-none-eabi/lib/thumb/v7e-m+fp/hard/libc_nano.a(lib_a-findfp.o)
                0x0000000000005f06                __sfmoreglue
 .text._fwalk_reent
                0x0000000000005f32       0x3e /home/wcnes/gcc-arm-none-eabi-9-2020-q2-update/bin/../lib/gcc/arm-none-eabi/9.3.1/../../../../arm-none-eabi/lib/thumb/v7e-m+fp/hard/libc_nano.a(lib_a-fwalk.o)
                0x0000000000005f32                _fwalk_reent
 .text.__retarget_lock_init_recursive
                0x0000000000005f70        0x2 /home/wcnes/gcc-arm-none-eabi-9-2020-q2-update/bin/../lib/gcc/arm-none-eabi/9.3.1/../../../../arm-none-eabi/lib/thumb/v7e-m+fp/hard/libc_nano.a(lib_a-lock.o)
                0x0000000000005f70                __retarget_lock_init_recursive
 .text.__retarget_lock_acquire_recursive
                0x0000000000005f72        0x2 /home/wcnes/gcc-arm-none-eabi-9-2020-q2-update/bin/../lib/gcc/arm-none-eabi/9.3.1/../../../../arm-none-eabi/lib/thumb/v7e-m+fp/hard/libc_nano.a(lib_a-lock.o)
                0x0000000000005f72                __retarget_lock_acquire_recursive
 .text.__retarget_lock_release_recursive
                0x0000000000005f74        0x2 /home/wcnes/gcc-arm-none-eabi-9-2020-q2-update/bin/../lib/gcc/arm-none-eabi/9.3.1/../../../../arm-none-eabi/lib/thumb/v7e-m+fp/hard/libc_nano.a(lib_a-lock.o)
                0x0000000000005f74                __retarget_lock_release_recursive
 .text.__swhatbuf_r
                0x0000000000005f76       0x48 /home/wcnes/gcc-arm-none-eabi-9-2020-q2-update/bin/../lib/gcc/arm-none-eabi/9.3.1/../../../../arm-none-eabi/lib/thumb/v7e-m+fp/hard/libc_nano.a(lib_a-makebuf.o)
                0x0000000000005f76                __swhatbuf_r
 .text._raise_r
                0x0000000000005fbe       0x50 /home/wcnes/gcc-arm-none-eabi-9-2020-q2-update/bin/../lib/gcc/arm-none-eabi/9.3.1/../../../../arm-none-eabi/lib/thumb/v7e-m+fp/hard/libc_nano.a(lib_a-signal.o)
                0x0000000000005fbe                _raise_r
 .text._getpid_r
                0x000000000000600e        0x4 /home/wcnes/gcc-arm-none-eabi-9-2020-q2-update/bin/../lib/gcc/arm-none-eabi/9.3.1/../../../../arm-none-eabi/lib/thumb/v7e-m+fp/hard/libc_nano.a(lib_a-signalr.o)
                0x000000000000600e                _getpid_r
 .text.__sread  0x0000000000006012       0x22 /home/wcnes/gcc-arm-none-eabi-9-2020-q2-update/bin/../lib/gcc/arm-none-eabi/9.3.1/../../../../arm-none-eabi/lib/thumb/v7e-m+fp/hard/libc_nano.a(lib_a-stdio.o)
                0x0000000000006012                __sread
 .text.__swrite
                0x0000000000006034       0x38 /home/wcnes/gcc-arm-none-eabi-9-2020-q2-update/bin/../lib/gcc/arm-none-eabi/9.3.1/../../../../arm-none-eabi/lib/thumb/v7e-m+fp/hard/libc_nano.a(lib_a-stdio.o)
                0x0000000000006034                __swrite
 .text.__sseek  0x000000000000606c       0x24 /home/wcnes/gcc-arm-none-eabi-9-2020-q2-update/bin/../lib/gcc/arm-none-eabi/9.3.1/../../../../arm-none-eabi/lib/thumb/v7e-m+fp/hard/libc_nano.a(lib_a-stdio.o)
                0x000000000000606c                __sseek
 .text.__sclose
                0x0000000000006090        0x8 /home/wcnes/gcc-arm-none-eabi-9-2020-q2-update/bin/../lib/gcc/arm-none-eabi/9.3.1/../../../../arm-none-eabi/lib/thumb/v7e-m+fp/hard/libc_nano.a(lib_a-stdio.o)
                0x0000000000006090                __sclose
 *(.init)
 .init          0x0000000000006098        0x4 /home/wcnes/gcc-arm-none-eabi-9-2020-q2-update/bin/../lib/gcc/arm-none-eabi/9.3.1/thumb/v7e-m+fp/hard/crti.o
                0x0000000000006098                _init
 .init          0x000000000000609c        0x8 /home/wcnes/gcc-arm-none-eabi-9-2020-q2-update/bin/../lib/gcc/arm-none-eabi/9.3.1/thumb/v7e-m+fp/hard/crtn.o
 *(.fini)
 .fini          0x00000000000060a4        0x4 /home/wcnes/gcc-arm-none-eabi-9-2020-q2-update/bin/../lib/gcc/arm-none-eabi/9.3.1/thumb/v7e-m+fp/hard/crti.o
                0x00000000000060a4                _fini
 .fini          0x00000000000060a8        0x8 /home/wcnes/gcc-arm-none-eabi-9-2020-q2-update/bin/../lib/gcc/arm-none-eabi/9.3.1/thumb/v7e-m+fp/hard/crtn.o
 *crtbegin.o(SORT_BY_ALIGNMENT(.ctors))
 *crtbegin?.o(SORT_BY_ALIGNMENT(.ctors))
 *(SORT_BY_ALIGNMENT(EXCLUDE_FILE(*crtend.o *crtend?.o) .ctors))
 *(SORT_BY_NAME(SORT_BY_ALIGNMENT(.ctors.*)))
 *(SORT_BY_ALIGNMENT(.ctors))
 *crtbegin.o(SORT_BY_ALIGNMENT(.dtors))
 *crtbegin?.o(SORT_BY_ALIGNMENT(.dtors))
 *(SORT_BY_ALIGNMENT(EXCLUDE_FILE(*crtend.o *crtend?.o) .dtors))
 *(SORT_BY_NAME(SORT_BY_ALIGNMENT(.dtors.*)))
 *(SORT_BY_ALIGNMENT(.dtors))
 *(SORT_BY_ALIGNMENT(.rodata*))
 .rodata._global_impure_ptr
                0x00000000000060b0        0x4 /home/wcnes/gcc-arm-none-eabi-9-2020-q2-update/bin/../lib/gcc/arm-none-eabi/9.3.1/../../../../arm-none-eabi/lib/thumb/v7e-m+fp/hard/libc_nano.a(lib_a-impure.o)
                0x00000000000060b0                _global_impure_ptr
 .rodata.leds_arch_leds
                0x00000000000060b4        0xc build/nrf52840/dk/obj/board-leds.o
                0x00000000000060b4                leds_arch_leds
 .rodata.str1.4
                0x00000000000060c0       0x2d build/nrf52840/dk/obj/board-buttons.o
 *fill*         0x00000000000060ed        0x3 
 .rodata.str1.4
                0x00000000000060f0        0xc build/nrf52840/dk/obj/temperature-sensor.o
 .rodata.temperature_sensor
                0x00000000000060fc       0x10 build/nrf52840/dk/obj/temperature-sensor.o
                0x00000000000060fc                temperature_sensor
 .rodata        0x000000000000610c        0x6 build/nrf52840/dk/obj/clock.o
 *fill*         0x0000000000006112        0x2 
 .rodata.rtc    0x0000000000006114        0x8 build/nrf52840/dk/obj/clock.o
                0x0000000000006114                rtc
 .rodata        0x000000000000611c        0xc build/nrf52840/dk/obj/watchdog.o
 .rodata.prepare.str1.4
                0x0000000000006128       0x40 build/nrf52840/dk/obj/nrf52840-ieee.o
 .rodata.transmit.str1.4
                0x0000000000006168       0x19 build/nrf52840/dk/obj/nrf52840-ieee.o
 *fill*         0x0000000000006181        0x3 
 .rodata.str1.4
                0x0000000000006184       0x18 build/nrf52840/dk/obj/nrf52840-ieee.o
 .rodata.nrf52840_ieee_driver
                0x000000000000619c       0x38 build/nrf52840/dk/obj/nrf52840-ieee.o
                0x000000000000619c                nrf52840_ieee_driver
 .rodata.main.str1.4
                0x00000000000061d4       0xd1 build/nrf52840/dk/obj/contiki-main.o
                                         0xe6 (size before relaxing)
 *fill*         0x00000000000062a5        0x3 
 .rodata.str1.4
                0x00000000000062a8        0xf build/nrf52840/dk/obj/ctimer.o
 *fill*         0x00000000000062b7        0x1 
 .rodata.str1.4
                0x00000000000062b8        0xc build/nrf52840/dk/obj/etimer.o
 .rodata.log_lladdr.str1.4
                0x00000000000062c4       0x19 build/nrf52840/dk/obj/log.o
 *fill*         0x00000000000062dd        0x3 
 .rodata.process_thread_stack_check_process.str1.4
                0x00000000000062e0       0x4f build/nrf52840/dk/obj/stack-check.o
                                         0x63 (size before relaxing)
 *fill*         0x000000000000632f        0x1 
 .rodata.str1.4
                0x0000000000006330        0xc build/nrf52840/dk/obj/stack-check.o
 .rodata.str1.4
                0x000000000000633c        0x8 build/nrf52840/dk/obj/sensors.o
 .rodata.str1.4
                0x0000000000006344       0x13 build/nrf52840/dk/obj/button-hal.o
 *fill*         0x0000000000006357        0x1 
 .rodata.str1.4
                0x0000000000006358        0xe build/nrf52840/dk/obj/serial-line.o
 *fill*         0x0000000000006366        0x2 
 .rodata.linkaddr_null
                0x0000000000006368        0x8 build/nrf52840/dk/obj/linkaddr.o
                0x0000000000006368                linkaddr_null
 .rodata.framer_802154
                0x0000000000006370        0xc build/nrf52840/dk/obj/framer-802154.o
                0x0000000000006370                framer_802154
 .rodata.format_str_v.str1.4
                0x000000000000637c       0x46 build/nrf52840/dk/obj/strformat.o
 *fill*         0x00000000000063c2        0x2 
 .rodata.buffer.8952
                0x00000000000063c4       0x10 build/nrf52840/dk/obj/strformat.o
 .rodata.buffer.8961
                0x00000000000063d4       0x10 build/nrf52840/dk/obj/strformat.o
 .rodata.str1.4
                0x00000000000063e4        0x5 build/nrf52840/dk/obj/csma.o
 *fill*         0x00000000000063e9        0x3 
 .rodata.csma_driver
                0x00000000000063ec       0x1c build/nrf52840/dk/obj/csma.o
                0x00000000000063ec                csma_driver
 .rodata.str1.4
                0x0000000000006408        0x8 build/nrf52840/dk/obj/nullnet.o
 .rodata.nullnet_driver
                0x0000000000006410       0x10 build/nrf52840/dk/obj/nullnet.o
                0x0000000000006410                nullnet_driver
 .rodata.str1.4
                0x0000000000006420        0xc build/nrf52840/dk/obj/nullrouting.o
 .rodata.nullrouting_driver
                0x000000000000642c       0x54 build/nrf52840/dk/obj/nullrouting.o
                0x000000000000642c                nullrouting_driver
 .rodata.recv.str1.4
                0x0000000000006480       0x4a basestation2.o
                                         0x62 (size before relaxing)
 *fill*         0x00000000000064ca        0x2 
 .rodata.str1.4
                0x00000000000064cc       0x4c basestation2.o
 .rodata.autostart_processes
                0x0000000000006518       0x10 basestation2.o
                0x0000000000006518                autostart_processes
 .rodata.__sf_fake_stderr
                0x0000000000006528       0x20 /home/wcnes/gcc-arm-none-eabi-9-2020-q2-update/bin/../lib/gcc/arm-none-eabi/9.3.1/../../../../arm-none-eabi/lib/thumb/v7e-m+fp/hard/libc_nano.a(lib_a-findfp.o)
                0x0000000000006528                __sf_fake_stderr
 .rodata.__sf_fake_stdin
                0x0000000000006548       0x20 /home/wcnes/gcc-arm-none-eabi-9-2020-q2-update/bin/../lib/gcc/arm-none-eabi/9.3.1/../../../../arm-none-eabi/lib/thumb/v7e-m+fp/hard/libc_nano.a(lib_a-findfp.o)
                0x0000000000006548                __sf_fake_stdin
 .rodata.__sf_fake_stdout
                0x0000000000006568       0x20 /home/wcnes/gcc-arm-none-eabi-9-2020-q2-update/bin/../lib/gcc/arm-none-eabi/9.3.1/../../../../arm-none-eabi/lib/thumb/v7e-m+fp/hard/libc_nano.a(lib_a-findfp.o)
                0x0000000000006568                __sf_fake_stdout
 .rodata.srand.str1.1
                0x0000000000006588       0x93 /home/wcnes/gcc-arm-none-eabi-9-2020-q2-update/bin/../lib/gcc/arm-none-eabi/9.3.1/../../../../arm-none-eabi/lib/thumb/v7e-m+fp/hard/libc_nano.a(lib_a-rand.o)
 .rodata.__assert_func.str1.1
                0x000000000000661b       0x3c /home/wcnes/gcc-arm-none-eabi-9-2020-q2-update/bin/../lib/gcc/arm-none-eabi/9.3.1/../../../../arm-none-eabi/lib/thumb/v7e-m+fp/hard/libc_nano.a(lib_a-assert.o)
                                         0x3d (size before relaxing)
 .rodata._vfprintf_r.str1.1
                0x0000000000006657       0x11 /home/wcnes/gcc-arm-none-eabi-9-2020-q2-update/bin/../lib/gcc/arm-none-eabi/9.3.1/../../../../arm-none-eabi/lib/thumb/v7e-m+fp/hard/libc_nano.a(lib_a-nano-vfprintf.o)
 .rodata._printf_i.str1.1
                0x0000000000006668       0x22 /home/wcnes/gcc-arm-none-eabi-9-2020-q2-update/bin/../lib/gcc/arm-none-eabi/9.3.1/../../../../arm-none-eabi/lib/thumb/v7e-m+fp/hard/libc_nano.a(lib_a-nano-vfprintf_i.o)
 *(SORT_BY_ALIGNMENT(.eh_frame*))
 *fill*         0x000000000000668a        0x2 
 .eh_frame      0x000000000000668c        0x0 /home/wcnes/gcc-arm-none-eabi-9-2020-q2-update/bin/../lib/gcc/arm-none-eabi/9.3.1/thumb/v7e-m+fp/hard/crtbegin.o
 .eh_frame      0x000000000000668c        0x4 /home/wcnes/gcc-arm-none-eabi-9-2020-q2-update/bin/../lib/gcc/arm-none-eabi/9.3.1/thumb/v7e-m+fp/hard/crtend.o

.glue_7         0x0000000000006690        0x0
 .glue_7        0x0000000000006690        0x0 linker stubs

.glue_7t        0x0000000000006690        0x0
 .glue_7t       0x0000000000006690        0x0 linker stubs

.vfp11_veneer   0x0000000000006690        0x0
 .vfp11_veneer  0x0000000000006690        0x0 linker stubs

.v4_bx          0x0000000000006690        0x0
 .v4_bx         0x0000000000006690        0x0 linker stubs

.iplt           0x0000000000006690        0x0
 .iplt          0x0000000000006690        0x0 /home/wcnes/gcc-arm-none-eabi-9-2020-q2-update/bin/../lib/gcc/arm-none-eabi/9.3.1/thumb/v7e-m+fp/hard/crtbegin.o

.ARM.extab
 *(SORT_BY_ALIGNMENT(.ARM.extab*) SORT_BY_ALIGNMENT(.gnu.linkonce.armextab.*))
                0x0000000000006690                __exidx_start = .

.ARM.exidx      0x0000000000006690        0x8
 *(SORT_BY_ALIGNMENT(.ARM.exidx*) SORT_BY_ALIGNMENT(.gnu.linkonce.armexidx.*))
 .ARM.exidx     0x0000000000006690        0x8 /home/wcnes/gcc-arm-none-eabi-9-2020-q2-update/bin/../lib/gcc/arm-none-eabi/9.3.1/../../../../arm-none-eabi/lib/thumb/v7e-m+fp/hard/crt0.o
                                         0x10 (size before relaxing)
 .ARM.exidx     0x0000000000006698        0x0 /home/wcnes/gcc-arm-none-eabi-9-2020-q2-update/bin/../lib/gcc/arm-none-eabi/9.3.1/thumb/v7e-m+fp/hard/libgcc.a(_udivmoddi4.o)
                                          0x8 (size before relaxing)
                0x0000000000006698                __exidx_end = .
                0x0000000000006698                __etext = .

.rel.dyn        0x0000000000006698        0x0
 .rel.iplt      0x0000000000006698        0x0 /home/wcnes/gcc-arm-none-eabi-9-2020-q2-update/bin/../lib/gcc/arm-none-eabi/9.3.1/thumb/v7e-m+fp/hard/crtbegin.o

.data           0x0000000020000000      0x2c4 load address 0x0000000000006698
                0x0000000020000000                __data_start__ = .
 *(SORT_BY_ALIGNMENT(vtable))
 *(SORT_BY_ALIGNMENT(.data*))
 .data._impure_ptr
                0x0000000020000000        0x4 /home/wcnes/gcc-arm-none-eabi-9-2020-q2-update/bin/../lib/gcc/arm-none-eabi/9.3.1/../../../../arm-none-eabi/lib/thumb/v7e-m+fp/hard/libc_nano.a(lib_a-impure.o)
                0x0000000020000000                _impure_ptr
 .data.impure_data
                0x0000000020000004       0x60 /home/wcnes/gcc-arm-none-eabi-9-2020-q2-update/bin/../lib/gcc/arm-none-eabi/9.3.1/../../../../arm-none-eabi/lib/thumb/v7e-m+fp/hard/libc_nano.a(lib_a-impure.o)
 .data.btn_1    0x0000000020000064       0x50 build/nrf52840/dk/obj/board-buttons.o
 .data.btn_2    0x00000000200000b4       0x50 build/nrf52840/dk/obj/board-buttons.o
 .data.btn_3    0x0000000020000104       0x50 build/nrf52840/dk/obj/board-buttons.o
 .data.btn_4    0x0000000020000154       0x50 build/nrf52840/dk/obj/board-buttons.o
 .data.button_hal_buttons
                0x00000000200001a4       0x14 build/nrf52840/dk/obj/board-buttons.o
                0x00000000200001a4                button_hal_buttons
 .data.sensors  0x00000000200001b8        0x8 build/nrf52840/dk/obj/nrf52840dk-sensors.o
                0x00000000200001b8                sensors
 .data.nrf52840_ieee_rf_process
                0x00000000200001c0       0x10 build/nrf52840/dk/obj/nrf52840-ieee.o
                0x00000000200001c0                nrf52840_ieee_rf_process
 .data.rf_config
                0x00000000200001d0        0x8 build/nrf52840/dk/obj/nrf52840-ieee.o
 .data.SystemCoreClock
                0x00000000200001d8        0x4 build/nrf52840/dk/obj/system_nrf52840.o
                0x00000000200001d8                SystemCoreClock
 .data.ctimer_process
                0x00000000200001dc       0x10 build/nrf52840/dk/obj/ctimer.o
                0x00000000200001dc                ctimer_process
 .data.etimer_process
                0x00000000200001ec       0x10 build/nrf52840/dk/obj/etimer.o
                0x00000000200001ec                etimer_process
 .data.curr_log_level_main
                0x00000000200001fc        0x4 build/nrf52840/dk/obj/log.o
                0x00000000200001fc                curr_log_level_main
 .data.stack_check_process
                0x0000000020000200       0x10 build/nrf52840/dk/obj/stack-check.o
                0x0000000020000200                stack_check_process
 .data.sensors_process
                0x0000000020000210       0x10 build/nrf52840/dk/obj/sensors.o
                0x0000000020000210                sensors_process
 .data.button_hal_process
                0x0000000020000220       0x10 build/nrf52840/dk/obj/button-hal.o
                0x0000000020000220                button_hal_process
 .data.serial_line_process
                0x0000000020000230       0x10 build/nrf52840/dk/obj/serial-line.o
                0x0000000020000230                serial_line_process
 .data.bufmem   0x0000000020000240        0xc build/nrf52840/dk/obj/queuebuf.o
 .data.buframmem
                0x000000002000024c        0xc build/nrf52840/dk/obj/queuebuf.o
 .data.heap_end.5811
                0x0000000020000258        0x4 build/nrf52840/dk/obj/syscalls.o
 .data.ctxt     0x000000002000025c        0x8 build/nrf52840/dk/obj/printf.o
 .data.metadata_memb
                0x0000000020000264        0xc build/nrf52840/dk/obj/csma-output.o
 .data.neighbor_memb
                0x0000000020000270        0xc build/nrf52840/dk/obj/csma-output.o
 .data.packet_memb
                0x000000002000027c        0xc build/nrf52840/dk/obj/csma-output.o
 .data.basestation_process
                0x0000000020000288       0x10 basestation2.o
                0x0000000020000288                basestation_process
 .data.led_btn_process
                0x0000000020000298       0x10 basestation2.o
                0x0000000020000298                led_btn_process
 .data.led_shk_process
                0x00000000200002a8       0x10 basestation2.o
                0x00000000200002a8                led_shk_process
 .data.mac_pan_id
                0x00000000200002b8        0x2 build/nrf52840/dk/obj/frame802154.o
                0x00000000200002bc                . = ALIGN (0x4)
 *fill*         0x00000000200002ba        0x2 
                0x00000000200002bc                PROVIDE (__preinit_array_start = .)
 *(SORT_BY_ALIGNMENT(.preinit_array))
                0x00000000200002bc                PROVIDE (__preinit_array_end = .)
                0x00000000200002bc                . = ALIGN (0x4)
                0x00000000200002bc                PROVIDE (__init_array_start = .)
 *(SORT_BY_NAME(SORT_BY_ALIGNMENT(.init_array.*)))
 *(SORT_BY_ALIGNMENT(.init_array))
 .init_array    0x00000000200002bc        0x4 /home/wcnes/gcc-arm-none-eabi-9-2020-q2-update/bin/../lib/gcc/arm-none-eabi/9.3.1/thumb/v7e-m+fp/hard/crtbegin.o
                0x00000000200002c0                PROVIDE (__init_array_end = .)
                0x00000000200002c0                . = ALIGN (0x4)
                [!provide]                        PROVIDE (__fini_array_start = .)
 *(SORT_BY_NAME(SORT_BY_ALIGNMENT(.fini_array.*)))
 *(SORT_BY_ALIGNMENT(.fini_array))
 .fini_array    0x00000000200002c0        0x4 /home/wcnes/gcc-arm-none-eabi-9-2020-q2-update/bin/../lib/gcc/arm-none-eabi/9.3.1/thumb/v7e-m+fp/hard/crtbegin.o
                [!provide]                        PROVIDE (__fini_array_end = .)
 *(SORT_BY_ALIGNMENT(.jcr*))
                0x00000000200002c4                . = ALIGN (0x4)
                0x00000000200002c4                __data_end__ = .

.igot.plt       0x00000000200002c4        0x0 load address 0x000000000000695c
 .igot.plt      0x00000000200002c4        0x0 /home/wcnes/gcc-arm-none-eabi-9-2020-q2-update/bin/../lib/gcc/arm-none-eabi/9.3.1/thumb/v7e-m+fp/hard/crtbegin.o

.bss            0x00000000200002c4      0xdac load address 0x000000000000695c
                0x00000000200002c4                . = ALIGN (0x4)
                0x00000000200002c4                __bss_start__ = .
 *(SORT_BY_ALIGNMENT(.bss*))
 .bss           0x00000000200002c4       0x1c /home/wcnes/gcc-arm-none-eabi-9-2020-q2-update/bin/../lib/gcc/arm-none-eabi/9.3.1/thumb/v7e-m+fp/hard/crtbegin.o
 .bss.ticks     0x00000000200002e0        0x4 build/nrf52840/dk/obj/clock.o
 .bss.input_handler
                0x00000000200002e4        0x4 build/nrf52840/dk/obj/uart0.o
 .bss.rx_buf    0x00000000200002e8       0x81 build/nrf52840/dk/obj/nrf52840-ieee.o
 *fill*         0x0000000020000369        0x3 
 .bss.timestamps
                0x000000002000036c       0x14 build/nrf52840/dk/obj/nrf52840-ieee.o
 .bss.tx_buf    0x0000000020000380       0x7e build/nrf52840/dk/obj/nrf52840-ieee.o
 *fill*         0x00000000200003fe        0x2 
 .bss.m_in_critical_region
                0x0000000020000400        0x4 build/nrf52840/dk/obj/app_util_platform.o
 .bss.m_clock_cb
                0x0000000020000404        0x8 build/nrf52840/dk/obj/nrfx_clock.o
 .bss.m_cb      0x000000002000040c        0x3 build/nrf52840/dk/obj/nrfx_rtc.o
 *fill*         0x000000002000040f        0x1 
 .bss.m_handlers
                0x0000000020000410        0x4 build/nrf52840/dk/obj/nrfx_rtc.o
 .bss.m_cb      0x0000000020000414       0x6c build/nrf52840/dk/obj/nrfx_gpiote.o
 .bss.m_rng_hndl
                0x0000000020000480        0x4 build/nrf52840/dk/obj/nrfx_rng.o
 .bss.m_wdt_event_handler
                0x0000000020000484        0x4 build/nrf52840/dk/obj/nrfx_wdt.o
 .bss.m_clock_cb
                0x0000000020000488       0x14 build/nrf52840/dk/obj/nrf_drv_clock.o
 .bss.ctimer_list_list
                0x000000002000049c        0x4 build/nrf52840/dk/obj/ctimer.o
 .bss.next_expiration
                0x00000000200004a0        0x4 build/nrf52840/dk/obj/etimer.o
 .bss.timerlist
                0x00000000200004a4        0x4 build/nrf52840/dk/obj/etimer.o
 .bss.next_rtimer
                0x00000000200004a8        0x4 build/nrf52840/dk/obj/rtimer.o
 .bss.events    0x00000000200004ac      0x180 build/nrf52840/dk/obj/process.o
 .bss.process_current
                0x000000002000062c        0x4 build/nrf52840/dk/obj/process.o
                0x000000002000062c                process_current
 .bss.process_list
                0x0000000020000630        0x4 build/nrf52840/dk/obj/process.o
                0x0000000020000630                process_list
 .bss.et.9049   0x0000000020000634       0x10 build/nrf52840/dk/obj/stack-check.o
 .bss.events.9023
                0x0000000020000644        0x4 build/nrf52840/dk/obj/sensors.o
 .bss.i.9022    0x0000000020000648        0x4 build/nrf52840/dk/obj/sensors.o
 .bss.button_event_handlers
                0x000000002000064c       0x10 build/nrf52840/dk/obj/button-hal.o
 .bss.pmask     0x000000002000065c        0x4 build/nrf52840/dk/obj/button-hal.o
 .bss.buf.9006  0x0000000020000660       0x80 build/nrf52840/dk/obj/serial-line.o
 .bss.ptr.9007  0x00000000200006e0        0x4 build/nrf52840/dk/obj/serial-line.o
 .bss.rxbuf     0x00000000200006e4        0x8 build/nrf52840/dk/obj/serial-line.o
 .bss.rxbuf_data
                0x00000000200006ec       0x80 build/nrf52840/dk/obj/serial-line.o
 .bss.handlers_list
                0x000000002000076c        0x4 build/nrf52840/dk/obj/gpio-hal.o
 .bss.bufmem_memb_mem
                0x0000000020000770       0x20 build/nrf52840/dk/obj/queuebuf.o
 .bss.bufmem_memb_used
                0x0000000020000790        0x8 build/nrf52840/dk/obj/queuebuf.o
 .bss.buframmem_memb_mem
                0x0000000020000798      0x560 build/nrf52840/dk/obj/queuebuf.o
 .bss.buframmem_memb_used
                0x0000000020000cf8        0x8 build/nrf52840/dk/obj/queuebuf.o
 .bss.packetbuf_aligned
                0x0000000020000d00       0x80 build/nrf52840/dk/obj/packetbuf.o
 .bss.received_seqnos
                0x0000000020000d80      0x100 build/nrf52840/dk/obj/mac-sequence.o
 .bss.metadata_memb_memb_mem
                0x0000000020000e80       0x60 build/nrf52840/dk/obj/csma-output.o
 .bss.metadata_memb_memb_used
                0x0000000020000ee0        0x8 build/nrf52840/dk/obj/csma-output.o
 .bss.neighbor_list_list
                0x0000000020000ee8        0x4 build/nrf52840/dk/obj/csma-output.o
 .bss.neighbor_memb_memb_mem
                0x0000000020000eec       0x70 build/nrf52840/dk/obj/csma-output.o
 .bss.neighbor_memb_memb_used
                0x0000000020000f5c        0x2 build/nrf52840/dk/obj/csma-output.o
 *fill*         0x0000000020000f5e        0x2 
 .bss.packet_memb_memb_mem
                0x0000000020000f60       0x60 build/nrf52840/dk/obj/csma-output.o
 .bss.packet_memb_memb_used
                0x0000000020000fc0        0x8 build/nrf52840/dk/obj/csma-output.o
 .bss.current_callback
                0x0000000020000fc8        0x4 build/nrf52840/dk/obj/nullnet.o
 .bss.btn       0x0000000020000fcc        0x4 basestation2.o
 .bss.btn_time  0x0000000020000fd0        0x4 basestation2.o
 .bss.led_btn_timer
                0x0000000020000fd4       0x10 basestation2.o
 .bss.led_shk_timer
                0x0000000020000fe4       0x10 basestation2.o
 .bss.shk       0x0000000020000ff4        0x4 basestation2.o
 .bss.shk_time  0x0000000020000ff8        0x4 basestation2.o
 .bss.__malloc_free_list
                0x0000000020000ffc        0x4 /home/wcnes/gcc-arm-none-eabi-9-2020-q2-update/bin/../lib/gcc/arm-none-eabi/9.3.1/../../../../arm-none-eabi/lib/thumb/v7e-m+fp/hard/libc_nano.a(lib_a-nano-mallocr.o)
                0x0000000020000ffc                __malloc_free_list
 .bss.__malloc_sbrk_start
                0x0000000020001000        0x4 /home/wcnes/gcc-arm-none-eabi-9-2020-q2-update/bin/../lib/gcc/arm-none-eabi/9.3.1/../../../../arm-none-eabi/lib/thumb/v7e-m+fp/hard/libc_nano.a(lib_a-nano-mallocr.o)
                0x0000000020001000                __malloc_sbrk_start
 .bss.node_id   0x0000000020001004        0x2 build/nrf52840/dk/obj/node-id.o
                0x0000000020001004                node_id
 .bss.buflen    0x0000000020001006        0x2 build/nrf52840/dk/obj/packetbuf.o
 .bss.bufptr    0x0000000020001008        0x2 build/nrf52840/dk/obj/packetbuf.o
 .bss.wdt_channel_id
                0x000000002000100a        0x1 build/nrf52840/dk/obj/watchdog.o
 .bss.wdt_initialized
                0x000000002000100b        0x1 build/nrf52840/dk/obj/watchdog.o
 .bss.last_lqi  0x000000002000100c        0x1 build/nrf52840/dk/obj/nrf52840-ieee.o
 .bss.last_rssi
                0x000000002000100d        0x1 build/nrf52840/dk/obj/nrf52840-ieee.o
 .bss.m_alloc_index
                0x000000002000100e        0x1 build/nrf52840/dk/obj/nrfx_wdt.o
 .bss.m_state   0x000000002000100f        0x1 build/nrf52840/dk/obj/nrfx_wdt.o
 .bss.initialized
                0x0000000020001010        0x1 build/nrf52840/dk/obj/ctimer.o
 .bss.fevent    0x0000000020001011        0x1 build/nrf52840/dk/obj/process.o
 .bss.lastevent
                0x0000000020001012        0x1 build/nrf52840/dk/obj/process.o
 .bss.nevents   0x0000000020001013        0x1 build/nrf52840/dk/obj/process.o
 .bss.poll_requested
                0x0000000020001014        0x1 build/nrf52840/dk/obj/process.o
 .bss.num_sensors
                0x0000000020001015        0x1 build/nrf52840/dk/obj/sensors.o
 .bss.port_mask
                0x0000000020001016        0x1 build/nrf52840/dk/obj/button-hal.o
 .bss.hdrlen    0x0000000020001017        0x1 build/nrf52840/dk/obj/packetbuf.o
 .bss.initialized
                0x0000000020001018        0x1 build/nrf52840/dk/obj/framer-802154.o
 .bss.mac_dsn   0x0000000020001019        0x1 build/nrf52840/dk/obj/framer-802154.o
 .bss.initialized.9863
                0x000000002000101a        0x1 build/nrf52840/dk/obj/csma-output.o
 .bss.seqno.9864
                0x000000002000101b        0x1 build/nrf52840/dk/obj/csma-output.o
 *(SORT_BY_ALIGNMENT(COMMON))
 COMMON         0x000000002000101c        0x2 build/nrf52840/dk/obj/nrf52840dk-sensors.o
                0x000000002000101c                sensors_flags
 *fill*         0x000000002000101e        0x2 
 COMMON         0x0000000020001020       0x2a build/nrf52840/dk/obj/packetbuf.o
                0x0000000020001020                packetbuf_addrs
                0x0000000020001030                packetbuf_attrs
 *fill*         0x000000002000104a        0x2 
 COMMON         0x000000002000104c        0x8 build/nrf52840/dk/obj/linkaddr.o
                0x000000002000104c                linkaddr_node_addr
 COMMON         0x0000000020001054        0x6 build/nrf52840/dk/obj/nullnet.o
                0x0000000020001054                nullnet_buf
                0x0000000020001058                nullnet_len
 *fill*         0x000000002000105a        0x2 
 COMMON         0x000000002000105c        0x4 /home/wcnes/gcc-arm-none-eabi-9-2020-q2-update/bin/../lib/gcc/arm-none-eabi/9.3.1/../../../../arm-none-eabi/lib/thumb/v7e-m+fp/hard/libc_nano.a(lib_a-reent.o)
                0x000000002000105c                errno
 COMMON         0x0000000020001060        0x1 build/nrf52840/dk/obj/sensors.o
                0x0000000020001060                sensors_event
 COMMON         0x0000000020001061        0x3 build/nrf52840/dk/obj/button-hal.o
                0x0000000020001061                button_hal_release_event
                0x0000000020001062                button_hal_periodic_event
                0x0000000020001063                button_hal_press_event
 COMMON         0x0000000020001064        0x1 build/nrf52840/dk/obj/serial-line.o
                0x0000000020001064                serial_line_event_message
 COMMON         0x0000000020001065        0x9 /home/wcnes/gcc-arm-none-eabi-9-2020-q2-update/bin/../lib/gcc/arm-none-eabi/9.3.1/../../../../arm-none-eabi/lib/thumb/v7e-m+fp/hard/libc_nano.a(lib_a-lock.o)
                0x0000000020001065                __lock___atexit_recursive_mutex
                0x0000000020001066                __lock___arc4random_mutex
                0x0000000020001067                __lock___env_recursive_mutex
                0x0000000020001068                __lock___sinit_recursive_mutex
                0x0000000020001069                __lock___malloc_recursive_mutex
                0x000000002000106a                __lock___at_quick_exit_mutex
                0x000000002000106b                __lock___dd_hash_mutex
                0x000000002000106c                __lock___tz_mutex
                0x000000002000106d                __lock___sfp_recursive_mutex
                0x0000000020001070                . = ALIGN (0x4)
 *fill*         0x000000002000106e        0x2 
                0x0000000020001070                __bss_end__ = .

.heap           0x0000000020001070      0x200
                0x0000000020001070                __HeapBase = .
                0x0000000020001070                __end__ = .
                0x0000000020001070                PROVIDE (end = .)
 *(SORT_BY_ALIGNMENT(.heap*))
 .heap          0x0000000020001070      0x200 build/nrf52840/dk/obj/gcc_startup_nrf52840.o
                0x0000000020001270                __HeapLimit = .

.stack_dummy    0x0000000020001070     0x2000
 *(SORT_BY_ALIGNMENT(.stack*))
 .stack         0x0000000020001070     0x2000 build/nrf52840/dk/obj/gcc_startup_nrf52840.o
                0x0000000020040000                __StackTop = (ORIGIN (RAM) + LENGTH (RAM))
                0x000000002003e000                __StackLimit = (__StackTop - SIZEOF (.stack_dummy))
                0x0000000020040000                PROVIDE (__stack = __StackTop)
                0x0000000000000001                ASSERT ((__StackLimit >= __HeapLimit), region RAM overflowed with stack)
                0x00000000000002c4                DataInitFlashUsed = (__bss_start__ - __data_start__)
                0x0000000000006698                CodeFlashUsed = (__etext - ORIGIN (FLASH))
                0x000000000000695c                TotalFlashUsed = (CodeFlashUsed + DataInitFlashUsed)
                0x0000000000000001                ASSERT ((TotalFlashUsed <= LENGTH (FLASH)), region FLASH overflowed with .data and user data)
                0x0000000020001070                _stack = end
                0x0000000020040000                _stack_origin = (ORIGIN (RAM) + LENGTH (RAM))
                0x0000000020001070                _heap = _stack
                0x0000000020040000                _eheap = _stack_origin
OUTPUT(build/nrf52840/dk/basestation2.elf elf32-littlearm)
LOAD linker stubs

.ARM.attributes
                0x0000000000000000       0x30
 .ARM.attributes
                0x0000000000000000       0x1e /home/wcnes/gcc-arm-none-eabi-9-2020-q2-update/bin/../lib/gcc/arm-none-eabi/9.3.1/thumb/v7e-m+fp/hard/crti.o
 .ARM.attributes
                0x000000000000001e       0x34 /home/wcnes/gcc-arm-none-eabi-9-2020-q2-update/bin/../lib/gcc/arm-none-eabi/9.3.1/thumb/v7e-m+fp/hard/crtbegin.o
 .ARM.attributes
                0x0000000000000052       0x1c /home/wcnes/gcc-arm-none-eabi-9-2020-q2-update/bin/../lib/gcc/arm-none-eabi/9.3.1/../../../../arm-none-eabi/lib/thumb/v7e-m+fp/hard/crt0.o
 .ARM.attributes
                0x000000000000006e       0x34 /home/wcnes/gcc-arm-none-eabi-9-2020-q2-update/bin/../lib/gcc/arm-none-eabi/9.3.1/../../../../arm-none-eabi/lib/thumb/v7e-m+fp/hard/libc_nano.a(lib_a-exit.o)
 .ARM.attributes
                0x00000000000000a2       0x32 /home/wcnes/gcc-arm-none-eabi-9-2020-q2-update/bin/../lib/gcc/arm-none-eabi/9.3.1/../../../../arm-none-eabi/lib/thumb/v7e-m+fp/hard/libc_nano.a(lib_a-impure.o)
 .ARM.attributes
                0x00000000000000d4       0x34 /home/wcnes/gcc-arm-none-eabi-9-2020-q2-update/bin/../lib/gcc/arm-none-eabi/9.3.1/../../../../arm-none-eabi/lib/thumb/v7e-m+fp/hard/libc_nano.a(lib_a-init.o)
 .ARM.attributes
                0x0000000000000108       0x34 /home/wcnes/gcc-arm-none-eabi-9-2020-q2-update/bin/../lib/gcc/arm-none-eabi/9.3.1/../../../../arm-none-eabi/lib/thumb/v7e-m+fp/hard/libc_nano.a(lib_a-memset.o)
 .ARM.attributes
                0x000000000000013c       0x34 /home/wcnes/gcc-arm-none-eabi-9-2020-q2-update/bin/../lib/gcc/arm-none-eabi/9.3.1/../../../../arm-none-eabi/lib/thumb/v7e-m+fp/hard/libnosys.a(_exit.o)
 .ARM.attributes
                0x0000000000000170       0x39 build/nrf52840/dk/obj/board-leds.o
 .ARM.attributes
                0x00000000000001a9       0x39 build/nrf52840/dk/obj/board-buttons.o
 .ARM.attributes
                0x00000000000001e2       0x39 build/nrf52840/dk/obj/nrf52840dk-sensors.o
 .ARM.attributes
                0x000000000000021b       0x34 build/nrf52840/dk/obj/platform.o
 .ARM.attributes
                0x000000000000024f       0x34 build/nrf52840/dk/obj/temperature-sensor.o
 .ARM.attributes
                0x0000000000000283       0x34 build/nrf52840/dk/obj/dbg.o
 .ARM.attributes
                0x00000000000002b7       0x34 build/nrf52840/dk/obj/clock.o
 .ARM.attributes
                0x00000000000002eb       0x34 build/nrf52840/dk/obj/rtimer-arch.o
 .ARM.attributes
                0x000000000000031f       0x34 build/nrf52840/dk/obj/uart0.o
 .ARM.attributes
                0x0000000000000353       0x34 build/nrf52840/dk/obj/watchdog.o
 .ARM.attributes
                0x0000000000000387       0x34 build/nrf52840/dk/obj/int-master.o
 .ARM.attributes
                0x00000000000003bb       0x34 build/nrf52840/dk/obj/gpio-hal-arch.o
 .ARM.attributes