Archive member included because of file (symbol)

build/z1/contiki-ng-z1.a(leds.o)
                              client2.o (leds_on)
build/z1/contiki-ng-z1.a(sensors.o)
                              client2.o (sensors_event)
build/z1/contiki-ng-z1.a(button-sensor.o)
                              client2.o (button_sensor)
build/z1/contiki-ng-z1.a(uart0-putchar.o)
                              build/z1/obj/contiki-main.o (putchar)
build/z1/contiki-ng-z1.a(z1-sensors.o)
                              build/z1/contiki-ng-z1.a(sensors.o) (sensors_flags)
build/z1/contiki-ng-z1.a(adxl345.o)
                              client2.o (accm_read_axis)
build/z1/contiki-ng-z1.a(tmp102.o)
                              build/z1/contiki-ng-z1.a(z1-sensors.o) (tmp102)
build/z1/contiki-ng-z1.a(platform.o)
                              build/z1/obj/contiki-main.o (platform_init_stage_one)
build/z1/contiki-ng-z1.a(msp430.o)
                              build/z1/contiki-ng-z1.a(platform.o) (msp430_dco_required)
build/z1/contiki-ng-z1.a(clock.o)
                              build/z1/obj/contiki-main.o (clock_init)
build/z1/contiki-ng-z1.a(leds-arch.o)
                              build/z1/contiki-ng-z1.a(leds.o) (leds_arch_init)
build/z1/contiki-ng-z1.a(watchdog.o)
                              build/z1/obj/contiki-main.o (watchdog_start)
build/z1/contiki-ng-z1.a(autostart.o)
                              build/z1/obj/contiki-main.o (autostart_start)
build/z1/contiki-ng-z1.a(ctimer.o)
                              build/z1/obj/contiki-main.o (ctimer_init)
build/z1/contiki-ng-z1.a(energest.o)
                              build/z1/obj/contiki-main.o (energest_init)
build/z1/contiki-ng-z1.a(etimer.o)
                              build/z1/contiki-ng-z1.a(clock.o) (etimer_request_poll)
build/z1/contiki-ng-z1.a(log.o)
                              build/z1/obj/contiki-main.o (log_lladdr)
build/z1/contiki-ng-z1.a(rtimer.o)
                              build/z1/obj/contiki-main.o (rtimer_init)
build/z1/contiki-ng-z1.a(node-id.o)
                              build/z1/obj/contiki-main.o (node_id_init)
build/z1/contiki-ng-z1.a(process.o)
                              build/z1/contiki-ng-z1.a(ctimer.o) (process_current)
build/z1/contiki-ng-z1.a(timer.o)
                              build/z1/contiki-ng-z1.a(button-sensor.o) (timer_set)
build/z1/contiki-ng-z1.a(stack-check.o)
                              build/z1/obj/contiki-main.o (stack_check_init)
build/z1/contiki-ng-z1.a(list.o)
                              build/z1/contiki-ng-z1.a(ctimer.o) (list_init)
build/z1/contiki-ng-z1.a(random.o)
                              build/z1/contiki-ng-z1.a(platform.o) (random_init)
build/z1/contiki-ng-z1.a(queuebuf.o)
                              build/z1/obj/contiki-main.o (queuebuf_init)
build/z1/contiki-ng-z1.a(packetbuf.o)
                              build/z1/contiki-ng-z1.a(queuebuf.o) (packetbuf_copyto)
build/z1/contiki-ng-z1.a(netstack.o)
                              build/z1/obj/contiki-main.o (netstack_init)
build/z1/contiki-ng-z1.a(linkaddr.o)
                              build/z1/contiki-ng-z1.a(platform.o) (linkaddr_copy)
build/z1/contiki-ng-z1.a(csma.o)
                              build/z1/obj/contiki-main.o (csma_driver)
build/z1/contiki-ng-z1.a(csma-output.o)
                              build/z1/contiki-ng-z1.a(csma.o) (csma_output_packet)
build/z1/contiki-ng-z1.a(nullnet.o)
                              client2.o (nullnet_len)
build/z1/contiki-ng-z1.a(nullrouting.o)
                              build/z1/obj/contiki-main.o (nullrouting_driver)
build/z1/contiki-ng-z1.a(contiki-z1-plat)
                              build/z1/contiki-ng-z1.a(platform.o) (init_platform)
build/z1/contiki-ng-z1.a(xmem.o)
                              build/z1/contiki-ng-z1.a(platform.o) (xmem_init)
build/z1/contiki-ng-z1.a(i2cmaster.o)
                              build/z1/contiki-ng-z1.a(adxl345.o) (i2c_receiveinit)
build/z1/contiki-ng-z1.a(spi-legacy.o)
                              build/z1/contiki-ng-z1.a(xmem.o) (spi_init)
build/z1/contiki-ng-z1.a(cc2420.o)
                              build/z1/contiki-ng-z1.a(platform.o) (cc2420_set_pan_addr)
build/z1/contiki-ng-z1.a(cc2420-arch.o)
                              build/z1/contiki-ng-z1.a(cc2420.o) (cc2420_arch_init)
build/z1/contiki-ng-z1.a(node-id-z1.o)
                              build/z1/contiki-ng-z1.a(platform.o) (node_id_z1_restore)
build/z1/contiki-ng-z1.a(uart0.o)
                              build/z1/contiki-ng-z1.a(platform.o) (uart0_active)
build/z1/contiki-ng-z1.a(rtimer-arch.o)
                              build/z1/contiki-ng-z1.a(rtimer.o) (rtimer_arch_init)
build/z1/contiki-ng-z1.a(memb.o)
                              build/z1/contiki-ng-z1.a(queuebuf.o) (memb_init)
build/z1/contiki-ng-z1.a(mac-sequence.o)
                              build/z1/contiki-ng-z1.a(csma.o) (mac_sequence_is_duplicate)
build/z1/contiki-ng-z1.a(mac.o)
[...]
Memory Configuration

Name             Origin             Length             Attributes
sfr              0x00000000         0x00000010
peripheral_8bit  0x00000010         0x000000f0
peripheral_16bit 0x00000100         0x00000100
ram_mirror       0x00000200         0x00000800         xw
infomem          0x00001000         0x00000100
infod            0x00001000         0x00000040
infoc            0x00001040         0x00000040
infob            0x00001080         0x00000040
infoa            0x000010c0         0x00000040
ram              0x00001100         0x00002000         xw
rom              0x00003100         0x0000cebe         xr
vectors          0x0000ffc0         0x00000040
far_rom          0x00010000         0x0000a000
bsl              0x00000000         0x00000000
ram2             0x00000000         0x00000000         xw
usbram           0x00000000         0x00000000         xw
*default*        0x00000000         0xffffffff

Linker script and memory map

LOAD /usr/local/bin/../lib/gcc/msp430/4.7.2/mcpu-430x/mmpy-16/msr20/mc20/crt0ivtbl32.o
                0x00000041                __P1SEL2 = 0x41
                0x00000045                __P5SEL2 = 0x45
                0x00001abe                _stack = _end
LOAD client2.o
LOAD build/z1/obj/contiki-main.o
LOAD build/z1/contiki-ng-z1.a
LOAD /usr/local/bin/../lib/gcc/msp430/4.7.2/mcpu-430x/mmpy-16/msr20/mc20/libgcc.a
LOAD /usr/local/bin/../lib/gcc/msp430/4.7.2/../../../../msp430/lib/mcpu-430x/mmpy-16/msr20/mc20/libc.a
LOAD /usr/local/bin/../lib/gcc/msp430/4.7.2/mcpu-430x/mmpy-16/msr20/mc20/libgcc.a
LOAD /usr/local/bin/../lib/gcc/msp430/4.7.2/mcpu-430x/mmpy-16/msr20/mc20/libcrt0.a
                0x00000040                PROVIDE (__info_segment_size, 0x40)
                0x00001000                PROVIDE (__infod, 0x1000)
                0x00001040                PROVIDE (__infoc, 0x1040)
                0x00001080                PROVIDE (__infob, 0x1080)
                0x000010c0                PROVIDE (__infoa, 0x10c0)
                0x00000000                __IE1 = 0x0
                0x00000002                __IFG1 = 0x2
                0x00000001                __IE2 = 0x1
                0x00000003                __IFG2 = 0x3
                0x00000006                __UC1IE = 0x6
                0x00000007                __UC1IFG = 0x7
                0x000001a0                __ADC12CTL0 = 0x1a0
                0x000001a2                __ADC12CTL1 = 0x1a2
                0x000001a4                __ADC12IFG = 0x1a4
                0x000001a6                __ADC12IE = 0x1a6
                0x000001a8                __ADC12IV = 0x1a8
                0x00000140                __ADC12MEM0 = 0x140
                0x00000142                __ADC12MEM1 = 0x142
                0x00000144                __ADC12MEM2 = 0x144
                0x00000146                __ADC12MEM3 = 0x146
                0x00000148                __ADC12MEM4 = 0x148
                0x0000014a                __ADC12MEM5 = 0x14a
                0x0000014c                __ADC12MEM6 = 0x14c
                0x0000014e                __ADC12MEM7 = 0x14e
                0x00000150                __ADC12MEM8 = 0x150
                0x00000152                __ADC12MEM9 = 0x152
                0x00000154                __ADC12MEM10 = 0x154
                0x00000156                __ADC12MEM11 = 0x156
                0x00000158                __ADC12MEM12 = 0x158
                0x0000015a                __ADC12MEM13 = 0x15a
                0x0000015c                __ADC12MEM14 = 0x15c
                0x0000015e                __ADC12MEM15 = 0x15e
                0x00000080                __ADC12MCTL0 = 0x80
                0x00000081                __ADC12MCTL1 = 0x81
                0x00000082                __ADC12MCTL2 = 0x82
                0x00000083                __ADC12MCTL3 = 0x83
                0x00000084                __ADC12MCTL4 = 0x84
                0x00000085                __ADC12MCTL5 = 0x85
                0x00000086                __ADC12MCTL6 = 0x86
                0x00000087                __ADC12MCTL7 = 0x87
                0x00000088                __ADC12MCTL8 = 0x88
                0x00000089                __ADC12MCTL9 = 0x89
                0x0000008a                __ADC12MCTL10 = 0x8a
                0x0000008b                __ADC12MCTL11 = 0x8b
                0x0000008c                __ADC12MCTL12 = 0x8c
                0x0000008d                __ADC12MCTL13 = 0x8d
                0x0000008e                __ADC12MCTL14 = 0x8e
                0x0000008f                __ADC12MCTL15 = 0x8f
                0x00000056                __DCOCTL = 0x56
                0x00000057                __BCSCTL1 = 0x57
                0x00000058                __BCSCTL2 = 0x58
                0x00000053                __BCSCTL3 = 0x53
                0x00000059                __CACTL1 = 0x59
                0x0000005a                __CACTL2 = 0x5a
                0x0000005b                __CAPD = 0x5b
                0x000001c0                __DAC12_0CTL = 0x1c0
                0x000001c2                __DAC12_1CTL = 0x1c2
                0x000001c8                __DAC12_0DAT = 0x1c8
                0x000001ca                __DAC12_1DAT = 0x1ca
                0x00000122                __DMACTL0 = 0x122
                0x00000124                __DMACTL1 = 0x124
                0x00000126                __DMAIV = 0x126
                0x000001d0                __DMA0CTL = 0x1d0
                0x000001dc                __DMA1CTL = 0x1dc
                0x000001e8                __DMA2CTL = 0x1e8
                0x000001d2                __DMA0SA = 0x1d2
                0x000001d2                __DMA0SAL = 0x1d2
                0x000001d6                __DMA0DA = 0x1d6
                0x000001d6                __DMA0DAL = 0x1d6
                0x000001da                __DMA0SZ = 0x1da
                0x000001de                __DMA1SA = 0x1de
                0x000001de                __DMA1SAL = 0x1de
                0x000001e2                __DMA1DA = 0x1e2
                0x000001e2                __DMA1DAL = 0x1e2
                0x000001e6                __DMA1SZ = 0x1e6
                0x000001ea                __DMA2SA = 0x1ea
                0x000001ea                __DMA2SAL = 0x1ea
                0x000001ee                __DMA2DA = 0x1ee
                0x000001ee                __DMA2DAL = 0x1ee
                0x000001f2                __DMA2SZ = 0x1f2
                0x00000128                __FCTL1 = 0x128
                0x0000012a                __FCTL2 = 0x12a
                0x0000012c                __FCTL3 = 0x12c
                0x000001be                __FCTL4 = 0x1be
                0x00000130                __MPY = 0x130
                0x00000132                __MPYS = 0x132
                0x00000134                __MAC = 0x134
                0x00000136                __MACS = 0x136
                0x00000138                __OP2 = 0x138
                0x0000013a                __RESLO = 0x13a
                0x0000013c                __RESHI = 0x13c
                0x0000013e                __SUMEXT = 0x13e
                0x00000020                __P1IN = 0x20
                0x00000021                __P1OUT = 0x21
                0x00000022                __P1DIR = 0x22
                0x00000023                __P1IFG = 0x23
                0x00000024                __P1IES = 0x24
                0x00000025                __P1IE = 0x25
                0x00000026                __P1SEL = 0x26
                0x00000027                __P1REN = 0x27
                0x00000028                __P2IN = 0x28
                0x00000029                __P2OUT = 0x29
                0x0000002a                __P2DIR = 0x2a
                0x0000002b                __P2IFG = 0x2b
                0x0000002c                __P2IES = 0x2c
                0x0000002d                __P2IE = 0x2d
                0x0000002e                __P2SEL = 0x2e
                0x0000002f                __P2REN = 0x2f
                0x00000018                __P3IN = 0x18
                0x00000019                __P3OUT = 0x19
                0x0000001a                __P3DIR = 0x1a
                0x0000001b                __P3SEL = 0x1b
                0x00000010                __P3REN = 0x10
                0x0000001c                __P4IN = 0x1c
                0x0000001d                __P4OUT = 0x1d
                0x0000001e                __P4DIR = 0x1e
                0x0000001f                __P4SEL = 0x1f
                0x00000011                __P4REN = 0x11
                0x00000030                __P5IN = 0x30
                0x00000031                __P5OUT = 0x31
                0x00000032                __P5DIR = 0x32
                0x00000033                __P5SEL = 0x33
                0x00000012                __P5REN = 0x12
                0x00000034                __P6IN = 0x34
                0x00000035                __P6OUT = 0x35
                0x00000036                __P6DIR = 0x36
                0x00000037                __P6SEL = 0x37
                0x00000013                __P6REN = 0x13
                0x00000038                __P7IN = 0x38
                0x0000003a                __P7OUT = 0x3a
                0x0000003c                __P7DIR = 0x3c
                0x0000003e                __P7SEL = 0x3e
                0x00000014                __P7REN = 0x14
                0x00000039                __P8IN = 0x39
                0x0000003b                __P8OUT = 0x3b
                0x0000003d                __P8DIR = 0x3d
                0x0000003f                __P8SEL = 0x3f
                0x00000015                __P8REN = 0x15
                0x00000038                __PAIN = 0x38
                0x0000003a                __PAOUT = 0x3a
                0x0000003c                __PADIR = 0x3c
                0x0000003e                __PASEL = 0x3e
                0x00000014                __PAREN = 0x14
                0x00000055                __SVSCTL = 0x55
                0x0000012e                __TAIV = 0x12e
                0x00000160                __TACTL = 0x160
                0x00000162                __TACCTL0 = 0x162
                0x00000164                __TACCTL1 = 0x164
                0x00000166                __TACCTL2 = 0x166
                0x00000170                __TAR = 0x170
                0x00000172                __TACCR0 = 0x172
                0x00000174                __TACCR1 = 0x174
                0x00000176                __TACCR2 = 0x176
                0x0000011e                __TBIV = 0x11e
                0x00000180                __TBCTL = 0x180
                0x00000182                __TBCCTL0 = 0x182
                0x00000184                __TBCCTL1 = 0x184
                0x00000186                __TBCCTL2 = 0x186
                0x00000188                __TBCCTL3 = 0x188
                0x0000018a                __TBCCTL4 = 0x18a
                0x0000018c                __TBCCTL5 = 0x18c
                0x0000018e                __TBCCTL6 = 0x18e
                0x00000190                __TBR = 0x190
                0x00000192                __TBCCR0 = 0x192
                0x00000194                __TBCCR1 = 0x194
                0x00000196                __TBCCR2 = 0x196
                0x00000198                __TBCCR3 = 0x198
                0x0000019a                __TBCCR4 = 0x19a
                0x0000019c                __TBCCR5 = 0x19c
                0x0000019e                __TBCCR6 = 0x19e
                0x00000060                __UCA0CTL0 = 0x60
                0x00000061                __UCA0CTL1 = 0x61
                0x00000062                __UCA0BR0 = 0x62
                0x00000063                __UCA0BR1 = 0x63
                0x00000064                __UCA0MCTL = 0x64
                0x00000065                __UCA0STAT = 0x65
                0x00000066                __UCA0RXBUF = 0x66
                0x00000067                __UCA0TXBUF = 0x67
                0x0000005d                __UCA0ABCTL = 0x5d
                0x0000005e                __UCA0IRTCTL = 0x5e
                0x0000005f                __UCA0IRRCTL = 0x5f
                0x00000068                __UCB0CTL0 = 0x68
                0x00000069                __UCB0CTL1 = 0x69
                0x0000006a                __UCB0BR0 = 0x6a
                0x0000006b                __UCB0BR1 = 0x6b
                0x0000006c                __UCB0I2CIE = 0x6c
                0x0000006d                __UCB0STAT = 0x6d
                0x0000006e                __UCB0RXBUF = 0x6e
                0x0000006f                __UCB0TXBUF = 0x6f
                0x00000118                __UCB0I2COA = 0x118
                0x0000011a                __UCB0I2CSA = 0x11a
                0x000000d0                __UCA1CTL0 = 0xd0
                0x000000d1                __UCA1CTL1 = 0xd1
                0x000000d2                __UCA1BR0 = 0xd2
                0x000000d3                __UCA1BR1 = 0xd3
                0x000000d4                __UCA1MCTL = 0xd4
                0x000000d5                __UCA1STAT = 0xd5
                0x000000d6                __UCA1RXBUF = 0xd6
                0x000000d7                __UCA1TXBUF = 0xd7
                0x000000cd                __UCA1ABCTL = 0xcd
                0x000000ce                __UCA1IRTCTL = 0xce
                0x000000cf                __UCA1IRRCTL = 0xcf
                0x000000d8                __UCB1CTL0 = 0xd8
                0x000000d9                __UCB1CTL1 = 0xd9
                0x000000da                __UCB1BR0 = 0xda
                0x000000db                __UCB1BR1 = 0xdb
                0x000000dc                __UCB1I2CIE = 0xdc
                0x000000dd                __UCB1STAT = 0xdd
                0x000000de                __UCB1RXBUF = 0xde
                0x000000df                __UCB1TXBUF = 0xdf
                0x0000017c                __UCB1I2COA = 0x17c
                0x0000017e                __UCB1I2CSA = 0x17e
                0x00000120                __WDTCTL = 0x120
                0x000010c0                __TLV_CHECKSUM = 0x10c0
                0x000010f6                __TLV_DCO_30_TAG = 0x10f6
                0x000010f7                __TLV_DCO_30_LEN = 0x10f7
                0x000010da                __TLV_ADC12_1_TAG = 0x10da
                0x000010db                __TLV_ADC12_1_LEN = 0x10db
                0x000010f8                __CALDCO_16MHZ = 0x10f8
                0x000010f9                __CALBC1_16MHZ = 0x10f9
                0x000010fa                __CALDCO_12MHZ = 0x10fa
                0x000010fb                __CALBC1_12MHZ = 0x10fb
                0x000010fc                __CALDCO_8MHZ = 0x10fc
                0x000010fd                __CALBC1_8MHZ = 0x10fd
                0x000010fe                __CALDCO_1MHZ = 0x10fe
                0x000010ff                __CALBC1_1MHZ = 0x10ff

.hash
 *(.hash)

.dynsym
 *(.dynsym)

.dynstr
 *(.dynstr)

.gnu.version
 *(.gnu.version)

.gnu.version_d
 *(.gnu.version_d)

.gnu.version_r
 *(.gnu.version_r)

.rel.init
 *(.rel.init)

.rela.init
 *(.rela.init)

.rel.fini
 *(.rel.fini)

.rela.fini
 *(.rela.fini)

.rel.text
 *(.rel.text .rel.text.* .rel.gnu.linkonce.t.*)

.rela.text
 *(.rela.text .rela.text.* .rela.gnu.linkonce.t.*)

.rel.rodata
 *(.rel.rodata .rel.rodata.* .rel.gnu.linkonce.r.*)

.rela.rodata
 *(.rela.rodata .rela.rodata.* .rela.gnu.linkonce.r.*)

.rel.data
 *(.rel.data .rel.data.* .rel.gnu.linkonce.d.*)

.rela.data
 *(.rela.data .rela.data.* .rela.gnu.linkonce.d.*)

.rel.bss
 *(.rel.bss .rel.bss.* .rel.gnu.linkonce.b.*)

.rela.bss
 *(.rela.bss .rela.bss.* .rela.gnu.linkonce.b.*)

.rel.ctors
 *(.rel.ctors)

.rela.ctors
 *(.rela.ctors)

.rel.dtors
 *(.rel.dtors)

.rela.dtors
 *(.rela.dtors)

.rel.got
 *(.rel.got)

.rela.got
 *(.rela.got)

.rel.plt
 *(.rel.plt)

.rela.plt
 *(.rela.plt)

.text           0x00003100     0x43a0
                0x00003100                . = ALIGN (0x2)
 *(.init .init.*)
 *(.init0)
 .init0         0x00003100        0x0 /usr/local/bin/../lib/gcc/msp430/4.7.2/mcpu-430x/mmpy-16/msr20/mc20/libcrt0.a(_reset_vector__.o)
                0x00003100                _reset_vector__
 *(.init1)
 .init1         0x00003100        0xc /usr/local/bin/../lib/gcc/msp430/4.7.2/mcpu-430x/mmpy-16/msr20/mc20/libcrt0.a(__watchdog_support.o)
                0x00003100                __watchdog_support
 *(.init2)
 .init2         0x0000310c        0x4 /usr/local/bin/../lib/gcc/msp430/4.7.2/mcpu-430x/mmpy-16/msr20/mc20/libcrt0.a(__init_stack.o)
                0x0000310c                __init_stack
 *(.init3)
 .init3         0x00003110        0x0 /usr/local/bin/../lib/gcc/msp430/4.7.2/mcpu-430x/mmpy-16/msr20/mc20/libcrt0.a(__low_level_init.o)
                0x00003110                __low_level_init
 *(.init4)
 .init4         0x00003110       0x18 /usr/local/bin/../lib/gcc/msp430/4.7.2/mcpu-430x/mmpy-16/msr20/mc20/libcrt0.a(_copy_data.o)
                0x00003110                __do_copy_data
 .init4         0x00003128       0x16 /usr/local/bin/../lib/gcc/msp430/4.7.2/mcpu-430x/mmpy-16/msr20/mc20/libcrt0.a(_clear_bss.o)
                0x00003128                __do_clear_bss
 *(.init5)
 *(.init6)
 *(.init7)
 *(.init8)
 *(.init9)
 .init9         0x0000313e      0x1c4 build/z1/obj/contiki-main.o
                0x0000313e                main
 *(.fini9)
 .fini9         0x00003302        0x0 /usr/local/bin/../lib/gcc/msp430/4.7.2/mcpu-430x/mmpy-16/msr20/mc20/libcrt0.a(__stop_progExec__.o)
                0x00003302                __stop_progExec__
 *(.fini8)
 *(.fini7)
 *(.fini6)
 *(.fini5)
 *(.fini4)
 *(.fini3)
 *(.fini2)
 *(.fini1)
 *(.fini0)
 .fini0         0x00003302        0x6 /usr/local/bin/../lib/gcc/msp430/4.7.2/mcpu-430x/mmpy-16/msr20/mc20/libcrt0.a(_endless_loop__.o)
                0x00003302                _endless_loop__
 *(.fini .fini.*)
                0x00003308                . = ALIGN (0x2)
                0x00003308                __ctors_start = .
 *(.ctors)
                0x00003308                __ctors_end = .
                0x00003308                __dtors_start = .
 *(.dtors)
                0x00003308                __dtors_end = .
                0x00003308                . = ALIGN (0x2)
 *(.text .text.* .gnu.linkonce.t.*)
 .text          0x00003308        0x4 /usr/local/bin/../lib/gcc/msp430/4.7.2/mcpu-430x/mmpy-16/msr20/mc20/crt0ivtbl32.o
                0x00003308                __isr_14
                0x00003308                __isr_4
                0x00003308                __isr_29
                0x00003308                __isr_11
                0x00003308                __isr_5
                0x00003308                __isr_2
                0x00003308                __isr_10
                0x00003308                __isr_7
                0x00003308                __isr_0
                0x00003308                __isr_28
                0x00003308                __isr_8
                0x00003308                __isr_20
                0x00003308                __isr_3
                0x00003308                __isr_12
                0x00003308                __isr_13
                0x00003308                __isr_27
                0x00003308                __isr_9
                0x00003308                __isr_30
                0x00003308                __isr_6
                0x00003308                __isr_22
                0x00003308                __isr_1
                0x00003308                __isr_15
                0x00003308                __isr_21
 .text.libgcc   0x0000330c       0x38 /usr/local/bin/../lib/gcc/msp430/4.7.2/mcpu-430x/mmpy-16/msr20/mc20/libgcc.a(_udivmod32.o)
                0x0000330c                __udivsi3
                0x0000330c                __ext_udivmod32
                0x0000333a                __umodsi3
 .text.libgcc   0x00003344       0x22 /usr/local/bin/../lib/gcc/msp430/4.7.2/mcpu-430x/mmpy-16/msr20/mc20/libgcc.a(_udivmod16.o)
                0x00003344                __udivhi3
                0x00003344                __ext_udivmod16
                0x0000335e                __umodhi3
 .text.libgcc   0x00003366       0x26 /usr/local/bin/../lib/gcc/msp430/4.7.2/mcpu-430x/mmpy-16/msr20/mc20/libgcc.a(_mulsi3.o)
                0x00003366                __mulsi3
 .text.libgcc   0x0000338c       0xbc /usr/local/bin/../lib/gcc/msp430/4.7.2/mcpu-430x/mmpy-16/msr20/mc20/libgcc.a(_udivmod64.o)
                0x0000338c                __xabi_udivmod64
                0x000033de                __udivdi3
                0x000033f8                __umoddi3
                0x0000341a                __udivmoddi4
 .text.crt0     0x00003448        0x2 /usr/local/bin/../lib/gcc/msp430/4.7.2/mcpu-430x/mmpy-16/msr20/mc20/libcrt0.a(_unexpected_.o)
                0x00003448                _unexpected_
 *(.near.text .near.text.*)
 .near.text.irq_p2
                0x0000344a       0x3c build/z1/contiki-ng-z1.a(button-sensor.o)
                0x0000344a                irq_p2
                0x0000344a                __isr_19
 .near.text.port1_isr
                0x00003486       0x84 build/z1/contiki-ng-z1.a(adxl345.o)
                0x00003486                port1_isr
                0x00003486                __isr_18
 .near.text.timera1
                0x0000350a       0xd0 build/z1/contiki-ng-z1.a(clock.o)
                0x0000350a                __isr_24
                0x0000350a                timera1
 .near.text.watchdog_interrupt
                0x000035da        0x6 build/z1/contiki-ng-z1.a(watchdog.o)
                0x000035da                __isr_26
                0x000035da                watchdog_interrupt
 .near.text.i2c_tx_interrupt
                0x000035e0       0x84 build/z1/contiki-ng-z1.a(i2cmaster.o)
                0x000035e0                __isr_16
                0x000035e0                i2c_tx_interrupt
 .near.text.i2c_rx_interrupt
                0x00003664       0x14 build/z1/contiki-ng-z1.a(i2cmaster.o)
                0x00003664                i2c_rx_interrupt
                0x00003664                __isr_17
 .near.text.uart0_rx_interrupt
                0x00003678       0x2a build/z1/contiki-ng-z1.a(uart0.o)
                0x00003678                __isr_23
                0x00003678                uart0_rx_interrupt
 .near.text.timera0
                0x000036a2       0x22 build/z1/contiki-ng-z1.a(rtimer-arch.o)
                0x000036a2                __isr_25
                0x000036a2                timera0
 .any.text.recv
                0x000036c4        0x2 client2.o
 .any.text.process_thread_led_process
                0x000036c6       0x74 client2.o
 .any.text.process_thread_accel_process
                0x0000373a      0x104 client2.o
 .any.text.process_thread_button_process
                0x0000383e       0xe8 client2.o
 .any.text.leds_init
                0x00003926        0x6 build/z1/contiki-ng-z1.a(leds.o)
                0x00003926                leds_init
 .any.text.leds_on
                0x0000392c       0x12 build/z1/contiki-ng-z1.a(leds.o)
                0x0000392c                leds_on
 .any.text.leds_off
                0x0000393e       0x12 build/z1/contiki-ng-z1.a(leds.o)
                0x0000393e                leds_off
 .any.text.leds_toggle
                0x00003950       0x12 build/z1/contiki-ng-z1.a(leds.o)
                0x00003950                leds_toggle
 .any.text.process_thread_sensors_process
                0x00003962       0xc2 build/z1/contiki-ng-z1.a(sensors.o)
 .any.text.sensors_changed
                0x00003a24       0x2a build/z1/contiki-ng-z1.a(sensors.o)
                0x00003a24                sensors_changed
 .any.text.status
                0x00003a4e       0x18 build/z1/contiki-ng-z1.a(button-sensor.o)
 .any.text.value
                0x00003a66       0x20 build/z1/contiki-ng-z1.a(button-sensor.o)
 .any.text.configure
                0x00003a86       0x4e build/z1/contiki-ng-z1.a(button-sensor.o)
 .any.text.putchar
                0x00003ad4       0x10 build/z1/contiki-ng-z1.a(uart0-putchar.o)
                0x00003ad4                putchar
 .any.text.status
                0x00003ae4       0x12 build/z1/contiki-ng-z1.a(adxl345.o)
 .any.text.accm_write_reg
                0x00003af6       0x2e build/z1/contiki-ng-z1.a(adxl345.o)
 .any.text.accm_write_stream
                0x00003b24       0x2a build/z1/contiki-ng-z1.a(adxl345.o)
 .any.text.accm_read_reg
                0x00003b4e       0x54 build/z1/contiki-ng-z1.a(adxl345.o)
 .any.text.process_thread_accmeter_process
                0x00003ba2       0x56 build/z1/contiki-ng-z1.a(adxl345.o)
 .any.text.accm_read_axis.part.0
                0x00003bf8       0x5a build/z1/contiki-ng-z1.a(adxl345.o)
 .any.text.value
                0x00003c52       0x1e build/z1/contiki-ng-z1.a(adxl345.o)
 .any.text.accm_read_axis
                0x00003c70       0x10 build/z1/contiki-ng-z1.a(adxl345.o)
                0x00003c70                accm_read_axis
 .any.text.accm_init
                0x00003c80       0x78 build/z1/contiki-ng-z1.a(adxl345.o)
                0x00003c80                accm_init
 .any.text.accm_stop
                0x00003cf8       0x32 build/z1/contiki-ng-z1.a(adxl345.o)
                0x00003cf8                accm_stop
 .any.text.configure
                0x00003d2a       0x26 build/z1/contiki-ng-z1.a(adxl345.o)
 .any.text.status
                0x00003d50       0x12 build/z1/contiki-ng-z1.a(tmp102.o)
 .any.text.tmp102_init
                0x00003d62       0x24 build/z1/contiki-ng-z1.a(tmp102.o)
                0x00003d62                tmp102_init
 .any.text.tmp102_stop
                0x00003d86        0xa build/z1/contiki-ng-z1.a(tmp102.o)
                0x00003d86                tmp102_stop
 .any.text.configure
                0x00003d90       0x26 build/z1/contiki-ng-z1.a(tmp102.o)
 .any.text.tmp102_read_reg
                0x00003db6       0x5e build/z1/contiki-ng-z1.a(tmp102.o)
                0x00003db6                tmp102_read_reg
 .any.text.tmp102_read_temp_x100
                0x00003e14       0x58 build/z1/contiki-ng-z1.a(tmp102.o)
                0x00003e14                tmp102_read_temp_x100
 .any.text.value
                0x00003e6c        0x6 build/z1/contiki-ng-z1.a(tmp102.o)
 .any.text.platform_init_stage_one
                0x00003e72       0x12 build/z1/contiki-ng-z1.a(platform.o)
                0x00003e72                platform_init_stage_one
 .any.text.platform_init_stage_two
                0x00003e84      0x106 build/z1/contiki-ng-z1.a(platform.o)
                0x00003e84                platform_init_stage_two
 .any.text.platform_init_stage_three
                0x00003f8a       0x72 build/z1/contiki-ng-z1.a(platform.o)
                0x00003f8a                platform_init_stage_three
 .any.text.platform_idle
                0x00003ffc       0x54 build/z1/contiki-ng-z1.a(platform.o)
                0x00003ffc                platform_idle
 .any.text.msp430_init_dco
                0x00004050       0x28 build/z1/contiki-ng-z1.a(msp430.o)
                0x00004050                msp430_init_dco
 .any.text.splhigh_
                0x00004078        0x8 build/z1/contiki-ng-z1.a(msp430.o)
                0x00004078                splhigh_
 .any.text.msp430_sync_dco
                0x00004080       0x6e build/z1/contiki-ng-z1.a(msp430.o)
                0x00004080                msp430_sync_dco
 .any.text.msp430_cpu_init
                0x000040ee       0x2e build/z1/contiki-ng-z1.a(msp430.o)
                0x000040ee                msp430_cpu_init
 .any.text.clock_time
                0x0000411c       0x1a build/z1/contiki-ng-z1.a(clock.o)
                0x0000411c                clock_time
 .any.text.clock_init
                0x00004136       0x28 build/z1/contiki-ng-z1.a(clock.o)
                0x00004136                clock_init
 .any.text.clock_delay
                0x0000415e        0xc build/z1/contiki-ng-z1.a(clock.o)
                0x0000415e                clock_delay
 .any.text.clock_wait
                0x0000416a       0x24 build/z1/contiki-ng-z1.a(clock.o)
                0x0000416a                clock_wait
 .any.text.leds_arch_init
                0x0000418e        0xe build/z1/contiki-ng-z1.a(leds-arch.o)
                0x0000418e                leds_arch_init
 .any.text.leds_arch_get
                0x0000419c       0x34 build/z1/contiki-ng-z1.a(leds-arch.o)
                0x0000419c                leds_arch_get
 .any.text.leds_arch_set
                0x000041d0       0x3e build/z1/contiki-ng-z1.a(leds-arch.o)
                0x000041d0                leds_arch_set
 .any.text.watchdog_start
                0x0000420e       0x14 build/z1/contiki-ng-z1.a(watchdog.o)
                0x0000420e                watchdog_start
 .any.text.watchdog_periodic
                0x00004222       0x12 build/z1/contiki-ng-z1.a(watchdog.o)
                0x00004222                watchdog_periodic
 .any.text.watchdog_stop
                0x00004234       0x16 build/z1/contiki-ng-z1.a(watchdog.o)
                0x00004234                watchdog_stop
 .any.text.watchdog_init
                0x0000424a       0x12 build/z1/contiki-ng-z1.a(watchdog.o)
                0x0000424a                watchdog_init
 .any.text.autostart_start
                0x0000425c       0x16 build/z1/contiki-ng-z1.a(autostart.o)
                0x0000425c                autostart_start
 .any.text.process_thread_ctimer_process
                0x00004272       0xa0 build/z1/contiki-ng-z1.a(ctimer.o)
 .any.text.ctimer_init
                0x00004312       0x18 build/z1/contiki-ng-z1.a(ctimer.o)
                0x00004312                ctimer_init
 .any.text.ctimer_set_with_process
                0x0000432a       0x4a build/z1/contiki-ng-z1.a(ctimer.o)
                0x0000432a                ctimer_set_with_process
 .any.text.ctimer_set
                0x00004374       0x10 build/z1/contiki-ng-z1.a(ctimer.o)
                0x00004374                ctimer_set
 .any.text.ctimer_stop
                0x00004384       0x28 build/z1/contiki-ng-z1.a(ctimer.o)
                0x00004384                ctimer_stop
 .any.text.energest_init
                0x000043ac        0x2 build/z1/contiki-ng-z1.a(energest.o)
                0x000043ac                energest_init
 .any.text.energest_flush
                0x000043ae        0x2 build/z1/contiki-ng-z1.a(energest.o)
                0x000043ae                energest_flush
 .any.text.update_time
                0x000043b0       0x70 build/z1/contiki-ng-z1.a(etimer.o)
 .any.text.etimer_request_poll
                0x00004420        0xa build/z1/contiki-ng-z1.a(etimer.o)
                0x00004420                etimer_request_poll
 .any.text.process_thread_etimer_process
                0x0000442a       0xc4 build/z1/contiki-ng-z1.a(etimer.o)
 .any.text.add_timer
                0x000044ee       0x40 build/z1/contiki-ng-z1.a(etimer.o)
 .any.text.etimer_set
                0x0000452e       0x12 build/z1/contiki-ng-z1.a(etimer.o)
                0x0000452e                etimer_set
 .any.text.etimer_reset
                0x00004540       0x12 build/z1/contiki-ng-z1.a(etimer.o)
                0x00004540                etimer_reset
 .any.text.etimer_restart
                0x00004552       0x12 build/z1/contiki-ng-z1.a(etimer.o)
                0x00004552                etimer_restart
 .any.text.etimer_expired
                0x00004564        0xe build/z1/contiki-ng-z1.a(etimer.o)
                0x00004564                etimer_expired
 .any.text.etimer_pending
                0x00004572        0xc build/z1/contiki-ng-z1.a(etimer.o)
                0x00004572                etimer_pending
 .any.text.etimer_next_expiration_time
                0x0000457e       0x16 build/z1/contiki-ng-z1.a(etimer.o)
                0x0000457e                etimer_next_expiration_time
 .any.text.etimer_stop
                0x00004594       0x3e build/z1/contiki-ng-z1.a(etimer.o)
                0x00004594                etimer_stop
 .any.text.log_lladdr
                0x000045d2       0x40 build/z1/contiki-ng-z1.a(log.o)
                0x000045d2                log_lladdr
 .any.text.rtimer_init
                0x00004612        0x6 build/z1/contiki-ng-z1.a(rtimer.o)
                0x00004612                rtimer_init
 .any.text.rtimer_run_next
                0x00004618       0x26 build/z1/contiki-ng-z1.a(rtimer.o)
                0x00004618                rtimer_run_next
 .any.text.node_id_init
                0x0000463e       0x14 build/z1/contiki-ng-z1.a(node-id.o)
                0x0000463e                node_id_init
 .any.text.call_process
                0x00004652       0x40 build/z1/contiki-ng-z1.a(process.o)
 .any.text.exit_process
                0x00004692       0x88 build/z1/contiki-ng-z1.a(process.o)
 .any.text.do_poll
                0x0000471a       0x30 build/z1/contiki-ng-z1.a(process.o)
 .any.text.process_alloc_event
                0x0000474a        0xe build/z1/contiki-ng-z1.a(process.o)
                0x0000474a                process_alloc_event
 .any.text.process_init
                0x00004758       0x1c build/z1/contiki-ng-z1.a(process.o)
                0x00004758                process_init
 .any.text.process_run
                0x00004774       0x8c build/z1/contiki-ng-z1.a(process.o)
                0x00004774                process_run
 .any.text.process_nevents
                0x00004800        0xe build/z1/contiki-ng-z1.a(process.o)
                0x00004800                process_nevents
 .any.text.process_post
                0x0000480e       0x4a build/z1/contiki-ng-z1.a(process.o)
                0x0000480e                process_post
 .any.text.process_post_synch
                0x00004858       0x12 build/z1/contiki-ng-z1.a(process.o)
                0x00004858                process_post_synch
 .any.text.process_start
                0x0000486a       0x36 build/z1/contiki-ng-z1.a(process.o)
                0x0000486a                process_start
 .any.text.process_poll
                0x000048a0       0x18 build/z1/contiki-ng-z1.a(process.o)
                0x000048a0                process_poll
 .any.text.timer_set
                0x000048b8       0x1c build/z1/contiki-ng-z1.a(timer.o)
                0x000048b8                timer_set
 .any.text.timer_restart
                0x000048d4       0x14 build/z1/contiki-ng-z1.a(timer.o)
                0x000048d4                timer_restart
 .any.text.timer_expired
                0x000048e8       0x2a build/z1/contiki-ng-z1.a(timer.o)
                0x000048e8                timer_expired
 .any.text.timer_reset
                0x00004912       0x1c build/z1/contiki-ng-z1.a(timer.o)
                0x00004912                timer_reset
 .any.text.stack_check_init
                0x0000492e       0x2e build/z1/contiki-ng-z1.a(stack-check.o)
                0x0000492e                stack_check_init
 .any.text.stack_check_get_usage
                0x0000495c       0x54 build/z1/contiki-ng-z1.a(stack-check.o)
                0x0000495c                stack_check_get_usage
 .any.text.process_thread_stack_check_process
                0x000049b0       0xd2 build/z1/contiki-ng-z1.a(stack-check.o)
 .any.text.list_init
                0x00004a82        0x6 build/z1/contiki-ng-z1.a(list.o)
                0x00004a82                list_init
 .any.text.list_head
                0x00004a88        0x4 build/z1/contiki-ng-z1.a(list.o)
                0x00004a88                list_head
 .any.text.list_tail
                0x00004a8c       0x12 build/z1/contiki-ng-z1.a(list.o)
                0x00004a8c                list_tail
 .any.text.list_remove
                0x00004a9e       0x34 build/z1/contiki-ng-z1.a(list.o)
                0x00004a9e                list_remove
 .any.text.list_add
                0x00004ad2       0x26 build/z1/contiki-ng-z1.a(list.o)
                0x00004ad2                list_add
 .any.text.list_length
                0x00004af8       0x10 build/z1/contiki-ng-z1.a(list.o)
                0x00004af8                list_length
 .any.text.list_item_next
                0x00004b08        0xc build/z1/contiki-ng-z1.a(list.o)
                0x00004b08                list_item_next
 .any.text.random_init
                0x00004b14        0x6 build/z1/contiki-ng-z1.a(random.o)
                0x00004b14                random_init
 .any.text.random_rand
                0x00004b1a        0x6 build/z1/contiki-ng-z1.a(random.o)
                0x00004b1a                random_rand
 .any.text.queuebuf_init
                0x00004b20       0x12 build/z1/contiki-ng-z1.a(queuebuf.o)
                0x00004b20                queuebuf_init
 .any.text.queuebuf_new_from_packetbuf
                0x00004b32       0x4e build/z1/contiki-ng-z1.a(queuebuf.o)
                0x00004b32                queuebuf_new_from_packetbuf
 .any.text.queuebuf_update_attr_from_packetbuf
                0x00004b80       0x12 build/z1/contiki-ng-z1.a(queuebuf.o)
                0x00004b80                queuebuf_update_attr_from_packetbuf
 .any.text.queuebuf_free
                0x00004b92       0x2a build/z1/contiki-ng-z1.a(queuebuf.o)
                0x00004b92                queuebuf_free
 .any.text.queuebuf_to_packetbuf
                0x00004bbc       0x32 build/z1/contiki-ng-z1.a(queuebuf.o)
                0x00004bbc                queuebuf_to_packetbuf
 .any.text.packetbuf_hdrreduce
                0x00004bee       0x1a build/z1/contiki-ng-z1.a(packetbuf.o)
                0x00004bee                packetbuf_hdrreduce
 .any.text.packetbuf_set_datalen
                0x00004c08        0x6 build/z1/contiki-ng-z1.a(packetbuf.o)
                0x00004c08                packetbuf_set_datalen
 .any.text.packetbuf_hdrptr
                0x00004c0e        0x6 build/z1/contiki-ng-z1.a(packetbuf.o)
                0x00004c0e                packetbuf_hdrptr
 .any.text.packetbuf_datalen
                0x00004c14        0x6 build/z1/contiki-ng-z1.a(packetbuf.o)
                0x00004c14                packetbuf_datalen
 .any.text.packetbuf_hdrlen
                0x00004c1a        0xa build/z1/contiki-ng-z1.a(packetbuf.o)
                0x00004c1a                packetbuf_hdrlen
 .any.text.packetbuf_dataptr
                0x00004c24        0xc build/z1/contiki-ng-z1.a(packetbuf.o)
                0x00004c24                packetbuf_dataptr
 .any.text.packetbuf_copyto
                0x00004c30       0x3a build/z1/contiki-ng-z1.a(packetbuf.o)
                0x00004c30                packetbuf_copyto
 .any.text.packetbuf_totlen
                0x00004c6a        0xc build/z1/contiki-ng-z1.a(packetbuf.o)
                0x00004c6a                packetbuf_totlen
 .any.text.packetbuf_hdralloc
                0x00004c76       0x3c build/z1/contiki-ng-z1.a(packetbuf.o)
                0x00004c76                packetbuf_hdralloc
 .any.text.packetbuf_attr_clear
                0x00004cb2       0x28 build/z1/contiki-ng-z1.a(packetbuf.o)
                0x00004cb2                packetbuf_attr_clear
 .any.text.packetbuf_clear
                0x00004cda       0x12 build/z1/contiki-ng-z1.a(packetbuf.o)
                0x00004cda                packetbuf_clear
 .any.text.packetbuf_copyfrom
                0x00004cec       0x2a build/z1/contiki-ng-z1.a(packetbuf.o)
                0x00004cec                packetbuf_copyfrom
 .any.text.packetbuf_attr_copyto
                0x00004d16       0x22 build/z1/contiki-ng-z1.a(packetbuf.o)
                0x00004d16                packetbuf_attr_copyto
 .any.text.packetbuf_attr_copyfrom
                0x00004d38       0x24 build/z1/contiki-ng-z1.a(packetbuf.o)
                0x00004d38                packetbuf_attr_copyfrom
 .any.text.packetbuf_set_attr
                0x00004d5c        0xc build/z1/contiki-ng-z1.a(packetbuf.o)
                0x00004d5c                packetbuf_set_attr
 .any.text.packetbuf_attr
                0x00004d68        0xa build/z1/contiki-ng-z1.a(packetbuf.o)
                0x00004d68                packetbuf_attr
 .any.text.packetbuf_set_addr
                0x00004d72       0x14 build/z1/contiki-ng-z1.a(packetbuf.o)
                0x00004d72                packetbuf_set_addr
 .any.text.packetbuf_addr
                0x00004d86        0xe build/z1/contiki-ng-z1.a(packetbuf.o)
                0x00004d86                packetbuf_addr
 .any.text.packetbuf_holds_broadcast
                0x00004d94        0xe build/z1/contiki-ng-z1.a(packetbuf.o)
                0x00004d94                packetbuf_holds_broadcast
 .any.text.netstack_init
                0x00004da2        0xe build/z1/contiki-ng-z1.a(netstack.o)
                0x00004da2                netstack_init
 .any.text.linkaddr_copy
                0x00004db0        0x8 build/z1/contiki-ng-z1.a(linkaddr.o)
                0x00004db0                linkaddr_copy
 .any.text.linkaddr_cmp
                0x00004db8       0x12 build/z1/contiki-ng-z1.a(linkaddr.o)
                0x00004db8                linkaddr_cmp
 .any.text.linkaddr_set_node_addr
                0x00004dca        0xc build/z1/contiki-ng-z1.a(linkaddr.o)
                0x00004dca                linkaddr_set_node_addr
 .any.text.on   0x00004dd6        0x6 build/z1/contiki-ng-z1.a(csma.o)
 .any.text.off  0x00004ddc        0x6 build/z1/contiki-ng-z1.a(csma.o)
 .any.text.max_payload
                0x00004de2       0x38 build/z1/contiki-ng-z1.a(csma.o)
 .any.text.send_packet
                0x00004e1a        0x6 build/z1/contiki-ng-z1.a(csma.o)
 .any.text.init
                0x00004e20       0x1c build/z1/contiki-ng-z1.a(csma.o)
 .any.text.input_packet
                0x00004e3c       0x58 build/z1/contiki-ng-z1.a(csma.o)
 .any.text.schedule_transmission
                0x00004e94       0x66 build/z1/contiki-ng-z1.a(csma-output.o)
 .any.text.tx_done
                0x00004efa       0x86 build/z1/contiki-ng-z1.a(csma-output.o)
 .any.text.transmit_from_queue
                0x00004f80      0x1ac build/z1/contiki-ng-z1.a(csma-output.o)
 .any.text.csma_output_packet
                0x0000512c      0x174 build/z1/contiki-ng-z1.a(csma-output.o)
                0x0000512c                csma_output_packet
 .any.text.csma_output_init
                0x000052a0       0x1a build/z1/contiki-ng-z1.a(csma-output.o)
                0x000052a0                csma_output_init
 .any.text.init
                0x000052ba        0x8 build/z1/contiki-ng-z1.a(nullnet.o)
 .any.text.output
                0x000052c2       0x42 build/z1/contiki-ng-z1.a(nullnet.o)
 .any.text.input
                0x00005304       0x34 build/z1/contiki-ng-z1.a(nullnet.o)
 .any.text.nullnet_set_input_callback
                0x00005338        0x6 build/z1/contiki-ng-z1.a(nullnet.o)
                0x00005338                nullnet_set_input_callback
 .any.text.init
                0x0000533e        0x2 build/z1/contiki-ng-z1.a(nullrouting.o)
 .any.text.root_set_prefix
                0x00005340        0x2 build/z1/contiki-ng-z1.a(nullrouting.o)
 .any.text.root_start
                0x00005342        0x4 build/z1/contiki-ng-z1.a(nullrouting.o)
 .any.text.node_is_root
                0x00005346        0x4 build/z1/contiki-ng-z1.a(nullrouting.o)
 .any.text.get_root_ipaddr
                0x0000534a        0x4 build/z1/contiki-ng-z1.a(nullrouting.o)
 .any.text.get_sr_node_ipaddr
                0x0000534e        0x4 build/z1/contiki-ng-z1.a(nullrouting.o)
 .any.text.leave_network
                0x00005352        0x2 build/z1/contiki-ng-z1.a(nullrouting.o)
 .any.text.node_has_joined
                0x00005354        0x4 build/z1/contiki-ng-z1.a(nullrouting.o)
 .any.text.node_is_reachable
                0x00005358        0x4 build/z1/contiki-ng-z1.a(nullrouting.o)
 .any.text.global_repair
                0x0000535c        0x2 build/z1/contiki-ng-z1.a(nullrouting.o)
 .any.text.local_repair
                0x0000535e        0x2 build/z1/contiki-ng-z1.a(nullrouting.o)
 .any.text.ext_header_remove
                0x00005360        0x4 build/z1/contiki-ng-z1.a(nullrouting.o)
 .any.text.ext_header_update
                0x00005364        0x4 build/z1/contiki-ng-z1.a(nullrouting.o)
 .any.text.ext_header_hbh_update
                0x00005368        0x4 build/z1/contiki-ng-z1.a(nullrouting.o)
 .any.text.ext_header_srh_update
                0x0000536c        0x4 build/z1/contiki-ng-z1.a(nullrouting.o)
 .any.text.ext_header_srh_get_next_hop
                0x00005370        0x4 build/z1/contiki-ng-z1.a(nullrouting.o)
 .any.text.link_callback
                0x00005374        0x2 build/z1/contiki-ng-z1.a(nullrouting.o)
 .any.text.neighbor_state_changed
                0x00005376        0x2 build/z1/contiki-ng-z1.a(nullrouting.o)
 .any.text.drop_route
                0x00005378        0x2 build/z1/contiki-ng-z1.a(nullrouting.o)
 .any.text.is_in_leaf_mode
                0x0000537a        0x4 build/z1/contiki-ng-z1.a(nullrouting.o)
 .any.text.init_platform
                0x0000537e        0xc build/z1/contiki-ng-z1.a(contiki-z1-plat)
                0x0000537e                init_platform
 .any.text.wait_ready
                0x0000538a       0x46 build/z1/contiki-ng-z1.a(xmem.o)
 .any.text.xmem_init
                0x000053d0       0x1e build/z1/contiki-ng-z1.a(xmem.o)
                0x000053d0                xmem_init
 .any.text.xmem_pread
                0x000053ee       0x88 build/z1/contiki-ng-z1.a(xmem.o)
                0x000053ee                xmem_pread
 .any.text.i2c_receiveinit
                0x00005476       0x36 build/z1/contiki-ng-z1.a(i2cmaster.o)
                0x00005476                i2c_receiveinit
 .any.text.i2c_transmitinit
                0x000054ac       0x30 build/z1/contiki-ng-z1.a(i2cmaster.o)
                0x000054ac                i2c_transmitinit
 .any.text.i2c_receive_n
                0x000054dc       0x3e build/z1/contiki-ng-z1.a(i2cmaster.o)
                0x000054dc                i2c_receive_n
 .any.text.i2c_busy
                0x0000551a        0xa build/z1/contiki-ng-z1.a(i2cmaster.o)
                0x0000551a                i2c_busy
 .any.text.i2c_enable
                0x00005524       0x22 build/z1/contiki-ng-z1.a(i2cmaster.o)
                0x00005524                i2c_enable
 .any.text.i2c_transmit_n
                0x00005546       0x14 build/z1/contiki-ng-z1.a(i2cmaster.o)
                0x00005546                i2c_transmit_n
 .any.text.spi_init
                0x0000555a       0x32 build/z1/contiki-ng-z1.a(spi-legacy.o)
                0x0000555a                spi_init
 .any.text.get_object
                0x0000558c        0x4 build/z1/contiki-ng-z1.a(cc2420.o)
 .any.text.set_object
                0x00005590        0x4 build/z1/contiki-ng-z1.a(cc2420.o)
 .any.text.strobe
                0x00005594       0x1a build/z1/contiki-ng-z1.a(cc2420.o)
 .any.text.getreg
                0x000055ae       0x46 build/z1/contiki-ng-z1.a(cc2420.o)
 .any.text.setreg
                0x000055f4       0x44 build/z1/contiki-ng-z1.a(cc2420.o)
 .any.text.write_ram
                0x00005638       0x72 build/z1/contiki-ng-z1.a(cc2420.o)
 .any.text.write_fifo_buf
                0x000056aa       0x38 build/z1/contiki-ng-z1.a(cc2420.o)
 .any.text.get_status
                0x000056e2       0x1e build/z1/contiki-ng-z1.a(cc2420.o)
 .any.text.on   0x00005700       0x1a build/z1/contiki-ng-z1.a(cc2420.o)
 .any.text.cc2420_receiving_packet
                0x0000571a        0xa build/z1/contiki-ng-z1.a(cc2420.o)
 .any.text.pending_packet
                0x00005724        0xa build/z1/contiki-ng-z1.a(cc2420.o)
 .any.text.wait_for_transmission
                0x0000572e       0x22 build/z1/contiki-ng-z1.a(cc2420.o)
 .any.text.wait_for_status
                0x00005750       0x24 build/z1/contiki-ng-z1.a(cc2420.o)
 .any.text.getrxdata
                0x00005774       0x4c build/z1/contiki-ng-z1.a(cc2420.o)
 .any.text.flushrx
                0x000057c0       0x1a build/z1/contiki-ng-z1.a(cc2420.o)
 .any.text.off  0x000057da       0x28 build/z1/contiki-ng-z1.a(cc2420.o)
 .any.text.RELEASE_LOCK
                0x00005802       0x28 build/z1/contiki-ng-z1.a(cc2420.o)
 .any.text.set_frame_filtering
                0x0000582a       0x30 build/z1/contiki-ng-z1.a(cc2420.o)
 .any.text.set_auto_ack
                0x0000585a       0x30 build/z1/contiki-ng-z1.a(cc2420.o)
 .any.text.set_poll_mode
                0x0000588a       0x2c build/z1/contiki-ng-z1.a(cc2420.o)
 .any.text.cc2420_prepare
                0x000058b6       0x42 build/z1/contiki-ng-z1.a(cc2420.o)
 .any.text.cc2420_on
                0x000058f8       0x22 build/z1/contiki-ng-z1.a(cc2420.o)
                0x000058f8                cc2420_on
 .any.text.cc2420_transmit
                0x0000591a       0x66 build/z1/contiki-ng-z1.a(cc2420.o)
 .any.text.cc2420_send
                0x00005980       0x12 build/z1/contiki-ng-z1.a(cc2420.o)
 .any.text.cc2420_off
                0x00005992       0x30 build/z1/contiki-ng-z1.a(cc2420.o)
                0x00005992                cc2420_off
 .any.text.cc2420_cca
                0x000059c2       0x54 build/z1/contiki-ng-z1.a(cc2420.o)
 .any.text.cc2420_read
                0x00005a16       0xba build/z1/contiki-ng-z1.a(cc2420.o)
 .any.text.process_thread_cc2420_process
                0x00005ad0       0x62 build/z1/contiki-ng-z1.a(cc2420.o)
 .any.text.cc2420_set_channel
                0x00005b32       0x3a build/z1/contiki-ng-z1.a(cc2420.o)
                0x00005b32                cc2420_set_channel
 .any.text.cc2420_set_pan_addr
                0x00005b6c       0x4c build/z1/contiki-ng-z1.a(cc2420.o)
                0x00005b6c                cc2420_set_pan_addr
 .any.text.cc2420_interrupt
                0x00005bb8       0x16 build/z1/contiki-ng-z1.a(cc2420.o)
                0x00005bb8                cc2420_interrupt
 .any.text.cc2420_set_txpower
                0x00005bce       0x2c build/z1/contiki-ng-z1.a(cc2420.o)
                0x00005bce                cc2420_set_txpower
 .any.text.cc2420_get_txpower
                0x00005bfa       0x1e build/z1/contiki-ng-z1.a(cc2420.o)
                0x00005bfa                cc2420_get_txpower
 .any.text.cc2420_rssi
                0x00005c18       0x48 build/z1/contiki-ng-z1.a(cc2420.o)
                0x00005c18                cc2420_rssi
 .any.text.get_value
                0x00005c60      0x11e build/z1/contiki-ng-z1.a(cc2420.o)
 .any.text.cc2420_set_cca_threshold
                0x00005d7e       0x16 build/z1/contiki-ng-z1.a(cc2420.o)
                0x00005d7e                cc2420_set_cca_threshold
 .any.text.set_value
                0x00005d94      0x14a build/z1/contiki-ng-z1.a(cc2420.o)
 .any.text.cc2420_init
                0x00005ede       0xea build/z1/contiki-ng-z1.a(cc2420.o)
                0x00005ede                cc2420_init
 .any.text.cc2420_arch_init
                0x00005fc8       0x1a build/z1/contiki-ng-z1.a(cc2420-arch.o)
                0x00005fc8                cc2420_arch_init
 .any.text.node_id_z1_restore
                0x00005fe2       0x4c build/z1/contiki-ng-z1.a(node-id-z1.o)
                0x00005fe2                node_id_z1_restore
 .any.text.uart0_active
                0x0000602e        0xe build/z1/contiki-ng-z1.a(uart0.o)
                0x0000602e                uart0_active
 .any.text.uart0_writeb
                0x0000603c       0x16 build/z1/contiki-ng-z1.a(uart0.o)
                0x0000603c                uart0_writeb
 .any.text.uart0_init
                0x00006052       0x4e build/z1/contiki-ng-z1.a(uart0.o)
                0x00006052                uart0_init
 .any.text.rtimer_arch_init
                0x000060a0        0xe build/z1/contiki-ng-z1.a(rtimer-arch.o)
                0x000060a0                rtimer_arch_init
 .any.text.rtimer_arch_now
                0x000060ae        0xe build/z1/contiki-ng-z1.a(rtimer-arch.o)
                0x000060ae                rtimer_arch_now
 .any.text.rtimer_arch_schedule
                0x000060bc        0x6 build/z1/contiki-ng-z1.a(rtimer-arch.o)
                0x000060bc                rtimer_arch_schedule
 .any.text.memb_init
                0x000060c2       0x36 build/z1/contiki-ng-z1.a(memb.o)
                0x000060c2                memb_init
 .any.text.memb_alloc
                0x000060f8       0x3e build/z1/contiki-ng-z1.a(memb.o)
                0x000060f8                memb_alloc
 .any.text.memb_free
                0x00006136       0x32 build/z1/contiki-ng-z1.a(memb.o)
                0x00006136                memb_free
 .any.text.memb_inmemb
                0x00006168       0x2a build/z1/contiki-ng-z1.a(memb.o)
                0x00006168                memb_inmemb
 .any.text.mac_sequence_is_duplicate
                0x00006192       0x6e build/z1/contiki-ng-z1.a(mac-sequence.o)
                0x00006192                mac_sequence_is_duplicate
 .any.text.mac_sequence_register_seqno
                0x00006200       0x86 build/z1/contiki-ng-z1.a(mac-sequence.o)
                0x00006200                mac_sequence_register_seqno
 .any.text.mac_call_sent_callback
                0x00006286       0x14 build/z1/contiki-ng-z1.a(mac.o)
                0x00006286                mac_call_sent_callback
 .any.text.parse
                0x0000629a       0x9c build/z1/contiki-ng-z1.a(framer-802154.o)
 .any.text.framer_802154_setup_params
                0x00006336       0xb0 build/z1/contiki-ng-z1.a(framer-802154.o)
                0x00006336                framer_802154_setup_params
 .any.text.create_frame
                0x000063e6       0xda build/z1/contiki-ng-z1.a(framer-802154.o)
 .any.text.create
                0x000064c0        0x8 build/z1/contiki-ng-z1.a(framer-802154.o)
 .any.text.hdr_length
                0x000064c8        0x8 build/z1/contiki-ng-z1.a(framer-802154.o)
 .any.text.frame802154_get_pan_id
                0x000064d0        0x6 build/z1/contiki-ng-z1.a(frame802154.o)
                0x000064d0                frame802154_get_pan_id
 .any.text.frame802154_has_panid
                0x000064d6       0xe0 build/z1/contiki-ng-z1.a(frame802154.o)
                0x000064d6                frame802154_has_panid
 .any.text.field_len
                0x000065b6       0xa8 build/z1/contiki-ng-z1.a(frame802154.o)
 .any.text.frame802154_is_broadcast_addr
                0x0000665e       0x28 build/z1/contiki-ng-z1.a(frame802154.o)
                0x0000665e                frame802154_is_broadcast_addr
 .any.text.frame802154_hdrlen
                0x00006686       0x32 build/z1/contiki-ng-z1.a(frame802154.o)
                0x00006686                frame802154_hdrlen
 .any.text.frame802154_create_fcf
                0x000066b8       0x6e build/z1/contiki-ng-z1.a(frame802154.o)
                0x000066b8                frame802154_create_fcf
 .any.text.frame802154_create
                0x00006726       0xd4 build/z1/contiki-ng-z1.a(frame802154.o)
                0x00006726                frame802154_create
 .any.text.frame802154_parse_fcf
                0x000067fa       0x8c build/z1/contiki-ng-z1.a(frame802154.o)
                0x000067fa                frame802154_parse_fcf
 .any.text.frame802154_parse
                0x00006886      0x15c build/z1/contiki-ng-z1.a(frame802154.o)
                0x00006886                frame802154_parse
 .any.text.csma_security_create_frame
                0x000069e2       0x10 build/z1/contiki-ng-z1.a(csma-security.o)
                0x000069e2                csma_security_create_frame
 .any.text.csma_security_parse_frame
                0x000069f2        0x6 build/z1/contiki-ng-z1.a(csma-security.o)
                0x000069f2                csma_security_parse_frame
 .any.text.printf
                0x000069f8       0x10 /usr/local/bin/../lib/gcc/msp430/4.7.2/../../../../msp430/lib/mcpu-430x/mmpy-16/msr20/mc20/libc.a(printf.o)
                0x000069f8                printf
 .any.text.print_field
                0x00006a08      0x176 /usr/local/bin/../lib/gcc/msp430/4.7.2/../../../../msp430/lib/mcpu-430x/mmpy-16/msr20/mc20/libc.a(vuprintf.o)
 .any.text.vuprintf
                0x00006b7e      0x742 /usr/local/bin/../lib/gcc/msp430/4.7.2/../../../../msp430/lib/mcpu-430x/mmpy-16/msr20/mc20/libc.a(vuprintf.o)
                0x00006b7e                vuprintf
 .any.text.puts
                0x000072c0       0x2c /usr/local/bin/../lib/gcc/msp430/4.7.2/../../../../msp430/lib/mcpu-430x/mmpy-16/msr20/mc20/libc.a(puts.o)
                0x000072c0                puts
 .any.text.rand
                0x000072ec       0x26 /usr/local/bin/../lib/gcc/msp430/4.7.2/../../../../msp430/lib/mcpu-430x/mmpy-16/msr20/mc20/libc.a(rand.o)
                0x000072ec                rand
 .any.text.srand
                0x00007312        0xa /usr/local/bin/../lib/gcc/msp430/4.7.2/../../../../msp430/lib/mcpu-430x/mmpy-16/msr20/mc20/libc.a(rand.o)
                0x00007312                srand
 .any.text.memcmp
                0x0000731c       0x2c /usr/local/bin/../lib/gcc/msp430/4.7.2/../../../../msp430/lib/mcpu-430x/mmpy-16/msr20/mc20/libc.a(memcmp.o)
                0x0000731c                memcmp
 .any.text.strcpy
                0x00007348       0x14 /usr/local/bin/../lib/gcc/msp430/4.7.2/../../../../msp430/lib/mcpu-430x/mmpy-16/msr20/mc20/libc.a(strcpy.o)
                0x00007348                strcpy
 .any.text.memcpy
                0x0000735c       0xe8 /usr/local/bin/../lib/gcc/msp430/4.7.2/../../../../msp430/lib/mcpu-430x/mmpy-16/msr20/mc20/libc.a(memcpy.o)
                0x0000735c                memcpy
 .any.text.memset
                0x00007444       0x5c /usr/local/bin/../lib/gcc/msp430/4.7.2/../../../../msp430/lib/mcpu-430x/mmpy-16/msr20/mc20/libc.a(memset.o)
                0x00007444                memset

.rodata         0x000074a0      0x45b
                0x000074a0                . = ALIGN (0x2)
 *(.rodata .rodata.* .gnu.linkonce.r.*)
 .rodata.process_thread_accel_process
                0x000074a0       0x45 client2.o
 .rodata.process_thread_button_process
                0x000074e5       0x2b client2.o
 .rodata.autostart_processes
                0x00007510        0x8 client2.o
                0x00007510                autostart_processes
 .rodata        0x00007518       0x2a client2.o
 .rodata        0x00007542       0xcf build/z1/obj/contiki-main.o
 .rodata        0x00007611        0x8 build/z1/contiki-ng-z1.a(sensors.o)
 .rodata        0x00007619        0x7 build/z1/contiki-ng-z1.a(button-sensor.o)
 .rodata.button_sensor
                0x00007620        0xe build/z1/contiki-ng-z1.a(button-sensor.o)
                0x00007620                button_sensor
 .rodata        0x0000762e       0x25 build/z1/contiki-ng-z1.a(adxl345.o)
 *fill*         0x00007653        0x1 00
 .rodata.adxl345
                0x00007654        0xe build/z1/contiki-ng-z1.a(adxl345.o)
                0x00007654                adxl345
 .rodata        0x00007662        0xe build/z1/contiki-ng-z1.a(tmp102.o)
 .rodata.tmp102
                0x00007670        0xe build/z1/contiki-ng-z1.a(tmp102.o)
                0x00007670                tmp102
 .rodata.platform_init_stage_two
                0x0000767e       0x3f build/z1/contiki-ng-z1.a(platform.o)
 .rodata.platform_init_stage_three
                0x000076bd       0x19 build/z1/contiki-ng-z1.a(platform.o)
 .rodata        0x000076d6        0xf build/z1/contiki-ng-z1.a(ctimer.o)
 .rodata        0x000076e5        0xc build/z1/contiki-ng-z1.a(etimer.o)
 .rodata.log_lladdr
                0x000076f1       0x14 build/z1/contiki-ng-z1.a(log.o)
 .rodata.process_thread_stack_check_process
                0x00007705       0x5e build/z1/contiki-ng-z1.a(stack-check.o)
 .rodata        0x00007763        0xc build/z1/contiki-ng-z1.a(stack-check.o)
 *fill*         0x0000776f        0x1 00
 .rodata.linkaddr_null
                0x00007770        0x8 build/z1/contiki-ng-z1.a(linkaddr.o)
                0x00007770                linkaddr_null
 .rodata        0x00007778        0x5 build/z1/contiki-ng-z1.a(csma.o)
 *fill*         0x0000777d        0x1 00
 .rodata.csma_driver
                0x0000777e       0x1a build/z1/contiki-ng-z1.a(csma.o)
                0x0000777e                csma_driver
 .rodata        0x00007798        0x8 build/z1/contiki-ng-z1.a(nullnet.o)
 .rodata.nullnet_driver
                0x000077a0        0xe build/z1/contiki-ng-z1.a(nullnet.o)
                0x000077a0                nullnet_driver
 .rodata        0x000077ae        0xc build/z1/contiki-ng-z1.a(nullrouting.o)
 .rodata.nullrouting_driver
                0x000077ba       0x52 build/z1/contiki-ng-z1.a(nullrouting.o)
                0x000077ba                nullrouting_driver
 .rodata.get_value
                0x0000780c       0x64 build/z1/contiki-ng-z1.a(cc2420.o)
 .rodata.set_value
                0x00007870       0x20 build/z1/contiki-ng-z1.a(cc2420.o)
 .rodata.cc2420_driver
                0x00007890       0x38 build/z1/contiki-ng-z1.a(cc2420.o)
                0x00007890                cc2420_driver
 .rodata        0x000078c8        0xe build/z1/contiki-ng-z1.a(cc2420.o)
 .rodata.output_power
                0x000078d6       0x10 build/z1/contiki-ng-z1.a(cc2420.o)
 .rodata.framer_802154
                0x000078e6        0xc build/z1/contiki-ng-z1.a(framer-802154.o)
                0x000078e6                framer_802154
 .rodata.CSWTCH.16
                0x000078f2        0x2 build/z1/contiki-ng-z1.a(frame802154.o)
 .rodata.vuprintf
                0x000078f4        0x7 /usr/local/bin/../lib/gcc/msp430/4.7.2/../../../../msp430/lib/mcpu-430x/mmpy-16/msr20/mc20/libc.a(vuprintf.o)
 *(.near.rodata .near.rodata.*)
                0x000078fc                . = ALIGN (0x2)
                0x000078fc                _etext = .

.data           0x00001100       0xd2 load address 0x000078fc
                0x00001100                . = ALIGN (0x2)
                0x00001100                __data_start = .
 *(.data .data.* .gnu.linkonce.d.*)
 .data.led_process
                0x00001100        0xc client2.o
                0x00001100                led_process
 .data.accel_process
                0x0000110c        0xc client2.o
                0x0000110c                accel_process
 .data.button_process
                0x00001118        0xc client2.o
                0x00001118                button_process
 .data.payload_btn.2518
                0x00001124        0x9 client2.o
 .data.payload_acc.2506
                0x0000112d        0x9 client2.o
 .data.sensors_process
                0x00001136        0xc build/z1/contiki-ng-z1.a(sensors.o)
                0x00001136                sensors_process
 .data.sensors  0x00001142        0x8 build/z1/contiki-ng-z1.a(z1-sensors.o)
                0x00001142                sensors
 .data.accmeter_process
                0x0000114a        0xc build/z1/contiki-ng-z1.a(adxl345.o)
                0x0000114a                accmeter_process
 .data.adxl345_default_settings
                0x00001156       0x16 build/z1/contiki-ng-z1.a(adxl345.o)
 .data.cur_break
                0x0000116c        0x2 build/z1/contiki-ng-z1.a(msp430.o)
 .data.ctimer_process
                0x0000116e        0xc build/z1/contiki-ng-z1.a(ctimer.o)
                0x0000116e                ctimer_process
 .data.etimer_process
                0x0000117a        0xc build/z1/contiki-ng-z1.a(etimer.o)
                0x0000117a                etimer_process
 .data.curr_log_level_main
                0x00001186        0x2 build/z1/contiki-ng-z1.a(log.o)
                0x00001186                curr_log_level_main
 .data.stack_check_process
                0x00001188        0xc build/z1/contiki-ng-z1.a(stack-check.o)
                0x00001188                stack_check_process
 .data.buframmem
                0x00001194        0x8 build/z1/contiki-ng-z1.a(queuebuf.o)
 .data.bufmem   0x0000119c        0x8 build/z1/contiki-ng-z1.a(queuebuf.o)
 .data.neighbor_memb
                0x000011a4        0x8 build/z1/contiki-ng-z1.a(csma-output.o)
 .data.packet_memb
                0x000011ac        0x8 build/z1/contiki-ng-z1.a(csma-output.o)
 .data.metadata_memb
                0x000011b4        0x8 build/z1/contiki-ng-z1.a(csma-output.o)
 .data.prescale_lsb
                0x000011bc        0x1 build/z1/contiki-ng-z1.a(i2cmaster.o)
                0x000011bc                prescale_lsb
 *fill*         0x000011bd        0x1 00
 .data.cc2420_process
                0x000011be        0xc build/z1/contiki-ng-z1.a(cc2420.o)
                0x000011be                cc2420_process
 .data.send_on_cca
                0x000011ca        0x1 build/z1/contiki-ng-z1.a(cc2420.o)
 *fill*         0x000011cb        0x1 00
 .data.mac_pan_id
                0x000011cc        0x2 build/z1/contiki-ng-z1.a(frame802154.o)
 .data.next     0x000011ce        0x4 /usr/local/bin/../lib/gcc/msp430/4.7.2/../../../../msp430/lib/mcpu-430x/mmpy-16/msr20/mc20/libc.a(rand.o)
 *(.near.data .near.data.*)
                0x000011d2                . = ALIGN (0x2)
                0x000011d2                _edata = .
                0x000078fc                __data_load_start = LOADADDR (.data)
                0x000000d2                __data_size = SIZEOF (.data)

.bss            0x000011d2      0x8ea load address 0x000079ce
                0x000011d2                __bss_start = .
 *(.bss .bss.*)
 .bss.ledOff_event
                0x000011d2        0x1 client2.o
 *fill*         0x000011d3        0x1 00
 .bss.et.2505   0x000011d4        0xc client2.o
 .bss.ledETimer
                0x000011e0        0xc client2.o
 .bss.num_sensors
                0x000011ec        0x1 build/z1/contiki-ng-z1.a(sensors.o)
 *fill*         0x000011ed        0x1 00
 .bss.i.2067    0x000011ee        0x2 build/z1/contiki-ng-z1.a(sensors.o)
 .bss.events.2068
                0x000011f0        0x2 build/z1/contiki-ng-z1.a(sensors.o)
 .bss.debouncetimer
                0x000011f2        0x8 build/z1/contiki-ng-z1.a(button-sensor.o)
 .bss.enabled   0x000011fa        0x1 build/z1/contiki-ng-z1.a(adxl345.o)
 *fill*         0x000011fb        0x1 00
 .bss.int1_mask
                0x000011fc        0x2 build/z1/contiki-ng-z1.a(adxl345.o)
 .bss.int2_mask
                0x000011fe        0x2 build/z1/contiki-ng-z1.a(adxl345.o)
 .bss.suppressTimer1
                0x00001200        0x8 build/z1/contiki-ng-z1.a(adxl345.o)
 .bss.suppressTimer2
                0x00001208        0x8 build/z1/contiki-ng-z1.a(adxl345.o)
 .bss.enabled   0x00001210        0x1 build/z1/contiki-ng-z1.a(tmp102.o)
 *fill*         0x00001211        0x1 00
 .bss.mgt_timer
                0x00001212        0x8 build/z1/contiki-ng-z1.a(platform.o)
 .bss.last_tar  0x0000121a        0x2 build/z1/contiki-ng-z1.a(clock.o)
 .bss.count     0x0000121c        0x4 build/z1/contiki-ng-z1.a(clock.o)
 .bss.seconds   0x00001220        0x4 build/z1/contiki-ng-z1.a(clock.o)
 .bss.counter   0x00001224        0x2 build/z1/contiki-ng-z1.a(watchdog.o)
 .bss.initialized
                0x00001226        0x1 build/z1/contiki-ng-z1.a(ctimer.o)
 *fill*         0x00001227        0x1 00
 .bss.ctimer_list_list
                0x00001228        0x2 build/z1/contiki-ng-z1.a(ctimer.o)
 .bss.timerlist
                0x0000122a        0x2 build/z1/contiki-ng-z1.a(etimer.o)
 .bss.next_expiration
                0x0000122c        0x4 build/z1/contiki-ng-z1.a(etimer.o)
 .bss.next_rtimer
                0x00001230        0x2 build/z1/contiki-ng-z1.a(rtimer.o)
 .bss.node_id   0x00001232        0x2 build/z1/contiki-ng-z1.a(node-id.o)
                0x00001232                node_id
 .bss.poll_requested
                0x00001234        0x1 build/z1/contiki-ng-z1.a(process.o)
 *fill*         0x00001235        0x1 00
 .bss.process_current
                0x00001236        0x2 build/z1/contiki-ng-z1.a(process.o)
                0x00001236                process_current
 .bss.process_list
                0x00001238        0x2 build/z1/contiki-ng-z1.a(process.o)
                0x00001238                process_list
 .bss.lastevent
                0x0000123a        0x1 build/z1/contiki-ng-z1.a(process.o)
 .bss.fevent    0x0000123b        0x1 build/z1/contiki-ng-z1.a(process.o)
 .bss.nevents   0x0000123c        0x1 build/z1/contiki-ng-z1.a(process.o)
 *fill*         0x0000123d        0x1 00
 .bss.events    0x0000123e       0x30 build/z1/contiki-ng-z1.a(process.o)
 .bss.stack_top.2107
                0x0000126e        0x2 build/z1/contiki-ng-z1.a(stack-check.o)
 .bss.et.2129   0x00001270        0xc build/z1/contiki-ng-z1.a(stack-check.o)
 .bss.buframmem_memb_used
                0x0000127c        0x8 build/z1/contiki-ng-z1.a(queuebuf.o)
 .bss.buframmem_memb_mem
                0x00001284      0x560 build/z1/contiki-ng-z1.a(queuebuf.o)
 .bss.bufmem_memb_used
                0x000017e4        0x8 build/z1/contiki-ng-z1.a(queuebuf.o)
 .bss.bufmem_memb_mem
                0x000017ec       0x10 build/z1/contiki-ng-z1.a(queuebuf.o)
 .bss.bufptr    0x000017fc        0x2 build/z1/contiki-ng-z1.a(packetbuf.o)
 .bss.buflen    0x000017fe        0x2 build/z1/contiki-ng-z1.a(packetbuf.o)
 .bss.hdrlen    0x00001800        0x1 build/z1/contiki-ng-z1.a(packetbuf.o)
 *fill*         0x00001801        0x1 00
 .bss.packetbuf_aligned
                0x00001802       0x80 build/z1/contiki-ng-z1.a(packetbuf.o)
 .bss.initialized.2944
                0x00001882        0x1 build/z1/contiki-ng-z1.a(csma-output.o)
 .bss.seqno.2945
                0x00001883        0x1 build/z1/contiki-ng-z1.a(csma-output.o)
 .bss.neighbor_list_list
                0x00001884        0x2 build/z1/contiki-ng-z1.a(csma-output.o)
 .bss.neighbor_memb_memb_used
                0x00001886        0x2 build/z1/contiki-ng-z1.a(csma-output.o)
 .bss.neighbor_memb_memb_mem
                0x00001888       0x4c build/z1/contiki-ng-z1.a(csma-output.o)
 .bss.packet_memb_memb_used
                0x000018d4        0x8 build/z1/contiki-ng-z1.a(csma-output.o)
 .bss.packet_memb_memb_mem
                0x000018dc       0x30 build/z1/contiki-ng-z1.a(csma-output.o)
 .bss.metadata_memb_memb_used
                0x0000190c        0x8 build/z1/contiki-ng-z1.a(csma-output.o)
 .bss.metadata_memb_memb_mem
                0x00001914       0x40 build/z1/contiki-ng-z1.a(csma-output.o)
 .bss.current_callback
                0x00001954        0x4 build/z1/contiki-ng-z1.a(nullnet.o)
 .bss.tx_byte_tot
                0x00001958        0x1 build/z1/contiki-ng-z1.a(i2cmaster.o)
 .bss.rx_byte_tot
                0x00001959        0x1 build/z1/contiki-ng-z1.a(i2cmaster.o)
 .bss.prescale_msb
                0x0000195a        0x1 build/z1/contiki-ng-z1.a(i2cmaster.o)
                0x0000195a                prescale_msb
 .bss.poll_mode
                0x0000195b        0x1 build/z1/contiki-ng-z1.a(cc2420.o)
 .bss.last_packet_timestamp
                0x0000195c        0x2 build/z1/contiki-ng-z1.a(cc2420.o)
 .bss.locked    0x0000195e        0x1 build/z1/contiki-ng-z1.a(cc2420.o)
 .bss.lock_on   0x0000195f        0x1 build/z1/contiki-ng-z1.a(cc2420.o)
 .bss.lock_off  0x00001960        0x1 build/z1/contiki-ng-z1.a(cc2420.o)
 .bss.receive_on
                0x00001961        0x1 build/z1/contiki-ng-z1.a(cc2420.o)
 .bss.was_on    0x00001962        0x1 build/z1/contiki-ng-z1.a(cc2420.o)
 *fill*         0x00001963        0x1 00
 .bss.prev_MDMCTRL1
                0x00001964        0x2 build/z1/contiki-ng-z1.a(cc2420.o)
 .bss.prev_DACTST
                0x00001966        0x2 build/z1/contiki-ng-z1.a(cc2420.o)
 .bss.channel   0x00001968        0x2 build/z1/contiki-ng-z1.a(cc2420.o)
 .bss.transmitting
                0x0000196a        0x1 build/z1/contiki-ng-z1.a(uart0.o)
 *fill*         0x0000196b        0x1 00
 .bss.uart0_input_handler
                0x0000196c        0x4 build/z1/contiki-ng-z1.a(uart0.o)
 .bss.received_seqnos
                0x00001970       0xe0 build/z1/contiki-ng-z1.a(mac-sequence.o)
 .bss.initialized
                0x00001a50        0x1 build/z1/contiki-ng-z1.a(framer-802154.o)
 .bss.mac_dsn   0x00001a51        0x1 build/z1/contiki-ng-z1.a(framer-802154.o)
 *(.near.bss .near.bss.*)
 *(COMMON)
 COMMON         0x00001a52        0x1 build/z1/contiki-ng-z1.a(sensors.o)
                0x00001a52                sensors_event
 COMMON         0x00001a53        0x4 build/z1/contiki-ng-z1.a(z1-sensors.o)
                0x00001a53                sensors_flags
 *fill*         0x00001a57        0x1 00
 COMMON         0x00001a58        0x8 build/z1/contiki-ng-z1.a(adxl345.o)
                0x00001a58                accm_int2_cb
                0x00001a5c                accm_int1_cb
 COMMON         0x00001a60        0x2 build/z1/contiki-ng-z1.a(msp430.o)
                0x00001a60                msp430_dco_required
 COMMON         0x00001a62        0x1 build/z1/contiki-ng-z1.a(process.o)
                0x00001a62                process_maxevents
 *fill*         0x00001a63        0x1 00
 COMMON         0x00001a64       0x2a build/z1/contiki-ng-z1.a(packetbuf.o)
                0x00001a64                packetbuf_addrs
                0x00001a74                packetbuf_attrs
 COMMON         0x00001a8e        0x8 build/z1/contiki-ng-z1.a(linkaddr.o)
                0x00001a8e                linkaddr_node_addr
 COMMON         0x00001a96        0x4 build/z1/contiki-ng-z1.a(nullnet.o)
                0x00001a96                nullnet_buf
                0x00001a98                nullnet_len
 COMMON         0x00001a9a        0xe build/z1/contiki-ng-z1.a(i2cmaster.o)
                0x00001a9a                transmit_data1
                0x00001a9b                rx_byte_ctr
                0x00001a9c                tx_buf_ptr
                0x00001a9e                tx_byte_ctr
                0x00001aa0                i
                0x00001aa2                receive_data
                0x00001aa3                rx_buf
                0x00001aa5                transmit_data2
                0x00001aa6                rx_buf_ptr
 COMMON         0x00001aa8        0xc build/z1/contiki-ng-z1.a(cc2420.o)
                0x00001aa8                cc2420_last_rssi
                0x00001aaa                cc2420_sfd_start_time
                0x00001aac                cc2420_last_correlation
                0x00001aae                cc2420_authority_level_of_sender
                0x00001ab0                cc2420_sfd_counter
                0x00001ab2                cc2420_sfd_end_time
 COMMON         0x00001ab4        0x8 build/z1/contiki-ng-z1.a(node-id-z1.o)
                0x00001ab4                node_mac
                0x00001abc                . = ALIGN (0x2)
                0x00001abc                __bss_end = .
                0x000008ea                __bss_size = SIZEOF (.bss)

.noinit         0x00001abc        0x2 load address 0x000079ce
                0x00001abc                . = ALIGN (0x2)
                0x00001abc                __noinit_start = .
 *(.noinit .noinit.*)
 .noinit.crt0   0x00001abc        0x2 /usr/local/bin/../lib/gcc/msp430/4.7.2/mcpu-430x/mmpy-16/msr20/mc20/libcrt0.a(__watchdog_support.o)
                0x00001abc                __wdt_clear_value
                0x00001abe                . = ALIGN (0x2)
                0x00001abe                __noinit_end = .
                0x00001abe                . = ALIGN (0x2)
                0x00001abe                _end = .

.infomem        0x00001000        0x0
                0x00001000                . = ALIGN (0x2)
 *(.infomem .infomem.*)

.infomemnobits  0x00001000        0x0
                0x00001000                . = ALIGN (0x2)
 *(.infomemnobits .infomemnobits.*)

.infoa          0x000010c0        0x0
                0x000010c0                . = ALIGN (0x2)
 *(.infoa .infoa.*)

.infob          0x00001080        0x0
                0x00001080                . = ALIGN (0x2)
 *(.infob .infob.*)

.infoc          0x00001040        0x0
                0x00001040                . = ALIGN (0x2)
 *(.infoc .infoc.*)

.infod          0x00001000        0x0
                0x00001000                . = ALIGN (0x2)
 *(.infod .infod.*)
                0x0000ffff                PROVIDE (__vte_0, 0xffff)
                0x0000ffff                PROVIDE (__vte_1, 0xffff)
                0x0000ffff                PROVIDE (__vte_2, 0xffff)
                0x0000ffff                PROVIDE (__vte_3, 0xffff)
                0x0000ffff                PROVIDE (__vte_4, 0xffff)
                0x0000ffff                PROVIDE (__vte_5, 0xffff)
                0x0000ffff                PROVIDE (__vte_6, 0xffff)
                0x0000ffff                PROVIDE (__vte_7, 0xffff)
                0x0000ffff                PROVIDE (__vte_8, 0xffff)
                0x0000ffff                PROVIDE (__vte_9, 0xffff)
                0x0000ffff                PROVIDE (__vte_10, 0xffff)
                0x0000ffff                PROVIDE (__vte_11, 0xffff)
                0x0000ffff                PROVIDE (__vte_12, 0xffff)
                0x0000ffff                PROVIDE (__vte_13, 0xffff)
                0x0000ffff                PROVIDE (__vte_14, 0xffff)
                0x0000ffff                PROVIDE (__vte_15, 0xffff)
                0x0000ffff                PROVIDE (__vte_16, 0xffff)
                0x0000ffff                PROVIDE (__vte_17, 0xffff)
                0x0000ffff                PROVIDE (__vte_18, 0xffff)
                0x0000ffff                PROVIDE (__vte_19, 0xffff)
                0x0000ffff                PROVIDE (__vte_20, 0xffff)
                0x0000ffff                PROVIDE (__vte_21, 0xffff)
                0x0000ffff                PROVIDE (__vte_22, 0xffff)
                0x0000ffff                PROVIDE (__vte_23, 0xffff)
                0x0000ffff                PROVIDE (__vte_24, 0xffff)
                0x0000ffff                PROVIDE (__vte_25, 0xffff)
                0x0000ffff                PROVIDE (__vte_26, 0xffff)
                0x0000ffff                PROVIDE (__vte_27, 0xffff)
                0x0000ffff                PROVIDE (__vte_28, 0xffff)
                0x0000ffff                PROVIDE (__vte_29, 0xffff)
                0x0000ffff                PROVIDE (__vte_30, 0xffff)
                0x0000ffff                PROVIDE (__vte_31, 0xffff)

.vectors        0x0000ffc0       0x40
                0x0000ffc0                __vectors_start = .
 *(.vectors*)
 .vectors       0x0000ffc0       0x40 /usr/local/bin/../lib/gcc/msp430/4.7.2/mcpu-430x/mmpy-16/msr20/mc20/crt0ivtbl32.o
                0x0000ffc0                __ivtbl_32
                0x00010000                _vectors_end = .

.fartext        0x00010000        0x0
                0x00010000                . = ALIGN (0x2)
 *(.fartext .fartext.*)

.far.text       0x00010000        0x0
                0x00010000                . = ALIGN (0x2)
 *(.far.text .far.text.*)

.far.rodata     0x00010000        0x0
                0x00010000                . = ALIGN (0x2)
 *(.far.rodata .far.rodata.*)
                0x00010000                . = ALIGN (0x2)
                0x00010000                _efartext = .

.far.data       0x00000000        0x0 load address 0x00010000
                0x00000000                . = ALIGN (0x2)
                0x00000000                __far_data_start = .
 *(.far.data .far.data.*)
                0x00000000                . = ALIGN (0x2)
                0x00000000                _efardata = .
                0x00010000                __far_data_load_start = LOADADDR (.far.data)
                0x00000000                __far_data_size = SIZEOF (.far.data)

.far.bss        0x00000000        0x0 load address 0x00010000
                0x00000000                . = ALIGN (0x2)
                0x00000000                __far_bss_start = .
 *(.far.bss .far.bss.*)
                0x00000000                . = ALIGN (0x2)
                0x00000000                __far_bss_end = .
                0x00000000                __far_bss_size = SIZEOF (.far.bss)
                0x00000000                . = ALIGN (0x2)
                0x00000000                _far_end = .

.profiler
 *(.profiler)

.stab           0x00000000    0x16bb4
 *(.stab)
 .stab          0x00000000      0xedc client2.o
 .stab          0x00000edc     0x1638 build/z1/obj/contiki-main.o
                               0x19b0 (size before relaxing)
 .stab          0x00002514      0x468 build/z1/contiki-ng-z1.a(leds.o)
                                0x840 (size before relaxing)
 .stab          0x0000297c      0x66c build/z1/contiki-ng-z1.a(sensors.o)
                                0xb88 (size before relaxing)
 .stab          0x00002fe8      0x444 build/z1/contiki-ng-z1.a(button-sensor.o)
                                0x780 (size before relaxing)
 .stab          0x0000342c      0x228 build/z1/contiki-ng-z1.a(uart0-putchar.o)
                                0x714 (size before relaxing)
 .stab          0x00003654      0x390 build/z1/contiki-ng-z1.a(z1-sensors.o)
                                0x75c (size before relaxing)
 .stab          0x000039e4      0xd8c build/z1/contiki-ng-z1.a(adxl345.o)
                               0x1344 (size before relaxing)
 .stab          0x00004770      0x7f8 build/z1/contiki-ng-z1.a(tmp102.o)
                                0xd38 (size before relaxing)
 .stab          0x00004f68      0x7d4 build/z1/contiki-ng-z1.a(platform.o)
                                0xf90 (size before relaxing)
 .stab          0x0000573c      0x558 build/z1/contiki-ng-z1.a(msp430.o)
                                0x894 (size before relaxing)
 .stab          0x00005c94      0x900 build/z1/contiki-ng-z1.a(clock.o)
                                0xc60 (size before relaxing)
 .stab          0x00006594      0x384 build/z1/contiki-ng-z1.a(leds-arch.o)
                                0x75c (size before relaxing)
 .stab          0x00006918      0x3b4 build/z1/contiki-ng-z1.a(watchdog.o)
                                0x6f0 (size before relaxing)
 .stab          0x00006ccc      0x2ac build/z1/contiki-ng-z1.a(autostart.o)
                                0x5e8 (size before relaxing)
 .stab          0x00006f78      0x804 build/z1/contiki-ng-z1.a(ctimer.o)
                                0xb58 (size before relaxing)
 .stab          0x0000777c      0x270 build/z1/contiki-ng-z1.a(energest.o)
                                0x5d0 (size before relaxing)
 .stab          0x000079ec      0xa98 build/z1/contiki-ng-z1.a(etimer.o)
                                0xdd4 (size before relaxing)
 .stab          0x00008484      0x6f0 build/z1/contiki-ng-z1.a(log.o)
                                0xea0 (size before relaxing)
 .stab          0x00008b74      0x348 build/z1/contiki-ng-z1.a(rtimer.o)
                                0x684 (size before relaxing)
 .stab          0x00008ebc      0x264 build/z1/contiki-ng-z1.a(node-id.o)
                                0x9d8 (size before relaxing)
 .stab          0x00009120      0xbb8 build/z1/contiki-ng-z1.a(process.o)
                               0x10e0 (size before relaxing)
 .stab          0x00009cd8      0x3b4 build/z1/contiki-ng-z1.a(timer.o)
                                0x6f0 (size before relaxing)
 .stab          0x0000a08c      0x5d0 build/z1/contiki-ng-z1.a(stack-check.o)
                                0xb1c (size before relaxing)
 .stab          0x0000a65c      0x954 build/z1/contiki-ng-z1.a(list.o)
                                0xe58 (size before relaxing)
 .stab          0x0000afb0      0x1d4 build/z1/contiki-ng-z1.a(random.o)
                                0x534 (size before relaxing)
 .stab          0x0000b184      0x96c build/z1/contiki-ng-z1.a(queuebuf.o)
                               0x1770 (size before relaxing)
 .stab          0x0000baf0      0xc48 build/z1/contiki-ng-z1.a(packetbuf.o)
                               0x1a58 (size before relaxing)
 .stab          0x0000c738      0x4a4 build/z1/contiki-ng-z1.a(netstack.o)
                                0x8d0 (size before relaxing)
 .stab          0x0000cbdc      0x30c build/z1/contiki-ng-z1.a(linkaddr.o)
                                0x810 (size before relaxing)
 .stab          0x0000cee8      0x924 build/z1/contiki-ng-z1.a(csma.o)
                                0xf00 (size before relaxing)
 .stab          0x0000d80c      0xc30 build/z1/contiki-ng-z1.a(csma-output.o)
                               0x15a8 (size before relaxing)
 .stab          0x0000e43c      0x75c build/z1/contiki-ng-z1.a(nullnet.o)
                                0xdbc (size before relaxing)
 .stab          0x0000eb98      0x888 build/z1/contiki-ng-z1.a(nullrouting.o)
                               0x1350 (size before relaxing)
 .stab          0x0000f420      0x204 build/z1/contiki-ng-z1.a(contiki-z1-plat)
                                0x564 (size before relaxing)
 .stab          0x0000f624      0x954 build/z1/contiki-ng-z1.a(xmem.o)
                                0xe7c (size before relaxing)
 .stab          0x0000ff78      0x834 build/z1/contiki-ng-z1.a(i2cmaster.o)
                                0xb70 (size before relaxing)
 .stab          0x000107ac      0x264 build/z1/contiki-ng-z1.a(spi-legacy.o)
                                0x5a0 (size before relaxing)
 .stab          0x00010a10     0x27b4 build/z1/contiki-ng-z1.a(cc2420.o)
                               0x2fd0 (size before relaxing)
 .stab          0x000131c4      0x3d8 build/z1/contiki-ng-z1.a(cc2420-arch.o)
                               0x1194 (size before relaxing)
 .stab          0x0001359c      0x354 build/z1/contiki-ng-z1.a(node-id-z1.o)
                                0x840 (size before relaxing)
 .stab          0x000138f0      0x4bc build/z1/contiki-ng-z1.a(uart0.o)
                                0x9d8 (size before relaxing)
 .stab          0x00013dac      0x378 build/z1/contiki-ng-z1.a(rtimer-arch.o)
                                0x6b4 (size before relaxing)
 .stab          0x00014124      0x5ac build/z1/contiki-ng-z1.a(memb.o)
                                0xac8 (size before relaxing)
 .stab          0x000146d0      0x588 build/z1/contiki-ng-z1.a(mac-sequence.o)
                               0x1398 (size before relaxing)
 .stab          0x00014c58      0x294 build/z1/contiki-ng-z1.a(mac.o)
                                0x87c (size before relaxing)
 .stab          0x00014eec      0x7a4 build/z1/contiki-ng-z1.a(framer-802154.o)
                               0x1008 (size before relaxing)
 .stab          0x00015690     0x1188 build/z1/contiki-ng-z1.a(frame802154.o)
                               0x1944 (size before relaxing)
 .stab          0x00016818      0x39c build/z1/contiki-ng-z1.a(csma-security.o)
                                0xcfc (size before relaxing)

.stabstr        0x00000000    0x13061
 *(.stabstr)
 .stabstr       0x00000000    0x13061 client2.o

.stab.excl
 *(.stab.excl)

.stab.exclstr
 *(.stab.exclstr)

.stab.index
 *(.stab.index)

.stab.indexstr
 *(.stab.indexstr)

.comment        0x00000000       0x30
 *(.comment)
 .comment       0x00000000       0x30 client2.o
                                 0x31 (size before relaxing)
 .comment       0x00000000       0x31 build/z1/obj/contiki-main.o
 .comment       0x00000000       0x31 build/z1/contiki-ng-z1.a(leds.o)
 .comment       0x00000000       0x31 build/z1/contiki-ng-z1.a(sensors.o)
 .comment       0x00000000       0x31 build/z1/contiki-ng-z1.a(button-sensor.o)
 .comment       0x00000000       0x31 build/z1/contiki-ng-z1.a(uart0-putchar.o)
 .comment       0x00000000       0x31 build/z1/contiki-ng-z1.a(z1-sensors.o)
 .comment       0x00000000       0x31 build/z1/contiki-ng-z1.a(adxl345.o)
 .comment       0x00000000       0x31 build/z1/contiki-ng-z1.a(tmp102.o)
 .comment       0x00000000       0x31 build/z1/contiki-ng-z1.a(platform.o)
 .comment       0x00000000       0x31 build/z1/contiki-ng-z1.a(msp430.o)
 .comment       0x00000000       0x31 build/z1/contiki-ng-z1.a(clock.o)
 .comment       0x00000000       0x31 build/z1/contiki-ng-z1.a(leds-arch.o)
 .comment       0x00000000       0x31 build/z1/contiki-ng-z1.a(watchdog.o)
 .comment       0x00000000       0x31 build/z1/contiki-ng-z1.a(autostart.o)
 .comment       0x00000000       0x31 build/z1/contiki-ng-z1.a(ctimer.o)
 .comment       0x00000000       0x31 build/z1/contiki-ng-z1.a(energest.o)
 .comment       0x00000000       0x31 build/z1/contiki-ng-z1.a(etimer.o)
 .comment       0x00000000       0x31 build/z1/contiki-ng-z1.a(log.o)
 .comment       0x00000000       0x31 build/z1/contiki-ng-z1.a(rtimer.o)
 .comment       0x00000000       0x31 build/z1/contiki-ng-z1.a(node-id.o)
 .comment       0x00000000       0x31 build/z1/contiki-ng-z1.a(process.o)
 .comment       0x00000000       0x31 build/z1/contiki-ng-z1.a(timer.o)
 .comment       0x00000000       0x31 build/z1/contiki-ng-z1.a(stack-check.o)
 .comment       0x00000000       0x31 build/z1/contiki-ng-z1.a(list.o)
 .comment       0x00000000       0x31 build/z1/contiki-ng-z1.a(random.o)
 .comment       0x00000000       0x31 build/z1/contiki-ng-z1.a(queuebuf.o)
 .comment       0x00000000       0x31 build/z1/contiki-ng-z1.a(packetbuf.o)
 .comment       0x00000000       0x31 build/z1/contiki-ng-z1.a(netstack.o)
 .comment       0x00000000       0x31 build/z1/contiki-ng-z1.a(linkaddr.o)
 .comment       0x00000000       0x31 build/z1/contiki-ng-z1.a(csma.o)
 .comment       0x00000000       0x31 build/z1/contiki-ng-z1.a(csma-output.o)
 .comment       0x00000000       0x31 build/z1/contiki-ng-z1.a(nullnet.o)
 .comment       0x00000000       0x31 build/z1/contiki-ng-z1.a(nullrouting.o)
 .comment       0x00000000       0x31 build/z1/contiki-ng-z1.a(contiki-z1-plat)
 .comment       0x00000000       0x31 build/z1/contiki-ng-z1.a(xmem.o)
 .comment       0x00000000       0x31 build/z1/contiki-ng-z1.a(i2cmaster.o)
 .comment       0x00000000       0x31 build/z1/contiki-ng-z1.a(spi-legacy.o)
 .comment       0x00000000       0x31 build/z1/contiki-ng-z1.a(cc2420.o)
 .comment       0x00000000       0x31 build/z1/contiki-ng-z1.a(cc2420-arch.o)
 .comment       0x00000000       0x31 build/z1/contiki-ng-z1.a(node-id-z1.o)
 .comment       0x00000000       0x31 build/z1/contiki-ng-z1.a(uart0.o)
 .comment       0x00000000       0x31 build/z1/contiki-ng-z1.a(rtimer-arch.o)
 .comment       0x00000000       0x31 build/z1/contiki-ng-z1.a(memb.o)
 .comment       0x00000000       0x31 build/z1/contiki-ng-z1.a(mac-sequence.o)
 .comment       0x00000000       0x31 build/z1/contiki-ng-z1.a(mac.o)
 .comment       0x00000000       0x31 build/z1/contiki-ng-z1.a(framer-802154.o)
 .comment       0x00000000       0x31 build/z1/contiki-ng-z1.a(frame802154.o)
 .comment       0x00000000       0x31 build/z1/contiki-ng-z1.a(csma-security.o)
 .comment       0x00000000       0x31 /usr/local/bin/../lib/gcc/msp430/4.7.2/../../../../msp430/lib/mcpu-430x/mmpy-16/msr20/mc20/libc.a(printf.o)
 .comment       0x00000000       0x31 /usr/local/bin/../lib/gcc/msp430/4.7.2/../../../../msp430/lib/mcpu-430x/mmpy-16/msr20/mc20/libc.a(vuprintf.o)
 .comment       0x00000000       0x31 /usr/local/bin/../lib/gcc/msp430/4.7.2/../../../../msp430/lib/mcpu-430x/mmpy-16/msr20/mc20/libc.a(puts.o)
 .comment       0x00000000       0x31 /usr/local/bin/../lib/gcc/msp430/4.7.2/../../../../msp430/lib/mcpu-430x/mmpy-16/msr20/mc20/libc.a(rand.o)
 .comment       0x00000000       0x31 /usr/local/bin/../lib/gcc/msp430/4.7.2/../../../../msp430/lib/mcpu-430x/mmpy-16/msr20/mc20/libc.a(memcmp.o)
 .comment       0x00000000       0x31 /usr/local/bin/../lib/gcc/msp430/4.7.2/../../../../msp430/lib/mcpu-430x/mmpy-16/msr20/mc20/libc.a(strcpy.o)
 .comment       0x00000000       0x31 /usr/local/bin/../lib/gcc/msp430/4.7.2/../../../../msp430/lib/mcpu-430x/mmpy-16/msr20/mc20/libc.a(memcpy.o)
 .comment       0x00000000       0x31 /usr/local/bin/../lib/gcc/msp430/4.7.2/../../../../msp430/lib/mcpu-430x/mmpy-16/msr20/mc20/libc.a(memset.o)

.debug
 *(.debug)

.line
 *(.line)

.debug_srcinfo
 *(.debug_srcinfo)

.debug_sfnames
 *(.debug_sfnames)

.debug_aranges  0x00000000      0x280
 *(.debug_aranges)
 .debug_aranges
                0x00000000       0x20 /usr/local/bin/../lib/gcc/msp430/4.7.2/mcpu-430x/mmpy-16/msr20/mc20/crt0ivtbl32.o
 .debug_aranges
                0x00000020       0x20 /usr/local/bin/../lib/gcc/msp430/4.7.2/mcpu-430x/mmpy-16/msr20/mc20/libgcc.a(_udivmod32.o)
 .debug_aranges
                0x00000040       0x20 /usr/local/bin/../lib/gcc/msp430/4.7.2/mcpu-430x/mmpy-16/msr20/mc20/libgcc.a(_udivmod16.o)
 .debug_aranges
                0x00000060       0x28 /usr/local/bin/../lib/gcc/msp430/4.7.2/../../../../msp430/lib/mcpu-430x/mmpy-16/msr20/mc20/libc.a(printf.o)
 .debug_aranges
                0x00000088       0x28 /usr/local/bin/../lib/gcc/msp430/4.7.2/../../../../msp430/lib/mcpu-430x/mmpy-16/msr20/mc20/libc.a(vuprintf.o)
 .debug_aranges
                0x000000b0       0x20 /usr/local/bin/../lib/gcc/msp430/4.7.2/../../../../msp430/lib/mcpu-430x/mmpy-16/msr20/mc20/libc.a(puts.o)
 .debug_aranges
                0x000000d0       0x30 /usr/local/bin/../lib/gcc/msp430/4.7.2/../../../../msp430/lib/mcpu-430x/mmpy-16/msr20/mc20/libc.a(rand.o)
 .debug_aranges
                0x00000100       0x20 /usr/local/bin/../lib/gcc/msp430/4.7.2/../../../../msp430/lib/mcpu-430x/mmpy-16/msr20/mc20/libc.a(memcmp.o)
 .debug_aranges
                0x00000120       0x20 /usr/local/bin/../lib/gcc/msp430/4.7.2/../../../../msp430/lib/mcpu-430x/mmpy-16/msr20/mc20/libc.a(strcpy.o)
 .debug_aranges
                0x00000140       0x20 /usr/local/bin/../lib/gcc/msp430/4.7.2/../../../../msp430/lib/mcpu-430x/mmpy-16/msr20/mc20/libc.a(memcpy.o)
 .debug_aranges
                0x00000160       0x20 /usr/local/bin/../lib/gcc/msp430/4.7.2/../../../../msp430/lib/mcpu-430x/mmpy-16/msr20/mc20/libc.a(memset.o)
 .debug_aranges
                0x00000180       0x20 /usr/local/bin/../lib/gcc/msp430/4.7.2/mcpu-430x/mmpy-16/msr20/mc20/libgcc.a(_mulsi3.o)
 .debug_aranges
                0x000001a0       0x20 /usr/local/bin/../lib/gcc/msp430/4.7.2/mcpu-430x/mmpy-16/msr20/mc20/libgcc.a(_udivmod64.o)
 .debug_aranges
                0x000001c0       0x20 /usr/local/bin/../lib/gcc/msp430/4.7.2/mcpu-430x/mmpy-16/msr20/mc20/libcrt0.a(__watchdog_support.o)
 .debug_aranges
                0x000001e0       0x20 /usr/local/bin/../lib/gcc/msp430/4.7.2/mcpu-430x/mmpy-16/msr20/mc20/libcrt0.a(__init_stack.o)
 .debug_aranges
                0x00000200       0x20 /usr/local/bin/../lib/gcc/msp430/4.7.2/mcpu-430x/mmpy-16/msr20/mc20/libcrt0.a(_copy_data.o)
 .debug_aranges